******************************************************************************
               TMS320C6x Linker Unix v8.3.3                    
******************************************************************************
>> Linked Mon Feb  5 18:09:53 2024

OUTPUT FILE NAME:   <xwr68xx_mmw_demo_dss.xe674>
ENTRY POINT SYMBOL: "_c_int00"  address: 007fb140


MEMORY CONFIGURATION

         name            origin    length      used     unused   attr    fill
----------------------  --------  ---------  --------  --------  ----  --------
PAGE 0:
  L2SRAM_UMAP1          007e0000   00020000  0001ff40  000000c0  RWIX
  L2SRAM_UMAP0          00800000   00020000  0001b922  000046de  RWIX
  L1PSRAM               00e00000   00004000  00000000  00004000  RWIX
  L1DSRAM               00f00000   00004000  00004000  00000000  RWIX
  L3SRAM                20000000   000c0000  000c0000  00000000  RWIX
  HWA_RAM               21030000   00010000  00000000  00010000  RWIX
  HSRAM                 21080000   00008000  00008000  00000000  RWIX

PAGE 1:
  L3SRAM                20000000   000c0000  00000000  000c0000  RWIX


SEGMENT ALLOCATION MAP

run origin  load origin   length   init length attrs members
----------  ----------- ---------- ----------- ----- -------
007e0000    007e0000    0001ff40   0001ff40    r-x
  007e0000    007e0000    00000200   00000200    r-x .vecs
  007e0200    007e0200    0001fd40   0001fd40    r-x .text
00800000    00800000    00017288   00000000    rw-
  00800000    00800000    0000c400   00000000    rw- .dpc_l2Heap
  0080c400    0080c400    00008000   00000000    rw- systemHeap
  00814400    00814400    00002564   00000000    rw- .far
  00816968    00816968    00000800   00000000    rw- .stack
  00817168    00817168    00000120   00000000    rw- .cio
00817288    00817288    00003712   00003712    r--
  00817288    00817288    00003712   00003712    r-- .const
0081a9a0    0081a9a0    00000ea4   00000ea4    rw-
  0081a9a0    0081a9a0    00000ea4   00000ea4    rw- .fardata
0081b844    0081b844    000000d4   000000d4    r--
  0081b844    0081b844    000000d4   000000d4    r-- .switch
0081b918    0081b918    00000004   00000000    rw-
  0081b918    0081b918    00000004   00000000    rw- .bss
0081b91c    0081b91c    00000010   00000010    rw-
  0081b91c    0081b91c    00000010   00000010    rw- .neardata
00f00000    00f00000    00004000   00000000    rw-
  00f00000    00f00000    00004000   00000000    rw- .dpc_l1Heap
20000000    20000000    000c0000   00000000    rw-
  20000000    20000000    000c0000   00000000    rw- .l3ram
21080000    21080000    00008000   00000000    rw-
  21080000    21080000    00008000   00000000    rw- .demoSharedMem


SECTION ALLOCATION MAP

 output                                  attributes/
section   page    origin      length       input sections
--------  ----  ----------  ----------   ----------------
xdc.meta   0    00000000    00000120     COPY SECTION
                  00000000    00000120     mmw_dss_pe674.oe674 (xdc.meta)

.vecs      0    007e0000    00000200     
                  007e0000    00000200     mmw_dss_pe674.oe674 (.vecs)

.text      0    007e0200    0001fd40     
                  007e0200    00000ba0     sysbios.ae674 : BIOS.obj (.text:xdc_runtime_System_doPrint__I)
                  007e0da0    00000960     libaoaproc_dsp_xwr68xx.ae674 : aoaprocdsp.oe674 (.text:AoAProcDSP_processMultipleVirtualAntennas)
                  007e1700    000007e0     objectdetection.oe674 (.text:DPC_ObjectDetection_ioctl)
                  007e1ee0    00000780     sysbios.ae674 : BIOS.obj (.text:ti_sysbios_family_c64p_Exception_handler__I)
                  007e2660    00000740     objectdetection.oe674 (.text:DPC_ObjDetDSP_rangeBiasRxChPhaseMeasure)
                  007e2da0    000006a0     libmmwavealg_xwr68xx.ae674 : mmwavelib_cfarca_sogo.oe674 (.text:mmwavelib_cfarCadB_SOGO_wNoise)
                  007e3440    000006a0     sysbios.ae674 : BIOS.obj (.text:ti_sysbios_knl_Semaphore_pend__E)
                  007e3ae0    00000680                   : BIOS.obj (.text:ti_sysbios_heaps_HeapMem_allocUnprotected__E)
                  007e4160    00000660                   : BIOS.obj (.text:ti_sysbios_heaps_HeapMem_freeUnprotected__E)
                  007e47c0    00000600     rts6740_elf.lib : divd.c.obj (.text:__c6xabi_divd)
                  007e4dc0    000005c0     libdopplerproc_dsp_xwr68xx.ae674 : dopplerprocdsp.oe674 (.text:DPU_DopplerProcDSP_process)
                  007e5380    00000580     libmmwavealg_xwr68xx.ae674 : mmwavelib_peakpruning.oe674 (.text:mmwavelib_cfarPeakQualifiedInOrderPruning)
                  007e5900    00000580     sysbios.ae674 : BIOS.obj (.text:ti_sysbios_knl_Task_Instance_finalize__E)
                  007e5e80    00000560     libaoaproc_dsp_xwr68xx.ae674 : aoaprocdsp.oe674 (.text:DPU_AoAProcDSP_config)
                  007e63e0    000004e0     objectdetection.oe674 (.text:DPC_ObjDetDSP_AoAconfig)
                  007e68c0    000004e0     objectdetection.oe674 (.text:DPC_ObjDetDSP_preStartConfig)
                  007e6da0    000004e0     libmmwavealg_xwr68xx.ae674 : mmwavelib_windowcoef_gen.oe674 (.text:mmwavelib_windowCoef_gen)
                  007e7280    000004a0     libdopplerproc_dsp_xwr68xx.ae674 : dopplerprocdsp.oe674 (.text:DPU_DopplerProcDSP_config)
                  007e7720    00000480     dss_main.oe674 (.text:MmwDemo_DPC_ObjectDetection_dpmTask)
                  007e7ba0    00000460     libmmwavealg_xwr68xx.ae674 : mmwavelib_cfarca.oe674 (.text:mmwavelib_cfarCadBwrap_wNoise)
                  007e8000    00000440     libcfarcaproc_dsp_xwr68xx.ae674 : cfarcaprocdsp.oe674 (.text:CFARCADSP_processRangeDomain)
                  007e8440    00000440     sysbios.ae674 : BIOS.obj (.text:ti_sysbios_knl_Task_Instance_init__E)
                  007e8880    00000420     libmailbox_xwr68xx.ae674 : mailbox.oe674 (.text:Mailbox_open)
                  007e8ca0    000003e0     libaoaproc_dsp_xwr68xx.ae674 : aoaprocdsp.oe674 (.text:AoAProcDSP_RangeAzimuthHeatmap)
                  007e9080    000003e0     libmmwavealg_xwr68xx.ae674 : mmwavelib_peakpruning.oe674 (.text:mmwavelib_cfarPeakPruning)
                  007e9460    000003e0     sysbios.ae674 : BIOS.obj (.text:ti_sysbios_knl_Task_sleep__E)
                  007e9840    000003e0                   : BIOS.obj (.text:ti_sysbios_utils_Load_updateThreadContexts__E)
                  007e9c20    000003a0     libcfarcaproc_dsp_xwr68xx.ae674 : cfarcaprocdsp.oe674 (.text:DPU_CFARCAProcDSP_process)
                  007e9fc0    000003a0     libedma_xwr68xx.ae674 : edma.oe674 (.text:EDMA_paramConfig_assist)
                  007ea360    00000380     dsplib.ae64P : DSP_fft32x32_sa.oe64P (.text:psa)
                  007ea6e0    00000360     libdpm_xwr68xx.ae674 : dpm_core.oe674 (.text:DPM_init)
                  007eaa40    00000360                          : dpm_msg.oe674 (.text:DPM_msgRecv)
                  007eada0    00000340     libcfarcaproc_dsp_xwr68xx.ae674 : cfarcaprocdsp.oe674 (.text:CFARCADSP_processDopplerDomain)
                  007eb0e0    00000320     libedma_xwr68xx.ae674 : edma.oe674 (.text:EDMA_configChannel)
                  007eb400    00000300     sysbios.ae674 : BIOS.obj (.text:xdc_runtime_LoggerBuf_write8__E)
                  007eb700    000002e0     rts6740_elf.lib : sin.c.obj (.text:sin)
                  007eb9e0    000002e0     sysbios.ae674 : BIOS.obj (.text:ti_sysbios_heaps_HeapMem_Instance_init__E)
                  007ebcc0    000002e0                   : BIOS.obj (.text:xdc_runtime_Core_createObject__I)
                  007ebfa0    000002c0     libaoaproc_dsp_xwr68xx.ae674 : aoaprocdsp.oe674 (.text:AoAProcDSP_XYZestimation)
                  007ec260    000002c0                                  : aoaprocdsp.oe674 (.text:AoAProcDSP_dopplerCompensation)
                  007ec520    000002c0     objectdetection.oe674 (.text:DPC_ObjDetDSP_dopplerConfig)
                  007ec7e0    000002c0     libedma_xwr68xx.ae674 : edma.oe674 (.text:EDMA_configErrorMonitoring)
                  007ecaa0    000002c0                           : edma.oe674 (.text:EDMA_open)
                  007ecd60    000002c0     sysbios.ae674 : BIOS.obj (.text:ti_sysbios_knl_Task_postInit__I)
                  007ed020    000002c0                   : BIOS.obj (.text:ti_sysbios_timers_rti_Timer_Module_startup__E)
                  007ed2e0    000002a0     libaoaproc_dsp_xwr68xx.ae674 : aoaprocdsp.oe674 (.text:DPU_AoAProcDSP_control)
                  007ed580    000002a0     rts6740_elf.lib : divf.c.obj (.text:__c6xabi_divf)
                  007ed820    000002a0     sysbios.ae674 : BIOS.obj (.text:ti_sysbios_family_c64p_EventCombiner_dispatch__E)
                  007edac0    000002a0                   : BIOS.obj (.text:ti_sysbios_timers_rti_Timer_getFreq__E)
                  007edd60    00000280     objectdetection.oe674 (.text:DPC_ObjectDetection_execute)
                  007edfe0    00000280     libcfarcaproc_dsp_xwr68xx.ae674 : cfarcaprocdsp.oe674 (.text:DPU_CFARCAProcDSP_config)
                  007ee260    00000280     sysbios.ae674 : BIOS.obj (.text:ti_sysbios_family_c64p_Cache_Module_startup__E)
                  007ee4e0    00000280                   : BIOS.obj (.text:xdc_runtime_Startup_startMods__I)
                  007ee760    00000260     dss_main.oe674 (.text:MmwDemo_dssInitTask)
                  007ee9c0    00000260     rts6740_elf.lib : imath64.c.obj (.text:__c6xabi_divull)
                  007eec20    00000260     sysbios.ae674 : BIOS.obj (.text:ti_sysbios_gates_GateMutex_enter__E)
                  007eee80    00000240     libcfarcaproc_dsp_xwr68xx.ae674 : cfarcaprocdsp.oe674 (.text:DPU_CFARCAProcDSP_control)
                  007ef0c0    00000240     libedma_xwr68xx.ae674 : edma.oe674 (.text:EDMA_transferComplete_isr)
                  007ef300    00000240     sysbios.ae674 : BIOS.obj (.text:ti_sysbios_family_c64p_Exception_internalHandler__I)
                  007ef540    00000240                   : BIOS.obj (.text:xdc_runtime_Error_policyDefault__E)
                  007ef780    00000240     mmw_dss_pe674.oe674 (.text:xdc_runtime_System_printfExtend__I)
                  007ef9c0    00000220     objectdetection.oe674 (.text:DPC_ObjDetDSP_CFARCAconfig)
                  007efbe0    00000220     libaoaproc_dsp_xwr68xx.ae674 : aoaprocdsp.oe674 (.text:DPU_AoAProcDSP_process)
                  007efe00    00000220     libmailbox_xwr68xx.ae674 : mailbox.oe674 (.text:Mailbox_write)
                  007f0020    00000220     sysbios.ae674 : BIOS.obj (.text:ti_sysbios_family_c64p_EventCombiner_dispatchPlug__E)
                  007f0240    00000220                   : BIOS.obj (.text:ti_sysbios_family_c64p_EventCombiner_enableEvent__E)
                  007f0460    00000220                   : BIOS.obj (.text:xdc_runtime_LoggerBuf_write4__E)
                  007f0680    00000200     libdpm_xwr68xx.ae674 : dpm_msg.oe674 (.text:DPM_msgResultHandler)
                  007f0880    00000200     sysbios.ae674 : c64p_Hwi_disp_always.obj (.text:_ti_sysbios_family_c64p_Hwi_dispatchAlways)
                  007f0a80    00000200     rts6740_elf.lib : atan.c.obj (.text:atan)
                  007f0c80    00000200     libmmwavealg_xwr68xx.ae674 : mmwavelib_log2abs.oe674 (.text:mmwavelib_log2Abs32)
                  007f0e80    00000200     sysbios.ae674 : BIOS.obj (.text:ti_sysbios_family_c64p_EventCombiner_disableEvent__E)
                  007f1080    00000200                   : BIOS.obj (.text:ti_sysbios_utils_Load_idleFxn__E)
                  007f1280    00000200                   : BIOS.obj (.text:xdc_runtime_Core_constructObject__I)
                  007f1480    000001e0     objectdetection.oe674 (.text:DPC_ObjectDetection_init)
                  007f1660    000001e0     libedma_xwr68xx.ae674 : edma.oe674 (.text:EDMA_init)
                  007f1840    000001e0     libmmwavealg_xwr68xx.ae674 : mmwavelib_ffttwiddle_gen.oe674 (.text:mmwavelib_gen_twiddle_smallfft_32x32)
                  007f1a20    000001e0     sysbios.ae674 : BIOS.obj (.text:ti_sysbios_knl_Semaphore_post__E)
                  007f1c00    000001c0     libdpedma_hwa_xwr68xx.ae674 : dpedma.oe674 (.text:DPEDMA_configSyncAB)
                  007f1dc0    000001c0                                 : dpedma.oe674 (.text:DPEDMA_configSyncA_singleFrame)
                  007f1f80    000001c0     libmailbox_xwr68xx.ae674 : mailbox.oe674 (.text:Mailbox_read)
                  007f2140    000001c0     libsoc_xwr68xx.ae674 : soc.oe674 (.text:SOC_deregisterSysIntListener)
                  007f2300    000001c0     rts6740_elf.lib : atan2.c.obj (.text:atan2)
                  007f24c0    000001c0                     : fputc.c.obj (.text:fputc)
                  007f2680    000001c0                     : frexp.c.obj (.text:frexp)
                  007f2840    000001c0     libmmwavealg_xwr68xx.ae674 : mmwavelib_secondpeak.oe674 (.text:mmwavelib_secondPeakSearch)
                  007f2a00    000001c0     rts6740_elf.lib : setvbuf.c.obj (.text:setvbuf)
                  007f2bc0    000001c0     sysbios.ae674 : BIOS.obj (.text:ti_sysbios_knl_Swi_restoreHwi__E)
                  007f2d80    000001c0                   : BIOS.obj (.text:ti_sysbios_knl_Task_checkStacks__E)
                  007f2f40    000001c0                   : BIOS.obj (.text:xdc_runtime_Text_putSite__E)
                  007f3100    000001a0     rts6740_elf.lib : hostrename.c.obj (.text:HOSTrename)
                  007f32a0    000001a0     sysbios.ae674 : BIOS.obj (.text:ti_sysbios_family_c64p_Cache_getL2InitSize__I)
                  007f3440    000001a0                   : BIOS.obj (.text:ti_sysbios_heaps_HeapBuf_Module_startup__E)
                  007f35e0    000001a0                   : BIOS.obj (.text:ti_sysbios_knl_Swi_runLoop__I)
                  007f3780    000001a0                   : BIOS.obj (.text:ti_sysbios_knl_Task_exit__E)
                  007f3920    000001a0                   : BIOS.obj (.text:ti_sysbios_timers_rti_Timer_startup__E)
                  007f3ac0    00000180     libdpm_xwr68xx.ae674 : dpm_core.oe674 (.text:DPM_deinit)
                  007f3c40    00000180                          : dpm_core.oe674 (.text:DPM_ioctl)
                  007f3dc0    00000180     dss_main.oe674 (.text:MmwDemo_sensorStopEpilog)
                  007f3f40    00000180     sysbios.ae674 : c64p_Exception_asm.obj (.text)
                  007f40c0    00000180                   : BIOS.obj (.text:ti_sysbios_knl_Task_schedule__I)
                  007f4240    00000180                   : BIOS.obj (.text:ti_sysbios_utils_Load_startup__E)
                  007f43c0    00000160     libdpm_xwr68xx.ae674 : dpm_msg.oe674 (.text:DPM_msgResponseHandler)
                  007f4520    00000160     libedma_xwr68xx.ae674 : edma.oe674 (.text:EDMA_getErrorStatusInfo)
                  007f4680    00000160     libmailbox_xwr68xx.ae674 : mailbox.oe674 (.text:Mailbox_close)
                  007f47e0    00000160     dss_main.oe674 (.text:MmwDemo_DPC_ObjectDetection_reportFxn)
                  007f4940    00000160     libsoc_xwr68xx.ae674 : soc.oe674 (.text:SOC_registerSysIntListener)
                  007f4aa0    00000160                          : soc_xwr68xx.oe674 (.text:SOC_ungateClock)
                  007f4c00    00000160     rts6740_elf.lib : sqrt.c.obj (.text:sqrt)
                  007f4d60    00000160     sysbios.ae674 : BIOS.obj (.text:ti_sysbios_family_c64p_Cache_getL1DInitSize__I)
                  007f4ec0    00000160                   : BIOS.obj (.text:ti_sysbios_family_c64p_Cache_getL1PInitSize__I)
                  007f5020    00000160                   : BIOS.obj (.text:ti_sysbios_family_c64p_Hwi_Module_startup__E)
                  007f5180    00000160                   : BIOS.obj (.text:xdc_runtime_Core_deleteObject__I)
                  007f52e0    00000160                   : BIOS.obj (.text:xdc_runtime_LoggerBuf_getFilterLevel__E)
                  007f5440    00000160                   : BIOS.obj (.text:xdc_runtime_LoggerBuf_setFilterLevel__E)
                  007f55a0    00000140     libaoaproc_dsp_xwr68xx.ae674 : aoaprocdsp.oe674 (.text:AoAProcDSP_ConvertFov)
                  007f56e0    00000140     libedma_xwr68xx.ae674 : edma_low_level.oe674 (.text:EDMA3Init)
                  007f5820    00000140                           : edma.oe674 (.text:EDMA_clearErrors)
                  007f5960    00000140     libsoc_xwr68xx.ae674 : soc.oe674 (.text:SOC_init)
                  007f5aa0    00000140     sysbios.ae674 : BIOS.obj (.text:ti_sysbios_knl_Semaphore_Instance_init__E)
                  007f5be0    00000140                   : BIOS.obj (.text:ti_sysbios_knl_Task_Module_startup__E)
                  007f5d20    00000140                   : BIOS.obj (.text:ti_sysbios_knl_Task_startCore__E)
                  007f5e60    00000140                   : BIOS.obj (.text:ti_sysbios_timers_rti_Timer_initDevice__I)
                  007f5fa0    00000140                   : BIOS.obj (.text:ti_sysbios_utils_Load_addTask__E)
                  007f60e0    00000140                   : BIOS.obj (.text:ti_sysbios_utils_Load_updateLoads__E)
                  007f6220    00000140                   : BIOS.obj (.text:xdc_runtime_Memory_alloc__E)
                  007f6360    00000140                   : BIOS.obj (.text:xdc_runtime_Text_putLab__E)
                  007f64a0    00000140                   : BIOS.obj (.text:xdc_runtime_Text_putMod__E)
                  007f65e0    00000140                   : BIOS.obj (.text:xdc_runtime_Text_visitRope2__I)
                  007f6720    00000120     objectdetection.oe674 (.text:DPC_ObjDetDSP_GetRxChPhaseComp)
                  007f6840    00000120     libdpm_xwr68xx.ae674 : dpm_msg.oe674 (.text:DPM_msgDPCCfgHandler)
                  007f6960    00000120     libedma_xwr68xx.ae674 : edma.oe674 (.text:EDMA_configParamSet)
                  007f6a80    00000120     boot.ae674 : autoinit.oe674 (.text:_auto_init_elf)
                  007f6ba0    00000120     rts6740_elf.lib : getdevice.c.obj (.text:getdevice)
                  007f6cc0    00000120     mathlib.ae674 : cossp.oe674 (.text:optasm)
                  007f6de0    00000120                   : sinsp.oe674 (.text:optasm)
                  007f6f00    00000120     sysbios.ae674 : BIOS.obj (.text:ti_sysbios_knl_Clock_workFunc__E)
                  007f7020    00000120                   : BIOS.obj (.text:ti_sysbios_timers_rti_Timer_setPeriodMicroSecs__E)
                  007f7140    00000120                   : BIOS.obj (.text:ti_sysbios_utils_Load_taskCreateHook__E)
                  007f7260    00000120                   : BIOS.obj (.text:ti_sysbios_utils_Load_taskDeleteHook__E)
                  007f7380    00000100     libmailbox_xwr68xx.ae674 : mailbox.oe674 (.text:Mailbox_readFlush)
                  007f7480    00000100     libsoc_xwr68xx.ae674 : soc_xwr68xx_dss.oe674 (.text:SOC_deviceInit)
                  007f7580    00000100                          : soc_xwr68xx.oe674 (.text:SOC_translateAddress)
                  007f7680    00000100     rts6740_elf.lib : fclose.c.obj (.text:__TI_closefile)
                  007f7780    00000100                     : fflush.c.obj (.text:fflush)
                  007f7880    00000100                     : fseek.c.obj (.text:fseek)
                  007f7980    00000100     dss_main.oe674 (.text:main)
                  007f7a80    00000100     libmmwavealg_xwr68xx.ae674 : mmwavelib_dftsinglebin.oe674 (.text:mmwavelib_dftSinCosTabelGen)
                  007f7b80    00000100     sysbios.ae674 : BIOS.obj (.text:xdc_runtime_Error_print__E)
                  007f7c80    00000100                   : BIOS.obj (.text:xdc_runtime_Startup_exec__E)
                  007f7d80    000000e0     objectdetection.oe674 (.text:DPC_ObjDetDSP_reconfigSubFrame)
                  007f7e60    000000e0     libdpm_xwr68xx.ae674 : dpm_core.oe674 (.text:DPM_execute)
                  007f7f40    000000e0                          : dpm_pipe.oe674 (.text:DPM_pipeSend)
                  007f8020    000000e0     libedma_xwr68xx.ae674 : edma.oe674 (.text:EDMA_error_isr)
                  007f8100    000000e0                           : edma.oe674 (.text:EDMA_isTransferComplete)
                  007f81e0    000000e0     rts6740_elf.lib : hostlseek.c.obj (.text:HOSTlseek)
                  007f82c0    000000e0                     : hostopen.c.obj (.text:HOSTopen)
                  007f83a0    000000e0                     : hostwrite.c.obj (.text:HOSTwrite)
                  007f8480    000000e0     libmailbox_xwr68xx.ae674 : mailbox.oe674 (.text:Mailbox_boxFullISRMssDss)
                  007f8560    000000e0                              : mailbox.oe674 (.text:Mailbox_init)
                  007f8640    000000e0     rts6740_elf.lib : _io_perm.c.obj (.text:__TI_wrt_ok)
                  007f8720    000000e0                     : divi.asm.obj (.text:__divi)
                  007f8800    000000e0                     : close.c.obj (.text:close)
                  007f88e0    000000e0                     : exit.c.obj (.text:exit)
                  007f89c0    000000e0                     : memset.c.obj (.text:memset)
                  007f8aa0    000000e0     sysbios.ae674 : BIOS.obj (.text:ti_sysbios_utils_Load_updateCurrentThreadTime__E)
                  007f8b80    000000c0     libaoaproc_dsp_xwr68xx.ae674 : aoaprocdsp.oe674 (.text:AoAProcDSP_computeHeatMapVal)
                  007f8c40    000000c0     libcfarcaproc_dsp_xwr68xx.ae674 : cfarcaprocdsp.oe674 (.text:CFARCADSP_saveConfiguration)
                  007f8d00    000000c0     objectdetection.oe674 (.text:DPC_ObjectDetection_deinit)
                  007f8dc0    000000c0     objectdetection.oe674 (.text:DPC_ObjectDetection_frameStart)
                  007f8e80    000000c0     libdpm_xwr68xx.ae674 : dpm_mailbox.oe674 (.text:DPM_mboxRemoteMailboxCallbackFxn)
                  007f8f40    000000c0                          : dpm_core.oe674 (.text:DPM_sendResult)
                  007f9000    000000c0     libdopplerproc_dsp_xwr68xx.ae674 : dopplerprocdsp.oe674 (.text:DPU_DopplerProcDSP_log2AbsAccum)
                  007f90c0    000000c0     libosal_xwr68xx.ae674 : DebugP_tirtos.oe674 (.text:DebugP_log0)
                  007f9180    000000c0                           : DebugP_tirtos.oe674 (.text:DebugP_log1)
                  007f9240    000000c0                           : DebugP_tirtos.oe674 (.text:DebugP_log2)
                  007f9300    000000c0     libedma_xwr68xx.ae674 : edma.oe674 (.text:EDMA_startDmaTransfer)
                  007f93c0    000000c0     rts6740_elf.lib : hostread.c.obj (.text:HOSTread)
                  007f9480    000000c0                     : hostunlink.c.obj (.text:HOSTunlink)
                  007f9540    000000c0     libmailbox_xwr68xx.ae674 : mailbox.oe674 (.text:Mailbox_boxFullISRProcessing)
                  007f9600    000000c0     dss_main.oe674 (.text:MmwDemo_edmaOpen)
                  007f96c0    000000c0     objectdetection.oe674 (.text:_DPC_Objdet_Assert)
                  007f9780    000000c0     rts6740_elf.lib : divu.asm.obj (.text:__divu)
                  007f9840    000000c0     libmmwavealg_xwr68xx.ae674 : mmwavelib_maxpow.oe674 (.text:mmwavelib_maxpow)
                  007f9900    000000c0                                : mmwavelib_maxpow.oe674 (.text:mmwavelib_powerAndMax)
                  007f99c0    000000c0     rts6740_elf.lib : modf.c.obj (.text:modf)
                  007f9a80    000000c0     sysbios.ae674 : BIOS.obj (.text:ti_sysbios_family_c64p_Hwi_dispatchCore__I)
                  007f9b40    000000c0                   : BIOS.obj (.text:ti_sysbios_heaps_HeapMem_alloc__E)
                  007f9c00    000000c0                   : BIOS.obj (.text:ti_sysbios_heaps_HeapMem_getStats__E)
                  007f9cc0    000000c0                   : BIOS.obj (.text:ti_sysbios_knl_Swi_schedule__I)
                  007f9d80    000000c0                   : BIOS.obj (.text:ti_sysbios_knl_Task_allBlockedFunction__I)
                  007f9e40    000000c0     mmw_dss_pe674.oe674 (.text:ti_sysbios_knl_Task_create)
                  007f9f00    000000c0     sysbios.ae674 : BIOS.obj (.text:ti_sysbios_knl_Task_stat__E)
                  007f9fc0    000000c0                   : BIOS.obj (.text:ti_sysbios_utils_Load_taskSwitchHook__E)
                  007fa080    000000c0     rts6740_elf.lib : tls.c.obj (.text:tls:init:__TI_tls_init)
                  007fa140    000000c0     sysbios.ae674 : BIOS.obj (.text:xdc_runtime_Assert_raise__I)
                  007fa200    000000c0                   : BIOS.obj (.text:xdc_runtime_LoggerBuf_Instance_init__E)
                  007fa2c0    000000c0     mmw_dss_pe674.oe674 (.text:xdc_runtime_LoggerBuf_Object__create__S)
                  007fa380    000000a0     libcfarcaproc_dsp_xwr68xx.ae674 : cfarcaprocdsp.oe674 (.text:CFARCADSP_configEDMARangeDomain)
                  007fa420    000000a0                                     : cfarcaprocdsp.oe674 (.text:CFARCADSP_fovConvertDoppler)
                  007fa4c0    000000a0     objectdetection.oe674 (.text:DPC_ObjDetDSP_GenDopplerWindow)
                  007fa560    000000a0     objectdetection.oe674 (.text:DPC_ObjectDetection_start)
                  007fa600    000000a0     objectdetection.oe674 (.text:DPC_ObjectDetection_stop)
                  007fa6a0    000000a0     libdpedma_hwa_xwr68xx.ae674 : dpedma.oe674 (.text:DPEDMA_setup_shadow_link)
                  007fa740    000000a0     libdpm_xwr68xx.ae674 : dpm_mailbox.oe674 (.text:DPM_mboxInit)
                  007fa7e0    000000a0                          : dpm_msg.oe674 (.text:DPM_msgStartHandler)
                  007fa880    000000a0                          : dpm_msg.oe674 (.text:DPM_msgStopHandler)
                  007fa920    000000a0                          : dpm_core.oe674 (.text:DPM_notifyExecute)
                  007fa9c0    000000a0                          : dpm_pipe.oe674 (.text:DPM_pipeRecv)
                  007faa60    000000a0     libedma_xwr68xx.ae674 : edma_low_level.oe674 (.text:EDMA3EnableChInShadowReg)
                  007fab00    000000a0                           : edma.oe674 (.text:EDMA_disableChannel)
                  007faba0    000000a0                           : edma.oe674 (.text:EDMA_enableChannel)
                  007fac40    000000a0                           : edma.oe674 (.text:EDMA_transferController_error_isr)
                  007face0    000000a0     rts6740_elf.lib : hostclose.c.obj (.text:HOSTclose)
                  007fad80    000000a0     libmailbox_xwr68xx.ae674 : mailbox.oe674 (.text:Mailbox_boxEmptyISRProcessing)
                  007fae20    000000a0     libsoc_xwr68xx.ae674 : soc.oe674 (.text:SOC_SystemISR)
                  007faec0    000000a0     rts6740_elf.lib : fopen.c.obj (.text:__TI_cleanup)
                  007faf60    000000a0                     : fflush.c.obj (.text:__TI_doflush)
                  007fb000    000000a0                     : round.c.obj (.text:__c6xabi_nround)
                  007fb0a0    000000a0                     : remu.asm.obj (.text:__remu)
                  007fb140    000000a0     boot.ae674 : boot.oe674 (.text:_c_int00)
                  007fb1e0    000000a0     rts6740_elf.lib : getdevice.c.obj (.text:finddevice)
                  007fb280    000000a0                     : memcpy64.asm.obj (.text:memcpy)
                  007fb320    000000a0     libmmwavealg_xwr68xx.ae674 : mmwavelib_vecsum.oe674 (.text:mmwavelib_vecsum)
                  007fb3c0    000000a0                                : mmwavelib_windowing.oe674 (.text:mmwavelib_windowing16x32_IQswap)
                  007fb460    000000a0     mathlib.ae674 : sqrtsp.oe674 (.text:optasm)
                  007fb500    000000a0     sysbios.ae674 : BIOS.obj (.text:ti_sysbios_family_c64p_Exception_Module_startup__E)
                  007fb5a0    000000a0                   : BIOS.obj (.text:ti_sysbios_family_c64p_Hwi_dispatchC__I)
                  007fb640    000000a0                   : BIOS.obj (.text:ti_sysbios_family_c64p_Hwi_getStackInfo__E)
                  007fb6e0    000000a0                   : BIOS.obj (.text:ti_sysbios_hal_Hwi_checkStack)
                  007fb780    000000a0                   : BIOS.obj (.text:ti_sysbios_knl_Semaphore_pendTimeout__I)
                  007fb820    000000a0                   : BIOS.obj (.text:xdc_runtime_Core_assignLabel__I)
                  007fb8c0    000000a0                   : BIOS.obj (.text:xdc_runtime_Core_assignParams__I)
                  007fb960    000000a0                   : BIOS.obj (.text:xdc_runtime_LoggerBuf_Module_startup__E)
                  007fba00    000000a0                   : BIOS.obj (.text:xdc_runtime_System_atexit__E)
                  007fbaa0    000000a0                   : BIOS.obj (.text:xdc_runtime_System_exit__E)
                  007fbb40    000000a0                   : BIOS.obj (.text:xdc_runtime_Text_printVisFxn__I)
                  007fbbe0    000000a0                   : BIOS.obj (.text:xdc_runtime_Text_xprintf__I)
                  007fbc80    00000080     libaoaproc_dsp_xwr68xx.ae674 : aoaprocdsp.oe674 (.text:AoAProcDSP_waitInData)
                  007fbd00    00000080     libcfarcaproc_dsp_xwr68xx.ae674 : cfarcaprocdsp.oe674 (.text:CFARCADSP_fovConvertRange)
                  007fbd80    00000080     libdpm_xwr68xx.ae674 : dpm_mailbox.oe674 (.text:DPM_mboxSendResult)
                  007fbe00    00000080                          : dpm_pipe.oe674 (.text:DPM_pipeDeinit)
                  007fbe80    00000080                          : dpm_pipe.oe674 (.text:DPM_pipeInit)
                  007fbf00    00000080                          : dpm_core.oe674 (.text:DPM_synch)
                  007fbf80    00000080     libcfarcaproc_dsp_xwr68xx.ae674 : cfarcaprocdsp.oe674 (.text:DPU_CFARCAProcDSP_init)
                  007fc000    00000080     libdopplerproc_dsp_xwr68xx.ae674 : dopplerprocdsp.oe674 (.text:DPU_DopplerProcDSP_control)
                  007fc080    00000080                                      : dopplerprocdsp.oe674 (.text:DPU_DopplerProcDSP_init)
                  007fc100    00000080     libedma_xwr68xx.ae674 : edma_low_level.oe674 (.text:EDMA3MapChToEvtQ)
                  007fc180    00000080                           : edma.oe674 (.text:EDMA_getTransferControllerErrorStatusInfo)
                  007fc200    00000080                           : edma.oe674 (.text:EDMA_linkParamSets)
                  007fc280    00000080     libosal_xwr68xx.ae674 : SemaphoreP_tirtos.oe674 (.text:SemaphoreP_create)
                  007fc300    00000080     rts6740_elf.lib : trgmsg.c.obj (.text:__TI_readmsg)
                  007fc380    00000080                     : llshift.c.obj (.text:__c6xabi_llshl)
                  007fc400    00000080     sysbios.ae674 : c62_TaskSupport_asm.obj (.text:_ti_sysbios_family_c62_TaskSupport_swap__E)
                  007fc480    00000080     mmw_dss_pe674.oe674 (.text:ti_sysbios_BIOS_atExitFunc__I)
                  007fc500    00000080     mmw_dss_pe674.oe674 (.text:ti_sysbios_BIOS_registerRTSLock__I)
                  007fc580    00000080     mmw_dss_pe674.oe674 (.text:ti_sysbios_gates_GateHwi_Object__create__S)
                  007fc600    00000080     mmw_dss_pe674.oe674 (.text:ti_sysbios_gates_GateMutex_Object__create__S)
                  007fc680    00000080     mmw_dss_pe674.oe674 (.text:ti_sysbios_heaps_HeapMem_Object__create__S)
                  007fc700    00000080     sysbios.ae674 : BIOS.obj (.text:ti_sysbios_heaps_HeapMem_init__I)
                  007fc780    00000080     mmw_dss_pe674.oe674 (.text:ti_sysbios_knl_Clock_doTick__I)
                  007fc800    00000080     sysbios.ae674 : BIOS.obj (.text:ti_sysbios_knl_Idle_run__E)
                  007fc880    00000080     mmw_dss_pe674.oe674 (.text:ti_sysbios_knl_Semaphore_create)
                  007fc900    00000080     sysbios.ae674 : BIOS.obj (.text:ti_sysbios_knl_Swi_post__E)
                  007fc980    00000080                   : BIOS.obj (.text:ti_sysbios_knl_Swi_startup__E)
                  007fca00    00000080                   : BIOS.obj (.text:ti_sysbios_knl_Task_processVitalTaskFlag__I)
                  007fca80    00000080                   : BIOS.obj (.text:ti_sysbios_knl_Task_restore__E)
                  007fcb00    00000080                   : BIOS.obj (.text:ti_sysbios_knl_Task_sleepTimeout__I)
                  007fcb80    00000080     mmw_dss_pe674.oe674 (.text:ti_sysbios_rts_MemAlloc_alloc)
                  007fcc00    00000080     sysbios.ae674 : BIOS.obj (.text:ti_sysbios_timers_rti_Timer_setPeriod__E)
                  007fcc80    00000080                   : BIOS.obj (.text:ti_sysbios_timers_rti_Timer_stop__E)
                  007fcd00    00000080     rts6740_elf.lib : unlink.c.obj (.text:unlink)
                  007fcd80    00000080     sysbios.ae674 : BIOS.obj (.text:xdc_runtime_System_avprintf__E)
                  007fce00    00000080                   : BIOS.obj (.text:xdc_runtime_System_vprintf__E)
                  007fce80    00000060     libcfarcaproc_dsp_xwr68xx.ae674 : cfarcaprocdsp.oe674 (.text:CFARCADSP_waitEDMATransComplete)
                  007fcee0    00000060     objectdetection.oe674 (.text:DPC_ObjDetDSP_MemPoolAlloc)
                  007fcf40    00000060     libdpm_xwr68xx.ae674 : dpm_listlib.oe674 (.text:DPM_listCat)
                  007fcfa0    00000060                          : dpm_mailbox.oe674 (.text:DPM_mboxDeinit)
                  007fd000    00000060                          : dpm_msg.oe674 (.text:DPM_msgInitHeader)
                  007fd060    00000060     libaoaproc_dsp_xwr68xx.ae674 : aoaprocdsp.oe674 (.text:DPU_AoAProcDSP_deinit)
                  007fd0c0    00000060                                  : aoaprocdsp.oe674 (.text:DPU_AoAProcDSP_init)
                  007fd120    00000060     libcfarcaproc_dsp_xwr68xx.ae674 : cfarcaprocdsp.oe674 (.text:DPU_CFARCAProcDSP_deinit)
                  007fd180    00000060     libdopplerproc_dsp_xwr68xx.ae674 : dopplerprocdsp.oe674 (.text:DPU_DopplerProcDSP_deinit)
                  007fd1e0    00000060                                      : dopplerprocdsp.oe674 (.text:DPU_DopplerProcDSP_waitInData)
                  007fd240    00000060                                      : dopplerprocdsp.oe674 (.text:DPU_DopplerProcDSP_waitTransDetMatrix)
                  007fd2a0    00000060     libedma_xwr68xx.ae674 : edma_low_level.oe674 (.text:EDMA3ClrEvt)
                  007fd300    00000060                           : edma_low_level.oe674 (.text:EDMA3ClrIntr)
                  007fd360    00000060                           : edma_low_level.oe674 (.text:EDMA3ClrMissEvt)
                  007fd3c0    00000060                           : edma_low_level.oe674 (.text:EDMA3DisableDmaEvt)
                  007fd420    00000060                           : edma_low_level.oe674 (.text:EDMA3DisableEvtIntr)
                  007fd480    00000060                           : edma_low_level.oe674 (.text:EDMA3EnableDmaEvt)
                  007fd4e0    00000060                           : edma_low_level.oe674 (.text:EDMA3EnableEvtIntr)
                  007fd540    00000060                           : edma_low_level.oe674 (.text:EDMA3SetEvt)
                  007fd5a0    00000060                           : edma.oe674 (.text:EDMA_configTransferControllerError)
                  007fd600    00000060                           : edma.oe674 (.text:EDMA_setSourceAddress)
                  007fd660    00000060                           : edma.oe674 (.text:EDMA_validate_channelIdchannelType)
                  007fd6c0    00000060     libmailbox_xwr68xx.ae674 : mailbox.oe674 (.text:Mailbox_Config_init)
                  007fd720    00000060     libsoc_xwr68xx.ae674 : soc_xwr68xx.oe674 (.text:SOC_setDSSLinkState)
                  007fd780    00000060                          : soc.oe674 (.text:SOC_unhaltBSS)
                  007fd7e0    00000060     rts6740_elf.lib : trgmsg.c.obj (.text:__TI_writemsg)
                  007fd840    00000060                     : llshift.c.obj (.text:__c6xabi_llshru)
                  007fd8a0    00000060                     : imath64.c.obj (.text:_subcull)
                  007fd900    00000060     sysbios.ae674 : c64p_Hwi_asm_switch.obj (.text:_ti_sysbios_family_c64p_Hwi_switchAndDispatch__I)
                  007fd960    00000060                   : c64p_Hwi_asm_switch.obj (.text:_ti_sysbios_family_xxx_Hwi_switchAndRunFunc)
                  007fd9c0    00000060     rts6740_elf.lib : lseek.c.obj (.text:lseek)
                  007fda20    00000060     libmmwavealg_xwr68xx.ae674 : mmwavelib_accum.oe674 (.text:mmwavelib_accum16shift)
                  007fda80    00000060                                : mmwavelib_vecsubc.oe674 (.text:mmwavelib_vecsubc)
                  007fdae0    00000060     mmw_dss_pe674.oe674 (.text:ti_sysbios_BIOS_errorRaiseHook__I)
                  007fdb40    00000060     mmw_dss_pe674.oe674 (.text:ti_sysbios_BIOS_removeRTSLock__I)
                  007fdba0    00000060     mmw_dss_pe674.oe674 (.text:ti_sysbios_BIOS_startFunc__I)
                  007fdc00    00000060     sysbios.ae674 : BIOS.obj (.text:ti_sysbios_family_c62_TaskSupport_stackUsed__E)
                  007fdc60    00000060                   : BIOS.obj (.text:ti_sysbios_family_c62_TaskSupport_start__E)
                  007fdcc0    00000060                   : BIOS.obj (.text:ti_sysbios_family_c64p_Cache_setMar__E)
                  007fdd20    00000060                   : BIOS.obj (.text:ti_sysbios_family_c64p_EventCombiner_Module_startup__E)
                  007fdd80    00000060                   : BIOS.obj (.text:ti_sysbios_family_c64p_EventCombiner_unused__E)
                  007fdde0    00000060     mmw_dss_pe674.oe674 (.text:ti_sysbios_gates_GateMutex_Object__delete__S)
                  007fde40    00000060     sysbios.ae674 : BIOS.obj (.text:ti_sysbios_hal_Hwi_initStack)
                  007fdea0    00000060                   : BIOS.obj (.text:ti_sysbios_heaps_HeapMem_free__E)
                  007fdf00    00000060                   : BIOS.obj (.text:ti_sysbios_knl_Clock_Module_startup__E)
                  007fdf60    00000060     mmw_dss_pe674.oe674 (.text:ti_sysbios_knl_Queue_construct)
                  007fdfc0    00000060     mmw_dss_pe674.oe674 (.text:ti_sysbios_knl_Semaphore_Object__delete__S)
                  007fe020    00000060     mmw_dss_pe674.oe674 (.text:ti_sysbios_knl_Semaphore_construct)
                  007fe080    00000060     sysbios.ae674 : BIOS.obj (.text:ti_sysbios_knl_Swi_Module_startup__E)
                  007fe0e0    00000060                   : BIOS.obj (.text:ti_sysbios_knl_Task_enter__I)
                  007fe140    00000060     rts6740_elf.lib : write.c.obj (.text:write)
                  007fe1a0    00000060     mmw_dss_pe674.oe674 (.text:xdc_runtime_LoggerBuf_Object__delete__S)
                  007fe200    00000060     sysbios.ae674 : BIOS.obj (.text:xdc_runtime_SysStd_abort__E)
                  007fe260    00000040     libsoc_xwr68xx.ae674 : soc.oe674 (.text:CSL_FEXTR)
                  007fe2a0    00000040                          : soc_xwr68xx.oe674 (.text:CSL_FEXTR)
                  007fe2e0    00000040     libmailbox_xwr68xx.ae674 : mailbox.oe674 (.text:CSL_FINSR)
                  007fe320    00000040     libsoc_xwr68xx.ae674 : soc.oe674 (.text:CSL_FINSR)
                  007fe360    00000040                          : soc_xwr68xx.oe674 (.text:CSL_FINSR)
                  007fe3a0    00000040                          : soc_xwr68xx_dss.oe674 (.text:CSL_FINSR)
                  007fe3e0    00000040     objectdetection.oe674 (.text:DPC_ObjectDetection_dataInjection)
                  007fe420    00000040     libdpm_xwr68xx.ae674 : dpm_listlib.oe674 (.text:DPM_listAdd)
                  007fe460    00000040                          : dpm_listlib.oe674 (.text:DPM_listRemove)
                  007fe4a0    00000040                          : dpm_mailbox.oe674 (.text:DPM_mboxMsgSend)
                  007fe4e0    00000040                          : dpm_msg.oe674 (.text:DPM_msgAssertHandler)
                  007fe520    00000040                          : dpm_msg.oe674 (.text:DPM_msgBSSFaultHandler)
                  007fe560    00000040                          : dpm_msg.oe674 (.text:DPM_msgDPCInfoHandler)
                  007fe5a0    00000040                          : dpm_pipe.oe674 (.text:DPM_pipeDequeue)
                  007fe5e0    00000040     libedma_xwr68xx.ae674 : edma_low_level.oe674 (.text:EDMA3MapQdmaChToPaRAM)
                  007fe620    00000040                           : edma_low_level.oe674 (.text:EDMA3SetPaRAM)
                  007fe660    00000040                           : edma_low_level.oe674 (.text:EDMA3SetQdmaTrigWord)
                  007fe6a0    00000040                           : edma.oe674 (.text:EDMA_clearTransferControllerErrors)
                  007fe6e0    00000040     libosal_xwr68xx.ae674 : HwiP_tirtos.oe674 (.text:HwiP_create)
                  007fe720    00000040                           : HwiP_tirtos.oe674 (.text:HwiP_delete)
                  007fe760    00000040     libmailbox_xwr68xx.ae674 : mailbox.oe674 (.text:Mailbox_boxEmptyISRBss)
                  007fe7a0    00000040                              : mailbox.oe674 (.text:Mailbox_boxEmptyISRMssDss)
                  007fe7e0    00000040                              : mailbox.oe674 (.text:Mailbox_boxFullISRBss)
                  007fe820    00000040     dss_main.oe674 (.text:MmwDemo_DPC_ObjectDetection_processInterFrameBeginCallBackFxn)
                  007fe860    00000040     dss_main.oe674 (.text:MmwDemo_EDMA_errorCallbackFxn)
                  007fe8a0    00000040     dss_main.oe674 (.text:MmwDemo_EDMA_transferControllerErrorCallbackFxn)
                  007fe8e0    00000040     libsoc_xwr68xx.ae674 : soc_xwr68xx_dss.oe674 (.text:SOC_getInAddr_LUTType)
                  007fe920    00000040                          : soc_xwr68xx_dss.oe674 (.text:SOC_getOutAddr_LUTType)
                  007fe960    00000040                          : soc_xwr68xx.oe674 (.text:SOC_isMSSOperational)
                  007fe9a0    00000040     rts6740_elf.lib : frcmpyd_div.c.obj (.text:__TI_frcmpyd_div)
                  007fe9e0    00000040                     : strasg.asm.obj (.text:__strasgi_64plus)
                  007fea20    00000040                     : args_main.c.obj (.text:_args_main)
                  007fea60    00000040     sysbios.ae674 : c62_TaskSupport_asm.obj (.text:_ti_sysbios_family_c62_TaskSupport_buildTaskStack)
                  007feaa0    00000040     mmw_dss_pe674.oe674 (.text:free)
                  007feae0    00000040     libmathutils.ae674 : mathutils.oe674 (.text:mathUtils_floorLog2)
                  007feb20    00000040     libmmwavealg_xwr68xx.ae674 : mmwavelib_vecmul.oe674 (.text:mmwavelib_vecmul16x32_anylen)
                  007feb60    00000040     mmw_dss_pe674.oe674 (.text:ti_sysbios_BIOS_exitFunc__I)
                  007feba0    00000040     mmw_dss_pe674.oe674 (.text:ti_sysbios_BIOS_rtsLock__I)
                  007febe0    00000040     mmw_dss_pe674.oe674 (.text:ti_sysbios_BIOS_rtsUnlock__I)
                  007fec20    00000040     sysbios.ae674 : BIOS.obj (.text:ti_sysbios_family_c64p_Hwi_disableInterrupt__E)
                  007fec60    00000040                   : BIOS.obj (.text:ti_sysbios_family_c64p_Hwi_enableInterrupt__E)
                  007feca0    00000040     mmw_dss_pe674.oe674 (.text:ti_sysbios_gates_GateHwi_Handle__label__S)
                  007fece0    00000040     mmw_dss_pe674.oe674 (.text:ti_sysbios_gates_GateHwi_Object__delete__S)
                  007fed20    00000040     mmw_dss_pe674.oe674 (.text:ti_sysbios_gates_GateMutex_Handle__label__S)
                  007fed60    00000040     sysbios.ae674 : BIOS.obj (.text:ti_sysbios_gates_GateMutex_Instance_init__E)
                  007feda0    00000040                   : BIOS.obj (.text:ti_sysbios_gates_GateMutex_leave__E)
                  007fede0    00000040     mmw_dss_pe674.oe674 (.text:ti_sysbios_heaps_HeapMem_Handle__label__S)
                  007fee20    00000040     mmw_dss_pe674.oe674 (.text:ti_sysbios_heaps_HeapMem_Object__delete__S)
                  007fee60    00000040     mmw_dss_pe674.oe674 (.text:ti_sysbios_heaps_HeapMem_Object__get__S)
                  007feea0    00000040     mmw_dss_pe674.oe674 (.text:ti_sysbios_knl_Semaphore_destruct)
                  007feee0    00000040     mmw_dss_pe674.oe674 (.text:ti_sysbios_knl_Swi_Object__get__S)
                  007fef20    00000040     mmw_dss_pe674.oe674 (.text:ti_sysbios_knl_Task_Object__get__S)
                  007fef60    00000040     sysbios.ae674 : BIOS.obj (.text:ti_sysbios_timers_rti_Timer_periodicStub__E)
                  007fefa0    00000040                   : BIOS.obj (.text:xdc_runtime_Error_init__E)
                  007fefe0    00000040     mmw_dss_pe674.oe674 (.text:xdc_runtime_LoggerBuf_Handle__label__S)
                  007ff020    00000040     sysbios.ae674 : BIOS.obj (.text:xdc_runtime_LoggerBuf_Instance_finalize__E)
                  007ff060    00000040     mmw_dss_pe674.oe674 (.text:xdc_runtime_LoggerBuf_Object__get__S)
                  007ff0a0    00000040     sysbios.ae674 : BIOS.obj (.text:xdc_runtime_LoggerBuf_write0__E)
                  007ff0e0    00000040                   : BIOS.obj (.text:xdc_runtime_LoggerBuf_write1__E)
                  007ff120    00000040                   : BIOS.obj (.text:xdc_runtime_LoggerBuf_write2__E)
                  007ff160    00000040     mmw_dss_pe674.oe674 (.text:xdc_runtime_System_aprintf__E)
                  007ff1a0    00000040     mmw_dss_pe674.oe674 (.text:xdc_runtime_System_printf__E)
                  007ff1e0    00000020     libcfarcaproc_dsp_xwr68xx.ae674 : cfarcaprocdsp.oe674 (.text:CFARCADSP_adjustCfarCfg)
                  007ff200    00000020     libdpm_xwr68xx.ae674 : dpm_core.oe674 (.text:DPM_chirpISR)
                  007ff220    00000020                          : dpm_core.oe674 (.text:DPM_frameStartISR)
                  007ff240    00000020                          : dpm_mailbox.oe674 (.text:DPM_mboxSynch)
                  007ff260    00000020     libedma_xwr68xx.ae674 : edma_low_level.oe674 (.text:EDMA3ChannelToParamMap)
                  007ff280    00000020                           : edma_low_level.oe674 (.text:EDMA3ClrCCErr)
                  007ff2a0    00000020                           : edma_low_level.oe674 (.text:EDMA3DisableQdmaEvt)
                  007ff2c0    00000020                           : edma_low_level.oe674 (.text:EDMA3EnableQdmaEvt)
                  007ff2e0    00000020                           : edma_low_level.oe674 (.text:EDMA3ErrIntrHighStatusGet)
                  007ff300    00000020                           : edma_low_level.oe674 (.text:EDMA3GetCCErrStatus)
                  007ff320    00000020                           : edma_low_level.oe674 (.text:EDMA3GetErrIntrStatus)
                  007ff340    00000020                           : edma_low_level.oe674 (.text:EDMA3GetIntrStatus)
                  007ff360    00000020                           : edma_low_level.oe674 (.text:EDMA3IntrStatusHighGet)
                  007ff380    00000020                           : edma_low_level.oe674 (.text:EDMA3QdmaClrMissEvt)
                  007ff3a0    00000020                           : edma_low_level.oe674 (.text:EDMA3QdmaGetErrIntrStatus)
                  007ff3c0    00000020                           : edma_low_level.oe674 (.text:EDMAsetRegion)
                  007ff3e0    00000020     libosal_xwr68xx.ae674 : HwiP_tirtos.oe674 (.text:HwiP_Params_init)
                  007ff400    00000020                           : HwiP_tirtos.oe674 (.text:HwiP_disable)
                  007ff420    00000020                           : HwiP_tirtos.oe674 (.text:HwiP_disableInterrupt)
                  007ff440    00000020                           : HwiP_tirtos.oe674 (.text:HwiP_enableInterrupt)
                  007ff460    00000020                           : HwiP_tirtos.oe674 (.text:HwiP_restore)
                  007ff480    00000020                           : MemoryP_tirtos.oe674 (.text:MemoryP_ctrlAlloc)
                  007ff4a0    00000020                           : MemoryP_tirtos.oe674 (.text:MemoryP_ctrlFree)
                  007ff4c0    00000020                           : MemoryP_tirtos.oe674 (.text:MemoryP_getStats)
                  007ff4e0    00000020     dss_main.oe674 (.text:MmwDemo_DPC_ObjectDetection_processFrameBeginCallBackFxn)
                  007ff500    00000020     dss_main.oe674 (.text:MmwDemo_sleep)
                  007ff520    00000020     libosal_xwr68xx.ae674 : SemaphoreP_tirtos.oe674 (.text:SemaphoreP_Params_init)
                  007ff540    00000020                           : SemaphoreP_tirtos.oe674 (.text:SemaphoreP_delete)
                  007ff560    00000020                           : SemaphoreP_tirtos.oe674 (.text:SemaphoreP_pend)
                  007ff580    00000020                           : SemaphoreP_tirtos.oe674 (.text:SemaphoreP_post)
                  007ff5a0    00000020                           : DebugP_tirtos.oe674 (.text:_DebugP_assert)
                  007ff5c0    00000020     rts6740_elf.lib : errno.c.obj (.text:__c6xabi_errno_addr)
                  007ff5e0    00000020                     : trunc.c.obj (.text:__c6xabi_trunc)
                  007ff600    00000020                     : push.asm.obj (.text:__pop_rts)
                  007ff620    00000020                     : push.asm.obj (.text:__push_rts)
                  007ff640    00000020                     : _lock.c.obj (.text:_nop)
                  007ff660    00000020                     : _lock.c.obj (.text:_register_lock)
                  007ff680    00000020                     : _lock.c.obj (.text:_register_unlock)
                  007ff6a0    00000020     sysbios.ae674 : c62_TaskSupport_asm.obj (.text:_ti_sysbios_family_c62_TaskSupport_glue)
                  007ff6c0    00000020     rts6740_elf.lib : exit.c.obj (.text:abort)
                  007ff6e0    00000020     libmathutils.ae674 : mathutils.oe674 (.text:mathUtils_ceilLog2)
                  007ff700    00000020     rts6740_elf.lib : fputc.c.obj (.text:putchar)
                  007ff720    00000020     mmw_dss_pe674.oe674 (.text:ti_sysbios_BIOS_RtsGateProxy_enter__E)
                  007ff740    00000020     mmw_dss_pe674.oe674 (.text:ti_sysbios_BIOS_RtsGateProxy_leave__E)
                  007ff760    00000020     sysbios.ae674 : BIOS.obj (.text:ti_sysbios_BIOS_getCpuFreq__E)
                  007ff780    00000020                   : BIOS.obj (.text:ti_sysbios_BIOS_linkedWithIncorrectBootLibrary__E)
                  007ff7a0    00000020     mmw_dss_pe674.oe674 (.text:ti_sysbios_BIOS_nullFunc__I)
                  007ff7c0    00000020     sysbios.ae674 : BIOS.obj (.text:ti_sysbios_BIOS_setThreadType__E)
                  007ff7e0    00000020                   : BIOS.obj (.text:ti_sysbios_BIOS_start__E)
                  007ff800    00000020     mmw_dss_pe674.oe674 (.text:ti_sysbios_family_c62_TaskSupport_Module__startupDone__S)
                  007ff820    00000020     sysbios.ae674 : BIOS.obj (.text:ti_sysbios_family_c62_TaskSupport_checkStack__E)
                  007ff840    00000020                   : BIOS.obj (.text:ti_sysbios_family_c62_TaskSupport_getStackAlignment__E)
                  007ff860    00000020     mmw_dss_pe674.oe674 (.text:ti_sysbios_family_c64p_Hwi_Module__startupDone__F)
                  007ff880    00000020     sysbios.ae674 : BIOS.obj (.text:ti_sysbios_family_c64p_Hwi_clearInterrupt__E)
                  007ff8a0    00000020                   : BIOS.obj (.text:ti_sysbios_family_c64p_Hwi_startup__E)
                  007ff8c0    00000020                   : BIOS.obj (.text:ti_sysbios_family_c64p_Hwi_switchFromBootStack__E)
                  007ff8e0    00000020                   : BIOS.obj (.text:ti_sysbios_family_c64p_TimestampProvider_Module_startup__E)
                  007ff900    00000020                   : BIOS.obj (.text:ti_sysbios_family_c64p_TimestampProvider_get32__E)
                  007ff920    00000020                   : BIOS.obj (.text:ti_sysbios_family_c64p_TimestampProvider_get64__E)
                  007ff940    00000020                   : BIOS.obj (.text:ti_sysbios_gates_GateHwi_Instance_init__E)
                  007ff960    00000020                   : BIOS.obj (.text:ti_sysbios_gates_GateHwi_enter__E)
                  007ff980    00000020                   : BIOS.obj (.text:ti_sysbios_gates_GateHwi_leave__E)
                  007ff9a0    00000020                   : BIOS.obj (.text:ti_sysbios_gates_GateHwi_query__E)
                  007ff9c0    00000020                   : BIOS.obj (.text:ti_sysbios_gates_GateMutex_Instance_finalize__E)
                  007ff9e0    00000020                   : BIOS.obj (.text:ti_sysbios_gates_GateMutex_query__E)
                  007ffa00    00000020                   : BIOS.obj (.text:ti_sysbios_hal_Hwi_Module_startup__E)
                  007ffa20    00000020     mmw_dss_pe674.oe674 (.text:ti_sysbios_heaps_HeapBuf_Object__get__S)
                  007ffa40    00000020     mmw_dss_pe674.oe674 (.text:ti_sysbios_heaps_HeapMem_Module_GateProxy_enter__E)
                  007ffa60    00000020     mmw_dss_pe674.oe674 (.text:ti_sysbios_heaps_HeapMem_Module_GateProxy_leave__E)
                  007ffa80    00000020     sysbios.ae674 : BIOS.obj (.text:ti_sysbios_heaps_HeapMem_isBlocking__E)
                  007ffaa0    00000020     mmw_dss_pe674.oe674 (.text:ti_sysbios_knl_Clock_TimerProxy_getMaxTicks__E)
                  007ffac0    00000020     sysbios.ae674 : BIOS.obj (.text:ti_sysbios_knl_Clock_logTick__E)
                  007ffae0    00000020                   : BIOS.obj (.text:ti_sysbios_knl_Idle_loop__E)
                  007ffb00    00000020                   : BIOS.obj (.text:ti_sysbios_knl_Queue_Instance_init__E)
                  007ffb20    00000020     mmw_dss_pe674.oe674 (.text:ti_sysbios_knl_Queue_Object__get__S)
                  007ffb40    00000020     mmw_dss_pe674.oe674 (.text:ti_sysbios_knl_Queue_destruct)
                  007ffb60    00000020     sysbios.ae674 : BIOS.obj (.text:ti_sysbios_knl_Queue_empty__E)
                  007ffb80    00000020                   : BIOS.obj (.text:ti_sysbios_knl_Semaphore_Instance_finalize__E)
                  007ffba0    00000020     mmw_dss_pe674.oe674 (.text:ti_sysbios_knl_Semaphore_Params__init__S)
                  007ffbc0    00000020     mmw_dss_pe674.oe674 (.text:ti_sysbios_knl_Semaphore_delete)
                  007ffbe0    00000020     sysbios.ae674 : BIOS.obj (.text:ti_sysbios_knl_Swi_disable__E)
                  007ffc00    00000020     mmw_dss_pe674.oe674 (.text:ti_sysbios_knl_Task_Params__init__S)
                  007ffc20    00000020     sysbios.ae674 : BIOS.obj (.text:ti_sysbios_knl_Task_disable__E)
                  007ffc40    00000020                   : BIOS.obj (.text:ti_sysbios_knl_Task_startup__E)
                  007ffc60    00000020     mmw_dss_pe674.oe674 (.text:ti_sysbios_timers_rti_Timer_Module__startupDone__F)
                  007ffc80    00000020     sysbios.ae674 : BIOS.obj (.text:ti_sysbios_timers_rti_Timer_getMaxTicks__E)
                  007ffca0    00000020                   : BIOS.obj (.text:ti_sysbios_utils_Load_getCPULoad__E)
                  007ffcc0    00000020                   : BIOS.obj (.text:ti_sysbios_utils_Load_taskRegHook__E)
                  007ffce0    00000020     mmw_dss_pe674.oe674 (.text:xdc_runtime_IHeap_alloc)
                  007ffd00    00000020     mmw_dss_pe674.oe674 (.text:xdc_runtime_IHeap_free)
                  007ffd20    00000020     mmw_dss_pe674.oe674 (.text:xdc_runtime_IHeap_getStats)
                  007ffd40    00000020     mmw_dss_pe674.oe674 (.text:xdc_runtime_LoggerBuf_Module_GateProxy_enter__E)
                  007ffd60    00000020     mmw_dss_pe674.oe674 (.text:xdc_runtime_LoggerBuf_Module_GateProxy_leave__E)
                  007ffd80    00000020     sysbios.ae674 : BIOS.obj (.text:xdc_runtime_LoggerBuf_disable__E)
                  007ffda0    00000020                   : BIOS.obj (.text:xdc_runtime_LoggerBuf_enable__E)
                  007ffdc0    00000020                   : BIOS.obj (.text:xdc_runtime_Memory_free__E)
                  007ffde0    00000020                   : BIOS.obj (.text:xdc_runtime_Memory_getStats__E)
                  007ffe00    00000020     mmw_dss_pe674.oe674 (.text:xdc_runtime_Startup_exec__I)
                  007ffe20    00000020     mmw_dss_pe674.oe674 (.text:xdc_runtime_Startup_reset__I)
                  007ffe40    00000020     sysbios.ae674 : BIOS.obj (.text:xdc_runtime_Startup_rtsDone__E)
                  007ffe60    00000020                   : BIOS.obj (.text:xdc_runtime_SysStd_exit__E)
                  007ffe80    00000020                   : BIOS.obj (.text:xdc_runtime_SysStd_putch__E)
                  007ffea0    00000020                   : BIOS.obj (.text:xdc_runtime_SysStd_ready__E)
                  007ffec0    00000020     mmw_dss_pe674.oe674 (.text:xdc_runtime_System_Module_GateProxy_enter__E)
                  007ffee0    00000020     mmw_dss_pe674.oe674 (.text:xdc_runtime_System_Module_GateProxy_leave__E)
                  007fff00    00000020     sysbios.ae674 : BIOS.obj (.text:xdc_runtime_System_Module_startup__E)
                  007fff20    00000020     mmw_dss_pe674.oe674 (.text:xdc_runtime_Text_visitRope__I)

.dpc_l2Heap 
*          0    00800000    0000c400     UNINITIALIZED
                  00800000    0000c400     dss_main.oe674 (.dpc_l2Heap)

systemHeap 
*          0    0080c400    00008000     UNINITIALIZED
                  0080c400    00008000     mmw_dss_pe674.oe674 (systemHeap)

.stack     0    00816968    00000800     UNINITIALIZED
                  00816968    00000008     boot.ae674 : boot.oe674 (.stack)
                  00816970    000007f8     --HOLE--

.cinit     0    00800000    00000000     UNINITIALIZED

.far       0    00814400    00002564     UNINITIALIZED
                  00814400    00001900     (.common:xdc_runtime_LoggerBuf_Instance_State_0_entryArr__A)
                  00815d00    000006f8     libedma_xwr68xx.ae674 : edma.oe674 (.far:EDMA_object)
                  008163f8    00000320     mmw_dss_pe674.oe674 (.far:taskStackSection)
                  00816718    00000140     (.common:__TI_tmpnams)
                  00816858    000000d8     (.common:gMmwDssMCB)
                  00816930    00000018     (.common:resultBuffer)
                  00816948    00000010     (.common:edmaDbg)
                  00816958    00000008     (.common:parmbuf)
                  00816960    00000004     (.common:ti_sysbios_knl_Task_Instance_State_0_hookEnv__A)

.cio       0    00817168    00000120     UNINITIALIZED
                  00817168    00000120     rts6740_elf.lib : trgmsg.c.obj (.cio)

.const     0    00817288    00003712     
                  00817288    00001a59     mmw_dss_pe674.oe674 (.const:xdc_runtime_Text_charTab__A)
                  00818ce1    00000001     --HOLE-- [fill = 0]
                  00818ce2    00000002     mmw_dss_pe674.oe674 (.const:ti_sysbios_family_c64p_Cache_Module__id__C)
                  00818ce4    00000004     mmw_dss_pe674.oe674 (.const:ti_sysbios_family_c62_TaskSupport_stackAlignment__C)
                  00818ce8    00000800     libmmwavealg_xwr68xx.ae674 : mmwavelib_ffttwiddle_gen.oe674 (.const:mmwavelib_twiddleTableCommon)
                  008194e8    00000630     sysbios.ae674 : BIOS.obj (.const:.string)
                  00819b18    00000340     dss_main.oe674 (.const:.string)
                  00819e58    00000248     objectdetection.oe674 (.const:.string)
                  0081a0a0    000000e0     mmw_dss_pe674.oe674 (.const:xdc_runtime_Text_nodeTab__A)
                  0081a180    00000074     mmw_dss_pe674.oe674 (.const:.string)
                  0081a1f4    00000058     libedma_xwr68xx.ae674 : edma.oe674 (.const:.string)
                  0081a24c    0000004c     libmailbox_xwr68xx.ae674 : mailbox.oe674 (.const:.string)
                  0081a298    00000044     mmw_dss_pe674.oe674 (.const:ti_sysbios_knl_Task_Object__PARAMS__C)
                  0081a2dc    00000004     mmw_dss_pe674.oe674 (.const:ti_sysbios_family_c64p_Cache_E_invalidL1CacheSize__C)
                  0081a2e0    00000040     libmmwavealg_xwr68xx.ae674 : mmwavelib_log2abs.oe674 (.const:.string:c_Log2LookUp)
                  0081a320    0000003c     libsoc_xwr68xx.ae674 : soc_xwr68xx_dss.oe674 (.const:.string)
                  0081a35c    0000003c     mmw_dss_pe674.oe674 (.const:xdc_runtime_LoggerBuf_Module__FXNS__C)
                  0081a398    00000038     libedma_xwr68xx.ae674 : edma_xwr1xxx.oe674 (.const:gEdmaHwAttrs)
                  0081a3d0    00000034     mmw_dss_pe674.oe674 (.const:xdc_runtime_Startup_sfxnTab__A)
                  0081a404    00000004     mmw_dss_pe674.oe674 (.const:ti_sysbios_family_c64p_Cache_E_invalidL2CacheSize__C)
                  0081a408    00000028     libdpm_xwr68xx.ae674 : dpm_msg.oe674 (.const:gDPMMessageFxnTable)
                  0081a430    00000028     mmw_dss_pe674.oe674 (.const:ti_sysbios_heaps_HeapMem_Module__FXNS__C)
                  0081a458    00000028     mmw_dss_pe674.oe674 (.const:xdc_runtime_LoggerBuf_Object__PARAMS__C)
                  0081a480    00000024     libmailbox_xwr68xx.ae674 : mailbox.oe674 (.const:Mailbox_defaultCfg)
                  0081a4a4    00000004     mmw_dss_pe674.oe674 (.const:ti_sysbios_family_c64p_Cache_MAR0_31__C)
                  0081a4a8    00000024     libmmwavealg_xwr68xx.ae674 : mmwavelib_dftsinglebin.oe674 (.const:mmwavelib_dftHalfBinExpValue)
                  0081a4cc    00000024     mmw_dss_pe674.oe674 (.const:ti_sysbios_gates_GateHwi_Module__FXNS__C)
                  0081a4f0    00000024     mmw_dss_pe674.oe674 (.const:ti_sysbios_gates_GateMutex_Module__FXNS__C)
                  0081a514    00000024     mmw_dss_pe674.oe674 (.const:ti_sysbios_heaps_HeapMem_Object__PARAMS__C)
                  0081a538    00000024     mmw_dss_pe674.oe674 (.const:ti_sysbios_knl_Semaphore_Object__PARAMS__C)
                  0081a55c    00000020     libosal_xwr68xx.ae674 : SemaphoreP_tirtos.oe674 (.const:.string)
                  0081a57c    00000020     mmw_dss_pe674.oe674 (.const:ti_sysbios_gates_GateHwi_Object__DESC__C)
                  0081a59c    00000020     mmw_dss_pe674.oe674 (.const:ti_sysbios_gates_GateMutex_Object__DESC__C)
                  0081a5bc    00000020     mmw_dss_pe674.oe674 (.const:ti_sysbios_heaps_HeapMem_Object__DESC__C)
                  0081a5dc    00000020     mmw_dss_pe674.oe674 (.const:ti_sysbios_knl_Queue_Object__DESC__C)
                  0081a5fc    00000020     mmw_dss_pe674.oe674 (.const:ti_sysbios_knl_Semaphore_Object__DESC__C)
                  0081a61c    00000020     mmw_dss_pe674.oe674 (.const:ti_sysbios_knl_Task_Object__DESC__C)
                  0081a63c    00000020     mmw_dss_pe674.oe674 (.const:xdc_runtime_LoggerBuf_Object__DESC__C)
                  0081a65c    0000001c     libosal_xwr68xx.ae674 : HwiP_tirtos.oe674 (.const:.string)
                  0081a678    0000001a     mmw_dss_pe674.oe674 (.const:xdc_runtime_Startup_sfxnRts__A)
                  0081a692    00000002     mmw_dss_pe674.oe674 (.const:ti_sysbios_family_c64p_EventCombiner_Module__id__C)
                  0081a694    00000018     mmw_dss_pe674.oe674 (.const:ti_sysbios_gates_GateHwi_Object__PARAMS__C)
                  0081a6ac    00000018     mmw_dss_pe674.oe674 (.const:ti_sysbios_gates_GateMutex_Object__PARAMS__C)
                  0081a6c4    00000018     mmw_dss_pe674.oe674 (.const:ti_sysbios_knl_Queue_Object__PARAMS__C)
                  0081a6dc    00000004     mmw_dss_pe674.oe674 (.const:ti_sysbios_family_c64p_Cache_MAR128_159__C)
                  0081a6e0    00000018     mmw_dss_pe674.oe674 (.const:ti_sysbios_knl_Task_hooks__A)
                  0081a6f8    00000014     libdpm_xwr68xx.ae674 : dpm_mailbox.oe674 (.const:.string)
                  0081a70c    00000010                          : dpm_core.oe674 (.const:.string)
                  0081a71c    00000010                          : dpm_msg.oe674 (.const:.string)
                  0081a72c    00000010                          : dpm_pipe.oe674 (.const:.string)
                  0081a73c    00000004     mmw_dss_pe674.oe674 (.const:ti_sysbios_family_c64p_Cache_MAR160_191__C)
                  0081a740    00000010     libedma_xwr68xx.ae674 : edma.oe674 (.const:EDMA_config$1)
                  0081a750    00000010     mmw_dss_pe674.oe674 (.const:ti_sysbios_family_c64p_EventCombiner_EVTMASK__C)
                  0081a760    0000000c     mmw_dss_pe674.oe674 (.const:ti_sysbios_knl_Idle_funcList__A)
                  0081a76c    00000008     mmw_dss_pe674.oe674 (.const:ti_sysbios_knl_Idle_funcList__C)
                  0081a774    00000008     mmw_dss_pe674.oe674 (.const:ti_sysbios_knl_Task_hooks__C)
                  0081a77c    00000004     mmw_dss_pe674.oe674 (.const:ti_sysbios_family_c64p_Cache_MAR192_223__C)
                  0081a780    00000008     mmw_dss_pe674.oe674 (.const:xdc_runtime_Startup_firstFxns__A)
                  0081a788    00000008     mmw_dss_pe674.oe674 (.const:xdc_runtime_Startup_firstFxns__C)
                  0081a790    00000008     mmw_dss_pe674.oe674 (.const:xdc_runtime_Startup_lastFxns__C)
                  0081a798    00000004     mmw_dss_pe674.oe674 (.const:ti_sysbios_family_c64p_Cache_MAR224_255__C)
                  0081a79c    00000004     mmw_dss_pe674.oe674 (.const:ti_sysbios_family_c64p_Cache_MAR32_63__C)
                  0081a7a0    00000004     mmw_dss_pe674.oe674 (.const:ti_sysbios_family_c64p_Cache_MAR64_95__C)
                  0081a7a4    00000004     mmw_dss_pe674.oe674 (.const:ti_sysbios_family_c64p_Cache_MAR96_127__C)
                  0081a7a8    00000004     mmw_dss_pe674.oe674 (.const:ti_sysbios_family_c64p_EventCombiner_A_invalidEventId__C)
                  0081a7ac    00000004     mmw_dss_pe674.oe674 (.const:ti_sysbios_family_c64p_EventCombiner_EVTRegs__C)
                  0081a7b0    00000004     mmw_dss_pe674.oe674 (.const:ti_sysbios_family_c64p_EventCombiner_E_unpluggedEvent__C)
                  0081a7b4    00000004     mmw_dss_pe674.oe674 (.const:ti_sysbios_family_c64p_EventCombiner_Module__diagsEnabled__C)
                  0081a7b8    00000004     mmw_dss_pe674.oe674 (.const:ti_sysbios_family_c64p_EventCombiner_Module__diagsIncluded__C)
                  0081a7bc    00000004     mmw_dss_pe674.oe674 (.const:ti_sysbios_family_c64p_EventCombiner_Module__diagsMask__C)
                  0081a7c0    00000004     mmw_dss_pe674.oe674 (.const:ti_sysbios_family_c64p_Exception_E_exceptionMax__C)
                  0081a7c4    00000004     mmw_dss_pe674.oe674 (.const:ti_sysbios_family_c64p_Exception_exceptionHook__C)
                  0081a7c8    00000004     mmw_dss_pe674.oe674 (.const:ti_sysbios_family_c64p_Exception_externalHook__C)
                  0081a7cc    00000004     mmw_dss_pe674.oe674 (.const:ti_sysbios_family_c64p_Exception_internalHook__C)
                  0081a7d0    00000004     mmw_dss_pe674.oe674 (.const:ti_sysbios_family_c64p_Exception_nmiHook__C)
                  0081a7d4    00000004     mmw_dss_pe674.oe674 (.const:ti_sysbios_family_c64p_Hwi_INTRMUX1Address__C)
                  0081a7d8    00000004     mmw_dss_pe674.oe674 (.const:ti_sysbios_gates_GateMutex_A_badContext__C)
                  0081a7dc    00000004     mmw_dss_pe674.oe674 (.const:ti_sysbios_gates_GateMutex_Instance_State_sem__O)
                  0081a7e0    00000004     mmw_dss_pe674.oe674 (.const:ti_sysbios_gates_GateMutex_Module__diagsEnabled__C)
                  0081a7e4    00000004     mmw_dss_pe674.oe674 (.const:ti_sysbios_gates_GateMutex_Module__diagsIncluded__C)
                  0081a7e8    00000004     mmw_dss_pe674.oe674 (.const:ti_sysbios_gates_GateMutex_Module__diagsMask__C)
                  0081a7ec    00000004     mmw_dss_pe674.oe674 (.const:ti_sysbios_hal_Hwi_E_stackOverflow__C)
                  0081a7f0    00000004     mmw_dss_pe674.oe674 (.const:ti_sysbios_heaps_HeapBuf_Instance_State_freeList__O)
                  0081a7f4    00000004     mmw_dss_pe674.oe674 (.const:ti_sysbios_heaps_HeapBuf_Object__count__C)
                  0081a7f8    00000004     mmw_dss_pe674.oe674 (.const:ti_sysbios_heaps_HeapBuf_numConstructedHeaps__C)
                  0081a7fc    00000004     mmw_dss_pe674.oe674 (.const:ti_sysbios_heaps_HeapMem_A_align__C)
                  0081a800    00000004     mmw_dss_pe674.oe674 (.const:ti_sysbios_heaps_HeapMem_A_heapSize__C)
                  0081a804    00000004     mmw_dss_pe674.oe674 (.const:ti_sysbios_heaps_HeapMem_A_invalidFree__C)
                  0081a808    00000004     mmw_dss_pe674.oe674 (.const:ti_sysbios_heaps_HeapMem_A_zeroBlock__C)
                  0081a80c    00000004     mmw_dss_pe674.oe674 (.const:ti_sysbios_heaps_HeapMem_E_memory__C)
                  0081a810    00000004     mmw_dss_pe674.oe674 (.const:ti_sysbios_heaps_HeapMem_Module__diagsEnabled__C)
                  0081a814    00000004     mmw_dss_pe674.oe674 (.const:ti_sysbios_heaps_HeapMem_Module__diagsIncluded__C)
                  0081a818    00000004     mmw_dss_pe674.oe674 (.const:ti_sysbios_heaps_HeapMem_Module__diagsMask__C)
                  0081a81c    00000004     mmw_dss_pe674.oe674 (.const:ti_sysbios_heaps_HeapMem_Module__gateObj__C)
                  0081a820    00000004     mmw_dss_pe674.oe674 (.const:ti_sysbios_heaps_HeapMem_Object__count__C)
                  0081a824    00000004     mmw_dss_pe674.oe674 (.const:ti_sysbios_heaps_HeapMem_reqAlign__C)
                  0081a828    00000004     mmw_dss_pe674.oe674 (.const:ti_sysbios_knl_Clock_Module_State_clockQ__O)
                  0081a82c    00000004     mmw_dss_pe674.oe674 (.const:ti_sysbios_knl_Semaphore_A_badContext__C)
                  0081a830    00000004     mmw_dss_pe674.oe674 (.const:ti_sysbios_knl_Semaphore_A_noEvents__C)
                  0081a834    00000004     mmw_dss_pe674.oe674 (.const:ti_sysbios_knl_Semaphore_A_overflow__C)
                  0081a838    00000004     mmw_dss_pe674.oe674 (.const:ti_sysbios_knl_Semaphore_A_pendTaskDisabled__C)
                  0081a83c    00000004     mmw_dss_pe674.oe674 (.const:ti_sysbios_knl_Semaphore_Instance_State_pendQ__O)
                  0081a840    00000004     mmw_dss_pe674.oe674 (.const:ti_sysbios_knl_Semaphore_Module__diagsEnabled__C)
                  0081a844    00000004     mmw_dss_pe674.oe674 (.const:ti_sysbios_knl_Semaphore_Module__diagsIncluded__C)
                  0081a848    00000004     mmw_dss_pe674.oe674 (.const:ti_sysbios_knl_Semaphore_Module__diagsMask__C)
                  0081a84c    00000004     mmw_dss_pe674.oe674 (.const:ti_sysbios_knl_Swi_Object__count__C)
                  0081a850    00000004     mmw_dss_pe674.oe674 (.const:ti_sysbios_knl_Task_A_badPriority__C)
                  0081a854    00000004     mmw_dss_pe674.oe674 (.const:ti_sysbios_knl_Task_A_badTaskState__C)
                  0081a858    00000004     mmw_dss_pe674.oe674 (.const:ti_sysbios_knl_Task_A_badThreadType__C)
                  0081a85c    00000004     mmw_dss_pe674.oe674 (.const:ti_sysbios_knl_Task_A_badTimeout__C)
                  0081a860    00000004     mmw_dss_pe674.oe674 (.const:ti_sysbios_knl_Task_A_noPendElem__C)
                  0081a864    00000004     mmw_dss_pe674.oe674 (.const:ti_sysbios_knl_Task_A_sleepTaskDisabled__C)
                  0081a868    00000004     mmw_dss_pe674.oe674 (.const:ti_sysbios_knl_Task_E_spOutOfBounds__C)
                  0081a86c    00000004     mmw_dss_pe674.oe674 (.const:ti_sysbios_knl_Task_E_stackOverflow__C)
                  0081a870    00000004     mmw_dss_pe674.oe674 (.const:ti_sysbios_knl_Task_Module_State_inactiveQ__O)
                  0081a874    00000004     mmw_dss_pe674.oe674 (.const:ti_sysbios_knl_Task_Module__diagsEnabled__C)
                  0081a878    00000004     mmw_dss_pe674.oe674 (.const:ti_sysbios_knl_Task_Module__diagsIncluded__C)
                  0081a87c    00000004     mmw_dss_pe674.oe674 (.const:ti_sysbios_knl_Task_Module__diagsMask__C)
                  0081a880    00000004     mmw_dss_pe674.oe674 (.const:ti_sysbios_knl_Task_Object__count__C)
                  0081a884    00000004     mmw_dss_pe674.oe674 (.const:ti_sysbios_knl_Task_Object__heap__C)
                  0081a888    00000004     mmw_dss_pe674.oe674 (.const:ti_sysbios_knl_Task_allBlockedFunc__C)
                  0081a88c    00000004     mmw_dss_pe674.oe674 (.const:ti_sysbios_knl_Task_defaultStackHeap__C)
                  0081a890    00000004     mmw_dss_pe674.oe674 (.const:ti_sysbios_knl_Task_defaultStackSize__C)
                  0081a894    00000004     mmw_dss_pe674.oe674 (.const:ti_sysbios_knl_Task_numConstructedTasks__C)
                  0081a898    00000004     mmw_dss_pe674.oe674 (.const:ti_sysbios_timers_rti_Timer_E_cannotSupport__C)
                  0081a89c    00000004     mmw_dss_pe674.oe674 (.const:ti_sysbios_timers_rti_Timer_Module__diagsEnabled__C)
                  0081a8a0    00000004     mmw_dss_pe674.oe674 (.const:ti_sysbios_timers_rti_Timer_Module__diagsIncluded__C)
                  0081a8a4    00000004     mmw_dss_pe674.oe674 (.const:ti_sysbios_timers_rti_Timer_Module__diagsMask__C)
                  0081a8a8    00000004     mmw_dss_pe674.oe674 (.const:ti_sysbios_timers_rti_Timer_numTimerDevices__C)
                  0081a8ac    00000004     mmw_dss_pe674.oe674 (.const:ti_sysbios_timers_rti_Timer_startupNeeded__C)
                  0081a8b0    00000004     mmw_dss_pe674.oe674 (.const:ti_sysbios_utils_Load_Module_State_taskList__O)
                  0081a8b4    00000004     mmw_dss_pe674.oe674 (.const:ti_sysbios_utils_Load_Module__diagsEnabled__C)
                  0081a8b8    00000004     mmw_dss_pe674.oe674 (.const:ti_sysbios_utils_Load_Module__diagsIncluded__C)
                  0081a8bc    00000004     mmw_dss_pe674.oe674 (.const:ti_sysbios_utils_Load_Module__diagsMask__C)
                  0081a8c0    00000004     mmw_dss_pe674.oe674 (.const:ti_sysbios_utils_Load_postUpdate__C)
                  0081a8c4    00000004     mmw_dss_pe674.oe674 (.const:ti_sysbios_utils_Load_windowInMs__C)
                  0081a8c8    00000004     mmw_dss_pe674.oe674 (.const:xdc_runtime_Assert_E_assertFailed__C)
                  0081a8cc    00000004     mmw_dss_pe674.oe674 (.const:xdc_runtime_Core_A_initializedParams__C)
                  0081a8d0    00000004     mmw_dss_pe674.oe674 (.const:xdc_runtime_Core_Module__diagsEnabled__C)
                  0081a8d4    00000004     mmw_dss_pe674.oe674 (.const:xdc_runtime_Core_Module__diagsIncluded__C)
                  0081a8d8    00000004     mmw_dss_pe674.oe674 (.const:xdc_runtime_Core_Module__diagsMask__C)
                  0081a8dc    00000004     mmw_dss_pe674.oe674 (.const:xdc_runtime_Error_E_memory__C)
                  0081a8e0    00000004     mmw_dss_pe674.oe674 (.const:xdc_runtime_Error_policyFxn__C)
                  0081a8e4    00000004     mmw_dss_pe674.oe674 (.const:xdc_runtime_Error_policy__C)
                  0081a8e8    00000004     mmw_dss_pe674.oe674 (.const:xdc_runtime_Error_raiseHook__C)
                  0081a8ec    00000004     mmw_dss_pe674.oe674 (.const:xdc_runtime_IFilterLogger_Interface__BASE__C)
                  0081a8f0    00000004     mmw_dss_pe674.oe674 (.const:xdc_runtime_IGateProvider_Interface__BASE__C)
                  0081a8f4    00000004     mmw_dss_pe674.oe674 (.const:xdc_runtime_IHeap_Interface__BASE__C)
                  0081a8f8    00000004     mmw_dss_pe674.oe674 (.const:xdc_runtime_ILogger_Interface__BASE__C)
                  0081a8fc    00000004     mmw_dss_pe674.oe674 (.const:xdc_runtime_IModule_Interface__BASE__C)
                  0081a900    00000004     mmw_dss_pe674.oe674 (.const:xdc_runtime_LoggerBuf_E_badLevel__C)
                  0081a904    00000004     mmw_dss_pe674.oe674 (.const:xdc_runtime_LoggerBuf_Module__gateObj__C)
                  0081a908    00000004     mmw_dss_pe674.oe674 (.const:xdc_runtime_LoggerBuf_Object__count__C)
                  0081a90c    00000004     mmw_dss_pe674.oe674 (.const:xdc_runtime_LoggerBuf_statusLogger__C)
                  0081a910    00000004     mmw_dss_pe674.oe674 (.const:xdc_runtime_Main_Module__diagsEnabled__C)
                  0081a914    00000004     mmw_dss_pe674.oe674 (.const:xdc_runtime_Main_Module__diagsIncluded__C)
                  0081a918    00000004     mmw_dss_pe674.oe674 (.const:xdc_runtime_Main_Module__diagsMask__C)
                  0081a91c    00000004     mmw_dss_pe674.oe674 (.const:xdc_runtime_Main_Module__loggerFxn1__C)
                  0081a920    00000004     mmw_dss_pe674.oe674 (.const:xdc_runtime_Main_Module__loggerFxn2__C)
                  0081a924    00000004     mmw_dss_pe674.oe674 (.const:xdc_runtime_Main_Module__loggerFxn4__C)
                  0081a928    00000004     mmw_dss_pe674.oe674 (.const:xdc_runtime_Main_Module__loggerObj__C)
                  0081a92c    00000004     mmw_dss_pe674.oe674 (.const:xdc_runtime_Memory_defaultHeapInstance__C)
                  0081a930    00000004     mmw_dss_pe674.oe674 (.const:xdc_runtime_Startup_execImpl__C)
                  0081a934    00000004     mmw_dss_pe674.oe674 (.const:xdc_runtime_Startup_maxPasses__C)
                  0081a938    00000004     mmw_dss_pe674.oe674 (.const:xdc_runtime_Startup_sfxnRts__C)
                  0081a93c    00000004     mmw_dss_pe674.oe674 (.const:xdc_runtime_Startup_sfxnTab__C)
                  0081a940    00000004     mmw_dss_pe674.oe674 (.const:xdc_runtime_System_Module__gateObj__C)
                  0081a944    00000004     mmw_dss_pe674.oe674 (.const:xdc_runtime_System_abortFxn__C)
                  0081a948    00000004     mmw_dss_pe674.oe674 (.const:xdc_runtime_System_exitFxn__C)
                  0081a94c    00000004     mmw_dss_pe674.oe674 (.const:xdc_runtime_System_extendFxn__C)
                  0081a950    00000004     mmw_dss_pe674.oe674 (.const:xdc_runtime_System_maxAtexitHandlers__C)
                  0081a954    00000004     mmw_dss_pe674.oe674 (.const:xdc_runtime_Text_charTab__C)
                  0081a958    00000004     mmw_dss_pe674.oe674 (.const:xdc_runtime_Text_nameEmpty__C)
                  0081a95c    00000004     mmw_dss_pe674.oe674 (.const:xdc_runtime_Text_nameStatic__C)
                  0081a960    00000004     mmw_dss_pe674.oe674 (.const:xdc_runtime_Text_nameUnknown__C)
                  0081a964    00000004     mmw_dss_pe674.oe674 (.const:xdc_runtime_Text_nodeTab__C)
                  0081a968    00000004     mmw_dss_pe674.oe674 (.const:xdc_runtime_Text_visitRopeFxn__C)
                  0081a96c    00000002     mmw_dss_pe674.oe674 (.const:ti_sysbios_family_c64p_Exception_Module__id__C)
                  0081a96e    00000002     mmw_dss_pe674.oe674 (.const:ti_sysbios_family_c64p_Exception_useInternalBuffer__C)
                  0081a970    00000002     mmw_dss_pe674.oe674 (.const:ti_sysbios_gates_GateMutex_Module__id__C)
                  0081a972    00000002     mmw_dss_pe674.oe674 (.const:ti_sysbios_hal_Hwi_Module__id__C)
                  0081a974    00000002     mmw_dss_pe674.oe674 (.const:ti_sysbios_heaps_HeapMem_Module__id__C)
                  0081a976    00000002     mmw_dss_pe674.oe674 (.const:ti_sysbios_knl_Semaphore_Module__id__C)
                  0081a978    00000002     mmw_dss_pe674.oe674 (.const:ti_sysbios_knl_Task_Module__id__C)
                  0081a97a    00000002     mmw_dss_pe674.oe674 (.const:ti_sysbios_timers_rti_Timer_Module__id__C)
[...]
00816930  resultBuffer                                                 
00816948  edmaDbg                                                      
00816958  parmbuf                                                      
00816960  ti_sysbios_knl_Task_Instance_State_0_hookEnv__A              
00816968  _stack                                                       
00817168  __CIOBUF_                                                    
00817168  __TI_STACK_END                                               
00817288  xdc_runtime_Text_charTab__A                                  
00818ce2  ti_sysbios_family_c64p_Cache_Module__id__C                   
00818ce4  ti_sysbios_family_c62_TaskSupport_stackAlignment__C          
00818ce8  mmwavelib_twiddleTableCommon                                 
0081a0a0  xdc_runtime_Text_nodeTab__A                                  
0081a298  ti_sysbios_knl_Task_Object__PARAMS__C                        
0081a2dc  ti_sysbios_family_c64p_Cache_E_invalidL1CacheSize__C         
0081a35c  xdc_runtime_LoggerBuf_Module__FXNS__C                        
0081a398  gEdmaHwAttrs                                                 
0081a3d0  xdc_runtime_Startup_sfxnTab__A                               
0081a404  ti_sysbios_family_c64p_Cache_E_invalidL2CacheSize__C         
0081a408  gDPMMessageFxnTable                                          
0081a430  ti_sysbios_heaps_HeapMem_Module__FXNS__C                     
0081a458  xdc_runtime_LoggerBuf_Object__PARAMS__C                      
0081a480  Mailbox_defaultCfg                                           
0081a4a4  ti_sysbios_family_c64p_Cache_MAR0_31__C                      
0081a4a8  mmwavelib_dftHalfBinExpValue                                 
0081a4cc  ti_sysbios_gates_GateHwi_Module__FXNS__C                     
0081a4f0  ti_sysbios_gates_GateMutex_Module__FXNS__C                   
0081a514  ti_sysbios_heaps_HeapMem_Object__PARAMS__C                   
0081a538  ti_sysbios_knl_Semaphore_Object__PARAMS__C                   
0081a57c  ti_sysbios_gates_GateHwi_Object__DESC__C                     
0081a59c  ti_sysbios_gates_GateMutex_Object__DESC__C                   
0081a5bc  ti_sysbios_heaps_HeapMem_Object__DESC__C                     
0081a5dc  ti_sysbios_knl_Queue_Object__DESC__C                         
0081a5fc  ti_sysbios_knl_Semaphore_Object__DESC__C                     
0081a61c  ti_sysbios_knl_Task_Object__DESC__C                          
0081a63c  xdc_runtime_LoggerBuf_Object__DESC__C                        
0081a678  xdc_runtime_Startup_sfxnRts__A                               
0081a692  ti_sysbios_family_c64p_EventCombiner_Module__id__C           
0081a694  ti_sysbios_gates_GateHwi_Object__PARAMS__C                   
0081a6ac  ti_sysbios_gates_GateMutex_Object__PARAMS__C                 
0081a6c4  ti_sysbios_knl_Queue_Object__PARAMS__C                       
0081a6dc  ti_sysbios_family_c64p_Cache_MAR128_159__C                   
0081a6e0  ti_sysbios_knl_Task_hooks__A                                 
0081a73c  ti_sysbios_family_c64p_Cache_MAR160_191__C                   
0081a750  ti_sysbios_family_c64p_EventCombiner_EVTMASK__C              
0081a760  ti_sysbios_knl_Idle_funcList__A                              
0081a76c  ti_sysbios_knl_Idle_funcList__C                              
0081a774  ti_sysbios_knl_Task_hooks__C                                 
0081a77c  ti_sysbios_family_c64p_Cache_MAR192_223__C                   
0081a780  xdc_runtime_Startup_firstFxns__A                             
0081a788  xdc_runtime_Startup_firstFxns__C                             
0081a790  xdc_runtime_Startup_lastFxns__C                              
0081a798  ti_sysbios_family_c64p_Cache_MAR224_255__C                   
0081a79c  ti_sysbios_family_c64p_Cache_MAR32_63__C                     
0081a7a0  ti_sysbios_family_c64p_Cache_MAR64_95__C                     
0081a7a4  ti_sysbios_family_c64p_Cache_MAR96_127__C                    
0081a7a8  ti_sysbios_family_c64p_EventCombiner_A_invalidEventId__C     
0081a7ac  ti_sysbios_family_c64p_EventCombiner_EVTRegs__C              
0081a7b0  ti_sysbios_family_c64p_EventCombiner_E_unpluggedEvent__C     
0081a7b4  ti_sysbios_family_c64p_EventCombiner_Module__diagsEnabled__C 
0081a7b8  ti_sysbios_family_c64p_EventCombiner_Module__diagsIncluded__C
0081a7bc  ti_sysbios_family_c64p_EventCombiner_Module__diagsMask__C    
0081a7c0  ti_sysbios_family_c64p_Exception_E_exceptionMax__C           
0081a7c4  ti_sysbios_family_c64p_Exception_exceptionHook__C            
0081a7c8  ti_sysbios_family_c64p_Exception_externalHook__C             
0081a7cc  ti_sysbios_family_c64p_Exception_internalHook__C             
0081a7d0  ti_sysbios_family_c64p_Exception_nmiHook__C                  
0081a7d4  ti_sysbios_family_c64p_Hwi_INTRMUX1Address__C                
0081a7d8  ti_sysbios_gates_GateMutex_A_badContext__C                   
0081a7dc  ti_sysbios_gates_GateMutex_Instance_State_sem__O             
0081a7e0  ti_sysbios_gates_GateMutex_Module__diagsEnabled__C           
0081a7e4  ti_sysbios_gates_GateMutex_Module__diagsIncluded__C          
0081a7e8  ti_sysbios_gates_GateMutex_Module__diagsMask__C              
0081a7ec  ti_sysbios_hal_Hwi_E_stackOverflow__C                        
0081a7f0  ti_sysbios_heaps_HeapBuf_Instance_State_freeList__O          
0081a7f4  ti_sysbios_heaps_HeapBuf_Object__count__C                    
0081a7f8  ti_sysbios_heaps_HeapBuf_numConstructedHeaps__C              
0081a7fc  ti_sysbios_heaps_HeapMem_A_align__C                          
0081a800  ti_sysbios_heaps_HeapMem_A_heapSize__C                       
0081a804  ti_sysbios_heaps_HeapMem_A_invalidFree__C                    
0081a808  ti_sysbios_heaps_HeapMem_A_zeroBlock__C                      
0081a80c  ti_sysbios_heaps_HeapMem_E_memory__C                         
0081a810  ti_sysbios_heaps_HeapMem_Module__diagsEnabled__C             
0081a814  ti_sysbios_heaps_HeapMem_Module__diagsIncluded__C            
0081a818  ti_sysbios_heaps_HeapMem_Module__diagsMask__C                
0081a81c  ti_sysbios_heaps_HeapMem_Module__gateObj__C                  
0081a820  ti_sysbios_heaps_HeapMem_Object__count__C                    
0081a824  ti_sysbios_heaps_HeapMem_reqAlign__C                         
0081a828  ti_sysbios_knl_Clock_Module_State_clockQ__O                  
0081a82c  ti_sysbios_knl_Semaphore_A_badContext__C                     
0081a830  ti_sysbios_knl_Semaphore_A_noEvents__C                       
0081a834  ti_sysbios_knl_Semaphore_A_overflow__C                       
0081a838  ti_sysbios_knl_Semaphore_A_pendTaskDisabled__C               
0081a83c  ti_sysbios_knl_Semaphore_Instance_State_pendQ__O             
0081a840  ti_sysbios_knl_Semaphore_Module__diagsEnabled__C             
0081a844  ti_sysbios_knl_Semaphore_Module__diagsIncluded__C            
0081a848  ti_sysbios_knl_Semaphore_Module__diagsMask__C                
0081a84c  ti_sysbios_knl_Swi_Object__count__C                          
0081a850  ti_sysbios_knl_Task_A_badPriority__C                         
0081a854  ti_sysbios_knl_Task_A_badTaskState__C                        
0081a858  ti_sysbios_knl_Task_A_badThreadType__C                       
0081a85c  ti_sysbios_knl_Task_A_badTimeout__C                          
0081a860  ti_sysbios_knl_Task_A_noPendElem__C                          
0081a864  ti_sysbios_knl_Task_A_sleepTaskDisabled__C                   
0081a868  ti_sysbios_knl_Task_E_spOutOfBounds__C                       
0081a86c  ti_sysbios_knl_Task_E_stackOverflow__C                       
0081a870  ti_sysbios_knl_Task_Module_State_inactiveQ__O                
0081a874  ti_sysbios_knl_Task_Module__diagsEnabled__C                  
0081a878  ti_sysbios_knl_Task_Module__diagsIncluded__C                 
0081a87c  ti_sysbios_knl_Task_Module__diagsMask__C                     
0081a880  ti_sysbios_knl_Task_Object__count__C                         
0081a884  ti_sysbios_knl_Task_Object__heap__C                          
0081a888  ti_sysbios_knl_Task_allBlockedFunc__C                        
0081a88c  ti_sysbios_knl_Task_defaultStackHeap__C                      
0081a890  ti_sysbios_knl_Task_defaultStackSize__C                      
0081a894  ti_sysbios_knl_Task_numConstructedTasks__C                   
0081a898  ti_sysbios_timers_rti_Timer_E_cannotSupport__C               
0081a89c  ti_sysbios_timers_rti_Timer_Module__diagsEnabled__C          
0081a8a0  ti_sysbios_timers_rti_Timer_Module__diagsIncluded__C         
0081a8a4  ti_sysbios_timers_rti_Timer_Module__diagsMask__C             
0081a8a8  ti_sysbios_timers_rti_Timer_numTimerDevices__C               
0081a8ac  ti_sysbios_timers_rti_Timer_startupNeeded__C                 
0081a8b0  ti_sysbios_utils_Load_Module_State_taskList__O               
0081a8b4  ti_sysbios_utils_Load_Module__diagsEnabled__C                
0081a8b8  ti_sysbios_utils_Load_Module__diagsIncluded__C               
0081a8bc  ti_sysbios_utils_Load_Module__diagsMask__C                   
0081a8c0  ti_sysbios_utils_Load_postUpdate__C                          
0081a8c4  ti_sysbios_utils_Load_windowInMs__C                          
0081a8c8  xdc_runtime_Assert_E_assertFailed__C                         
0081a8cc  xdc_runtime_Core_A_initializedParams__C                      
0081a8d0  xdc_runtime_Core_Module__diagsEnabled__C                     
0081a8d4  xdc_runtime_Core_Module__diagsIncluded__C                    
0081a8d8  xdc_runtime_Core_Module__diagsMask__C                        
0081a8dc  xdc_runtime_Error_E_memory__C                                
0081a8e0  xdc_runtime_Error_policyFxn__C                               
0081a8e4  xdc_runtime_Error_policy__C                                  
0081a8e8  xdc_runtime_Error_raiseHook__C                               
0081a8ec  xdc_runtime_IFilterLogger_Interface__BASE__C                 
0081a8f0  xdc_runtime_IGateProvider_Interface__BASE__C                 
0081a8f4  xdc_runtime_IHeap_Interface__BASE__C                         
0081a8f8  xdc_runtime_ILogger_Interface__BASE__C                       
0081a8fc  xdc_runtime_IModule_Interface__BASE__C                       
0081a900  xdc_runtime_LoggerBuf_E_badLevel__C                          
0081a904  xdc_runtime_LoggerBuf_Module__gateObj__C                     
0081a908  xdc_runtime_LoggerBuf_Object__count__C                       
0081a90c  xdc_runtime_LoggerBuf_statusLogger__C                        
0081a910  xdc_runtime_Main_Module__diagsEnabled__C                     
0081a914  xdc_runtime_Main_Module__diagsIncluded__C                    
0081a918  xdc_runtime_Main_Module__diagsMask__C                        
0081a91c  xdc_runtime_Main_Module__loggerFxn1__C                       
0081a920  xdc_runtime_Main_Module__loggerFxn2__C                       
0081a924  xdc_runtime_Main_Module__loggerFxn4__C                       
0081a928  xdc_runtime_Main_Module__loggerObj__C                        
0081a92c  xdc_runtime_Memory_defaultHeapInstance__C                    
0081a930  xdc_runtime_Startup_execImpl__C                              
0081a934  xdc_runtime_Startup_maxPasses__C                             
0081a938  xdc_runtime_Startup_sfxnRts__C                               
0081a93c  xdc_runtime_Startup_sfxnTab__C                               
0081a940  xdc_runtime_System_Module__gateObj__C                        
0081a944  xdc_runtime_System_abortFxn__C                               
0081a948  xdc_runtime_System_exitFxn__C                                
0081a94c  xdc_runtime_System_extendFxn__C                              
0081a950  xdc_runtime_System_maxAtexitHandlers__C                      
0081a954  xdc_runtime_Text_charTab__C                                  
0081a958  xdc_runtime_Text_nameEmpty__C                                
0081a95c  xdc_runtime_Text_nameStatic__C                               
0081a960  xdc_runtime_Text_nameUnknown__C                              
0081a964  xdc_runtime_Text_nodeTab__C                                  
0081a968  xdc_runtime_Text_visitRopeFxn__C                             
0081a96c  ti_sysbios_family_c64p_Exception_Module__id__C               
0081a96e  ti_sysbios_family_c64p_Exception_useInternalBuffer__C        
0081a970  ti_sysbios_gates_GateMutex_Module__id__C                     
0081a972  ti_sysbios_hal_Hwi_Module__id__C                             
0081a974  ti_sysbios_heaps_HeapMem_Module__id__C                       
0081a976  ti_sysbios_knl_Semaphore_Module__id__C                       
0081a978  ti_sysbios_knl_Task_Module__id__C                            
0081a97a  ti_sysbios_timers_rti_Timer_Module__id__C                    
0081a97c  ti_sysbios_timers_rti_Timer_continueOnSuspend__C             
0081a97e  ti_sysbios_utils_Load_Module__id__C                          
0081a980  ti_sysbios_utils_Load_autoAddTasks__C                        
0081a982  ti_sysbios_utils_Load_updateInIdle__C                        
0081a984  xdc_runtime_Core_Module__id__C                               
0081a986  xdc_runtime_Error_maxDepth__C                                
0081a988  xdc_runtime_LoggerBuf_Module__id__C                          
0081a98a  xdc_runtime_LoggerBuf_filterByLevel__C                       
0081a98c  xdc_runtime_Main_Module__id__C                               
0081a98e  xdc_runtime_Main_Module__loggerDefined__C                    
0081a990  xdc_runtime_Memory_Module__id__C                             
0081a992  xdc_runtime_Text_charCnt__C                                  
0081a994  xdc_runtime_Text_isLoaded__C                                 
0081a996  xdc_runtime_Text_registryModsLastId__C                       
0081a998  xdc_runtime_Text_unnamedModsLastId__C                        
0081a9a0  ti_sysbios_family_c64p_EventCombiner_Module__state__V        
0081ada0  _ftable                                                      
0081af80  _stream                                                      
0081b020  ti_sysbios_utils_Load_Module__state__V                       
0081b0b8  ti_sysbios_knl_Swi_Module_State_0_readyQ__A                  
0081b138  ti_sysbios_knl_Task_Module_State_0_readyQ__A                 
0081b1b8  _device                                                      
0081b230  ti_sysbios_family_c64p_Hwi_Object__table__V                  
0081b2a8  ti_sysbios_family_c64p_Hwi_Module__state__V                  
0081b314  _lock                                                        
0081b318  ti_sysbios_knl_Task_Object__table__V                         
0081b374  gMailboxMCB                                                  
0081b3c4  ti_sysbios_knl_Task_Module__state__V                         
0081b40c  _unlock                                                      
0081b450  SOC_TranslateAddr_LUT                                        
0081b4d0  ti_sysbios_gates_GateMutex_Object__table__V                  
0081b510  ti_sysbios_timers_rti_Timer_Object__table__V                 
0081b54c  ti_sysbios_family_c64p_Exception_Module__state__V            
0081b57c  __TI_ft_end                                                  
0081b580  ti_sysbios_knl_Swi_Object__table__V                          
0081b5b0  ti_sysbios_knl_Clock_Module__state__V                        
0081b5dc  gDPC_ObjectDetectionCfg                                      
0081b600  ti_sysbios_BIOS_Module__state__V                             
0081b624  __errno                                                      
0081b624  errno                                                        
0081b628  xdc_runtime_LoggerBuf_Object__table__V                       
0081b64c  ti_sysbios_family_c64p_Cache_Module__state__V                
0081b670  gSOCHwAttrib                                                 
0081b690  xdc_runtime_Error_IgnoreBlock                                
0081b6b0  xdc_runtime_System_Module_State_0_atexitHandlers__A          
0081b6d0  ti_sysbios_knl_Swi_Module__state__V                          
0081b6ec  ti_sysbios_heaps_HeapBuf_Module__state__V                    
0081b6f0  ti_sysbios_utils_Load_Module_State_0_taskEnv__A              
0081b70c  gMailboxDssBssHwCfg                                          
0081b724  gMailboxDssMssHwCfg                                          
0081b73c  xdc_runtime_Memory_Module__state__V                          
0081b740  ti_sysbios_heaps_HeapMem_Object__table__V                    
0081b758  ti_sysbios_timers_rti_Timer_Module_State_0_device__A         
0081b770  gDPMRemoteTable                                              
0081b784  xdc_runtime_Error_Module__state__V                           
0081b786  xdc_runtime_Main_Module__root__V                             
0081b788  ti_sysbios_timers_rti_Timer_Module_State_0_intFreqs__A       
0081b798  ti_sysbios_timers_rti_Timer_Module__state__V                 
0081b7a8  __TI_cleanup_ptr                                             
0081b7ac  __TI_dtors_ptr                                               
0081b7b0  __TI_enable_exit_profile_output                              
0081b7b4  ti_sysbios_knl_Task_Module__root__V                          
0081b7c0  gDPMHwAttrib                                                 
0081b7c8  ti_sysbios_gates_GateHwi_Module__root__V                     
0081b7d0  ti_sysbios_gates_GateMutex_Module__root__V                   
0081b7d8  ti_sysbios_hal_Hwi_Object__table__V                          
0081b7e0  ti_sysbios_heaps_HeapMem_Module__root__V                     
0081b7e8  ti_sysbios_knl_Queue_Module__root__V                         
0081b7f0  ti_sysbios_knl_Semaphore_Module__root__V                     
0081b7f8  ti_sysbios_timers_rti_Timer_Module_State_0_handles__A        
0081b800  xdc_runtime_LoggerBuf_Module__root__V                        
0081b808  xdc_runtime_Registry_Module__state__V                        
0081b810  xdc_runtime_Startup_Module__state__V                         
0081b818  xdc_runtime_System_Module__state__V                          
0081b820  xdc_runtime_LoggerBuf_Module__state__V                       
0081b828  ti_sysbios_gates_GateHwi_Object__table__V                    
0081b830  ti_sysbios_knl_Task_Module_State_0_idleTask__A               
0081b838  ti_sysbios_utils_Load_Module_State_0_runningTask__A          
0081b840  ti_sysbios_utils_Load_Module_State_0_taskStartTime__A        
0081b918  __TI_STATIC_BASE                                             
0081b918  gObjDetObj                                                   
0081b91c  gAntennaSpacing                                              
0081b924  gDPM                                                         
0081b928  regionId                                                     
00f00000  gDPC_ObjDetL1Heap                                            
20000000  gMmwL3                                                       
21080000  gHSRAM                                                       
ffffffff  __TI_pprof_out_hndl                                          
ffffffff  __TI_prof_data_size                                          
ffffffff  __TI_prof_data_start                                         
ffffffff  __binit__                                                    
ffffffff  __c_args__                                                   
ffffffff  binit                                                        
UNDEFED   __TI_CINIT_Base                                              
UNDEFED   __TI_CINIT_Limit                                             
UNDEFED   __TI_Handler_Table_Base                                      
UNDEFED   __TI_Handler_Table_Limit                                     
UNDEFED   __TI_INITARRAY_Base                                          
UNDEFED   __TI_INITARRAY_Limit                                         
UNDEFED   __TI_TLS_INIT_Base                                           
UNDEFED   __TI_TLS_INIT_Limit                                          

[802 symbols]
