******************************************************************************
                  TI ARM Linker Unix v16.9.6                   
******************************************************************************
>> Linked Mon Feb  5 18:09:05 2024

OUTPUT FILE NAME:   <xwr68xx_mmw_demo_mss.xer4f>
ENTRY POINT SYMBOL: "_c_int00"  address: 0001de64


MEMORY CONFIGURATION

         name            origin    length      used     unused   attr    fill
----------------------  --------  ---------  --------  --------  ----  --------
PAGE 0:
  VECTORS               00000000   00000100  0000003c  000000c4     X
  PROG_RAM              00000100   0007ff00  000259c6  0005a53a  R  X
  DATA_RAM              08000000   00030000  0000fbf0  00020410  RW  
  L3_RAM                51000000   000c0000  000c0000  00000000  RW  
  HWA_RAM               52030000   00010000  00000000  00010000  RW  
  HS_RAM                52080000   00008000  00000000  00008000  RW  

PAGE 1:
  L3_RAM                51000000   000c0000  00000000  000c0000  RW  


SEGMENT ALLOCATION MAP

run origin  load origin   length   init length attrs members
----------  ----------- ---------- ----------- ----- -------
00000000    00000000    0000003c   0000003c    r--
  00000000    00000000    0000003c   0000003c    r-- .vecs
00000100    00000100    000259d0   000259d0    r-x
  00000100    00000100    00024292   00024292    r-x .text
  00024398    00024398    000011a4   000011a4    r-- .const
  00025540    00025540    00000590   00000590    r-- .cinit
08000000    08000000    0000fbf8   00000000    rw-
  08000000    08000000    00008000   00000000    rw- systemHeap
  08008000    08008000    00003a5c   00000000    rw- .bss
  0800ba60    0800ba60    00002194   00000000    rw- .data
  0800dbf4    0800dbf4    00001000   00000000    rw- .dpcLocalRam
  0800ebf8    0800ebf8    00000800   00000000    rw- .myFiqStack
  0800f3f8    0800f3f8    00000800   00000000    rw- .stack
51000000    51000000    000c0000   00000000    rw-
  51000000    51000000    000c0000   00000000    rw- .l3ram


SECTION ALLOCATION MAP

 output                                  attributes/
section   page    origin      length       input sections
--------  ----  ----------  ----------   ----------------
.vecs      0    00000000    0000003c     
                  00000000    0000003c     mmw_mss_per4ft.oer4ft (.vecs)

.myFiqStack 
*          0    0800ebf8    00000800     UNINITIALIZED
                  0800ebf8    00000800     mmw_mss_per4ft.oer4ft (.myFiqStack)

xdc.meta   0    00000000    0000011a     COPY SECTION
                  00000000    0000011a     mmw_mss_per4ft.oer4ft (xdc.meta)

xdc.noload 
*          0    00000000    00000000     COPY SECTION

.text      0    00000100    00024292     
                  00000100    00001d38     libsleep_xwr68xx.aer4f : libsleep_xwr68xx.obj (.text)
                  00001e38    0000107a     rtsv7R4_T_le_v3D16_eabi.lib : _printfi.obj (.text)
                  00002eb2    00000002     libadcbuf_xwr68xx.aer4f : adcbuf_mmwave.oer4f (.text:ADCBUF_MMWave_init)
                  00002eb4    00000af0     mss_main.oer4f (.text:MmwDemo_dataPathConfig)
                  000039a4    00000898     rtsv7R4_T_le_v3D16_eabi.lib : _scanfi.obj (.text)
                  0000423c    000007c6     mmw_cli.oer4f (.text:MmwDemo_CLIInit)
                  00004a02    00000002     libhwa_xwr68xx.aer4f : hwa.oer4f (.text:HWA_init)
                  00004a04    000006ec     mss_main.oer4f (.text:MmwDemo_initTask)
                  000050f0    00000658     libhwa_xwr68xx.aer4f : hwa.oer4f (.text:HWA_configParamSet)
                  00005748    000005fc     rtsv7R4_T_le_v3D16_eabi.lib : k_rem_pio2.obj (.text)
                  00005d44    000005a1     mss_main.oer4f (.text:MmwDemo_openSensor)
                  000062e5    00000001     --HOLE-- [fill = 0]
                  000062e6    00000002     libmmwave_xwr68xx.aer4f : mmwave_link.oer4f (.text:MMWave_maskHostIRQ)
                  000062e8    00000564     librangeproc_hwa_xwr68xx.aer4f : rangeprochwa.oer4f (.text:DPU_RangeProcHWA_process)
                  0000684c    00000004     libosal_xwr68xx.aer4f : HwiP_tirtos.oer4f (.text:HwiP_disableInterrupt)
                  00006850    000004e1     sysbios.aer4ft : BIOS.obj (.text:xdc_runtime_System_doPrint__I)
                  00006d31    00000001     --HOLE-- [fill = 0]
                  00006d32    00000002     libqspiflash_xwr68xx.aer4f : qspiflash.oer4f (.text:QSPIFlash_init)
                  00006d34    000004d8     mss_main.oer4f (.text:MmwDemo_handleObjectDetResult)
                  0000720c    000004a8     libadcbuf_xwr68xx.aer4f : adcbuf_mmwave.oer4f (.text:ADCBUF_MMWave_control)
                  000076b4    00000440     mmwdemo_rfparser.oer4f (.text:MmwDemo_RFParser_parseCtrlConfig)
                  00007af4    0000043c     librangeproc_hwa_xwr68xx.aer4f : rangeprochwa.oer4f (.text:DPU_RangeProcHWA_config)
                  00007f30    00000410     libcli_xwr68xx.aer4f : cli_mmwave.oer4f (.text:CLI_MMWaveVersion)
                  00008340    00000400     mmw_cli.oer4f (.text:MmwDemo_CLISensorStart)
                  00008740    000003f4     rtsv7R4_T_le_v3D16_eabi.lib : s_cos.obj (.text)
                  00008b34    000003e8     mss_main.oer4f (.text:MmwDemo_transmitProcessedOutput)
                  00008f1c    000003b0     mss_main.oer4f (.text:MmwDemo_DPC_ObjectDetection_reportFxn)
                  000092cc    00000328     mss_main.oer4f (.text:MmwDemo_processPendingDynamicCfgCommands)
                  000095f4    00000314     libsoc_xwr68xx.aer4f : soc_xwr68xx_mss.oer4f (.text:SOC_deviceInit)
                  00009908    00000304     librangeproc_hwa_xwr68xx.aer4f : rangeprochwa.oer4f (.text:rangeProcHWA_ConfigEDMA_DataOut_nonInterleave)
                  00009c0c    000002fc     objdetrangehwa.oer4f (.text:DPC_ObjectDetection_ioctl)
                  00009f08    000002f8     libcbuff_xwr68xx.aer4f : cbuff.oer4f (.text:CBUFF_createSession)
                  0000a200    000002f4     sysbios.aer4ft : BIOS.obj (.text:ti_sysbios_knl_Semaphore_pend__E)
                  0000a4f4    0000000c     libedma_xwr68xx.aer4f : edma_low_level.oer4f (.text:EDMA3ChannelToParamMap)
                  0000a500    000002cc     sysbios.aer4ft : BIOS.obj (.text:ti_sysbios_knl_Task_Instance_finalize__E)
                  0000a7cc    000002c4     objdetrangehwa.oer4f (.text:DPC_ObjDetRangeHwa_rangeConfig)
                  0000aa90    000002c4     libhwa_xwr68xx.aer4f : hwa.oer4f (.text:HWA_configCommon)
                  0000ad54    000002b8     rtsv7R4_T_le_v3D16_eabi.lib : ull_div32.obj (.text)
                  0000b00c    00000004     libosal_xwr68xx.aer4f : HwiP_tirtos.oer4f (.text:HwiP_enableInterrupt)
                  0000b010    000002a4     sysbios.aer4ft : BIOS.obj (.text:ti_sysbios_heaps_HeapMem_freeUnprotected__E)
                  0000b2b4    00000284     libmmwave_xwr68xx.aer4f : mmwave_dualcore.oer4f (.text:MMWave_deviceExecuteFxn)
                  0000b538    00000280     libhsiheader_xwr68xx.aer4f : hsiheader.oer4f (.text:HSIHeader_createHeader)
                  0000b7b8    00000008     libosal_xwr68xx.aer4f : HwiP_tirtos.oer4f (.text:HwiP_disable)
                  0000b7c0    00000280     sysbios.aer4ft : BIOS.obj (.text:ti_sysbios_family_arm_exc_Exception_excDumpContext__I)
                  0000ba40    0000027c     mss_main.oer4f (.text:MmwDemo_sensorStopEpilog)
                  0000bcbc    0000026c     libqspiflash_xwr68xx.aer4f : qspiflash.oer4f (.text:QSPIFlash_open)
                  0000bf28    00000264     libcbuff_xwr68xx.aer4f : cbuff.oer4f (.text:CBUFF_init)
                  0000c18c    00000260     libmailbox_xwr68xx.aer4f : mailbox.oer4f (.text:Mailbox_open)
                  0000c3ec    0000025c     mss_main.oer4f (.text:MmwDemo_eventCallbackFxn)
                  0000c648    00000254     libcli_xwr68xx.aer4f : cli_mmwave.oer4f (.text:CLI_MMWaveProfileCfg)
                  0000c89c    00000244     mss_main.oer4f (.text:MmwDemo_startSensor)
                  0000cae0    00000240     mss_main.oer4f (.text:idle_power_cycle)
                  0000cd20    0000023c     mmw_lvds_stream.oer4f (.text:MmwDemo_LVDSStreamHwConfig)
                  0000cf5c    00000236     objdetrangehwa.oer4f (.text:DPC_ObjectDetection_execute)
                  0000d192    00000002     libqspi_xwr68xx.aer4f : qspi.oer4f (.text:QSPI_init)
                  0000d194    0000022c     libcbuff_xwr68xx.aer4f : cbuff_lvds.oer4f (.text:CBUFF_openLVDS)
                  0000d3c0    0000022c     librangeproc_hwa_xwr68xx.aer4f : rangeprochwa.oer4f (.text:rangeProcHWA_ConfigHWA)
                  0000d5ec    00000004     libmmwave_xwr68xx.aer4f : mmwave_link.oer4f (.text:MMWave_disableDevice)
                  0000d5f0    00000228     sysbios.aer4ft : BIOS.obj (.text:ti_sysbios_heaps_HeapMem_allocUnprotected__E)
                  0000d818    00000224     mss_main.oer4f (.text:MmwDemo_stopSensor)
                  0000da3c    00000004     libmmwave_xwr68xx.aer4f : mmwave_link.oer4f (.text:MMWave_enableDevice)
                  0000da40    00000224     sysbios.aer4ft : BIOS.obj (.text:ti_sysbios_timers_rti_Timer_Module_startup__E)
                  0000dc64    00000214     libuart_xwr68xx.aer4f : uartsci.oer4f (.text:UartSci_open)
                  0000de78    0000020c     objdetrangehwa.oer4f (.text:DPC_ObjectDetection_init)
                  0000e084    0000020a     libcbuff_xwr68xx.aer4f : cbuff_transfer.oer4f (.text:CBUFF_addLinkedList)
                  0000e28e    00000002     libuart_xwr68xx.aer4f : uartsci.oer4f (.text:UartSci_init)
                  0000e290    00000204     libcli_xwr68xx.aer4f : cli_mmwave.oer4f (.text:CLI_MMWaveChirpCfg)
                  0000e494    00000204     libcrc_xwr68xx.aer4f : crc.oer4f (.text:CRC_open)
                  0000e698    00000008     libmmwave_xwr68xx.aer4f : mmwave.oer4f (.text:MMWave_decodeErrorLevel)
                  0000e6a0    00000204     sysbios.aer4ft : BIOS.obj (.text:ti_sysbios_knl_Task_sleep__E)
                  0000e8a4    0000000c     libedma_xwr68xx.aer4f : edma_low_level.oer4f (.text:EDMAsetRegion)
                  0000e8b0    00000200     sysbios.aer4ft : BIOS.obj (.text:ti_sysbios_knl_Task_Instance_init__E)
                  0000eab0    000001f0     libdma_xwr68xx.aer4f : dma.oer4f (.text:DMA_setChannelParams)
                  0000eca0    000001ef     libedma_xwr68xx.aer4f : edma.oer4f (.text:EDMA_paramConfig_assist)
                  0000ee8f    00000001     --HOLE-- [fill = 0]
                  0000ee90    000001e4     rtsv7R4_T_le_v3D16_eabi.lib : strtod.obj (.text)
                  0000f074    000001e4                                 : strtoll.obj (.text)
                  0000f258    000001d4     libcbuff_xwr68xx.aer4f : cbuff_edma.oer4f (.text:CBUFF_configEDMA)
                  0000f42c    000001d0     libmmwave_xwr68xx.aer4f : mmwave_link.oer4f (.text:MMWave_openLink)
                  0000f5fc    000001cc     mss_main.oer4f (.text:main)
                  0000f7c8    00000008     libmmwave_xwr68xx.aer4f : mmwave_link.oer4f (.text:MMWave_mboxCallbackFxn)
                  0000f7d0    000001cc     sysbios.aer4ft : BIOS.obj (.text:ti_sysbios_family_arm_v7r_vim_Hwi_dispatchIRQC__I)
                  0000f99c    000001c8     libcbuff_xwr68xx.aer4f : cbuff_lvds.oer4f (.text:CBUFF_initLVDS)
                  0000fb64    000001c8     libmmwavelink_xwr68xx.aer4f : rl_driver.oer4f (.text:rlDriverRxHdrRead)
                  0000fd2c    000001c8     rtsv7R4_T_le_v3D16_eabi.lib : fopen.obj (.text)
                  0000fef4    000001c4     libedma_xwr68xx.aer4f : edma.oer4f (.text:EDMA_open)
                  000100b8    000001b4                           : edma.oer4f (.text:EDMA_configChannel)
                  0001026c    000001b0     libmmwavelink_xwr68xx.aer4f : rl_driver.oer4f (.text:rlDriverMsgRead)
                  0001041c    000001a8     mss_main.oer4f (.text:MmwDemo_bpmConfig)
                  000105c4    000001a4     libcbuff_xwr68xx.aer4f : cbuff.oer4f (.text:CBUFF_activateSession)
                  00010768    000001a4     libcli_xwr68xx.aer4f : cli_mmwave.oer4f (.text:CLI_MMWaveSubFrameCfg)
                  0001090c    000001a4     libmmwave_xwr68xx.aer4f : mmwave_dualcore.oer4f (.text:MMWave_serializeCfg)
                  00010ab0    0000019c     mss_main.oer4f (.text:MmwDemo_transferLVDSUserData)
                  00010c4c    00000004     libmmwave_xwr68xx.aer4f : mmwave_listlib.oer4f (.text:MMWave_listGetHead)
                  00010c50    0000019c     sysbios.aer4ft : BIOS.obj (.text:xdc_runtime_Error_policyDefault__E)
                  00010dec    00000190     libmmwavelink_xwr68xx.aer4f : rl_driver.oer4f (.text:rlDriverCmdInvoke)
                  00010f7c    00000188     libhwa_xwr68xx.aer4f : hwa.oer4f (.text:HWA_open)
                  00011104    00000188     mmw_cli.oer4f (.text:MmwDemo_CLIConfigDataPort)
                  0001128c    00000004     libmmwave_xwr68xx.aer4f : mmwave_listlib.oer4f (.text:MMWave_listGetNext)
                  00011290    00000184     sysbios.aer4ft : BIOS.obj (.text:xdc_runtime_LoggerBuf_write8__E)
                  00011414    00000180     libdpm_xwr68xx.aer4f : dpm_core.oer4f (.text:DPM_init)
                  00011594    00000180                          : dpm_msg.oer4f (.text:DPM_msgRecv)
                  00011714    00000180     mmwdemo_rfparser.oer4f (.text:MmwDemo_RFParser_setAoAParams)
                  00011894    00000174     mss_main.oer4f (.text:idle_power_down)
                  00011a08    00000170     libgpio_xwr68xx.aer4f : gpio.oer4f (.text:GPIO_setConfig)
                  00011b78    00000008     libosal_xwr68xx.aer4f : MemoryP_tirtos.oer4f (.text:MemoryP_getStats)
                  00011b80    0000016c     sysbios.aer4ft : BIOS.obj (.text:ti_sysbios_knl_Semaphore_post__E)
                  00011cec    00000004     libmmwave_xwr68xx.aer4f : mmwave_link.oer4f (.text:MMWave_mboxClose)
                  00011cf0    00000168     sysbios.aer4ft : BIOS.obj (.text:ti_sysbios_family_arm_exc_Exception_excHandler__I)
                  00011e58    00000164     mmw_lvds_stream.oer4f (.text:MmwDemo_LVDSStreamInit)
                  00011fbc    00000164     mmw_lvds_stream.oer4f (.text:MmwDemo_LVDSStreamSwConfig)
                  00012120    00000164     rtsv7R4_T_le_v3D16_eabi.lib : strtoull.obj (.text)
                  00012284    00000160     libqspi_xwr68xx.aer4f : qspi.oer4f (.text:QSPI_open)
                  000123e4    0000000c     libmmwave_xwr68xx.aer4f : mmwave_dualcore.oer4f (.text:MMWave_deviceMailboxCallbackFxn)
                  000123f0    00000160     sysbios.aer4ft : BIOS.obj (.text:ti_sysbios_family_arm_v7r_vim_Hwi_reconfig__E)
                  00012550    00000158                    : BIOS.obj (.text:ti_sysbios_knl_Task_postInit__I)
                  000126a8    00000154     objdetrangehwa.oer4f (.text:DPC_ObjectDetection_frameStart)
                  000127fc    0000014c     libcli_xwr68xx.aer4f : cli_mmwave.oer4f (.text:CLI_MMWaveFrameCfg)
                  00012948    0000014c                          : cli.oer4f (.text:CLI_task)
                  00012a94    0000014c     libmmwave_xwr68xx.aer4f : mmwave_link.oer4f (.text:MMWave_initMMWaveLink)
                  00012be0    0000014a     libuart_xwr68xx.aer4f : uartsci.oer4f (.text:UartSci_ISR)
                  00012d2a    00000002     rtsv7R4_T_le_v3D16_eabi.lib : i_div0.obj (.text)
                  00012d2c    00000148     libhsiheader_xwr68xx.aer4f : hsiheader.oer4f (.text:HSIHeader_init)
                  00012e74    00000148     libmmwavelink_xwr68xx.aer4f : rl_driver.oer4f (.text:rlDriverCmdSendRetry)
                  00012fbc    00000146     mmw_cli.oer4f (.text:MmwDemo_CLICalibDcRangeSig)
                  00013102    0000000e     libsoc_xwr68xx.aer4f : soc_xwr68xx_mss.oer4f (.text:SOC_microDelay)
                  00013110    00000140     sysbios.aer4ft : BIOS.obj (.text:ti_sysbios_heaps_HeapMem_Instance_init__E)
                  00013250    00000140                    : BIOS.obj (.text:xdc_runtime_Core_createObject__I)
                  00013390    0000013c     mmw_lvds_stream.oer4f (.text:MmwDemo_LVDSStreamDeleteHwSession)
                  000134cc    00000004     libmmwave_xwr68xx.aer4f : mmwave_link.oer4f (.text:MMWave_mboxRead)
                  000134d0    0000013c     sysbios.aer4ft : BIOS.obj (.text:ti_sysbios_knl_Clock_workFunc__E)
                  0001360c    00000134     libadcbuf_xwr68xx.aer4f : adcbuf_mmwave.oer4f (.text:ADCBUF_MMWave_open)
                  00013740    00000134     sysbios.aer4ft : BIOS.obj (.text:xdc_runtime_Startup_startMods__I)
                  00013874    00000130     mmw_lvds_stream.oer4f (.text:MmwDemo_LVDSStreamDeleteSwSession)
                  000139a4    00000130     rtsv7R4_T_le_v3D16_eabi.lib : strtol.obj (.text)
                  00013ad4    0000012c     librangeproc_hwa_xwr68xx.aer4f : rangeprochwa.oer4f (.text:rangeProcHWA_ConfigEDMADummyThreeLinks)
                  00013c00    00000128     libmathutils.aer4f : mathutils.oer4f (.text:mathUtils_genWindow)
                  00013d28    00000008     libosal_xwr68xx.aer4f : SemaphoreP_tirtos.oer4f (.text:SemaphoreP_Params_init)
                  00013d30    00000128     sysbios.aer4ft : BIOS.obj (.text:ti_sysbios_utils_Load_updateThreadContexts__E)
                  00013e58    00000124     libcli_xwr68xx.aer4f : cli_mmwave.oer4f (.text:CLI_MMWaveAdvFrameCfg)
                  00013f7c    00000124                          : cli_mmwave.oer4f (.text:CLI_MMWaveContModeCfg)
                  000140a0    00000124     libedma_xwr68xx.aer4f : edma.oer4f (.text:EDMA_init)
                  000141c4    0000000c     libmmwave_xwr68xx.aer4f : mmwave_osal.oer4f (.text:MMWave_osalMutexUnlock)
                  000141d0    00000120     sysbios.aer4ft : BIOS.obj (.text:xdc_runtime_LoggerBuf_write4__E)
                  000142f0    0000011c     objdetrangehwa.oer4f (.text:DPC_ObjectDetection_start)
                  0001440c    0000011c     mmw_cli.oer4f (.text:MmwDemo_CLILvdsStreamCfg)
                  00014528    00000118     libedma_xwr68xx.aer4f : edma.oer4f (.text:EDMA_transferComplete_isr)
                  00014640    00000118     sysbios.aer4ft : BIOS.obj (.text:ti_sysbios_family_arm_v7r_vim_Hwi_Instance_init__E)
                  00014758    00000114     libedma_xwr68xx.aer4f : edma.oer4f (.text:EDMA_configErrorMonitoring)
                  0001486c    00000110     mss_main.oer4f (.text:MmwDemo_calibInit)
                  0001497c    00000110     rtsv7R4_T_le_v3D16_eabi.lib : strtoul.obj (.text)
                  00014a8c    0000010c     libdpedma_hwa_xwr68xx.aer4f : dpedma.oer4f (.text:DPEDMA_configSyncAB)
                  00014b98    0000010c     libdpm_xwr68xx.aer4f : dpm_msg.oer4f (.text:DPM_msgResultHandler)
                  00014ca4    0000010c     libmmwave_xwr68xx.aer4f : mmwave_link.oer4f (.text:MMWave_asyncEventHandler)
                  00014db0    0000010c                             : mmwave_dualcore.oer4f (.text:MMWave_deviceInitFxn)
                  00014ebc    00000004                             : mmwave_link.oer4f (.text:MMWave_registerInterruptHandler)
                  00014ec0    0000010c     sysbios.aer4ft : BIOS.obj (.text:ti_sysbios_knl_Task_schedule__I)
                  00014fcc    00000004     libmmwave_xwr68xx.aer4f : mmwave_link.oer4f (.text:MMWave_unmaskHostIRQ)
                  00014fd0    0000010c     sysbios.aer4ft : BIOS.obj (.text:xdc_runtime_Core_constructObject__I)
                  000150dc    00000108     libdma_xwr68xx.aer4f : dma.oer4f (.text:DMA_disableInterrupt)
                  000151e4    00000108     libmailbox_xwr68xx.aer4f : mailbox.oer4f (.text:Mailbox_write)
                  000152ec    00000108     mmw_cli.oer4f (.text:MmwDemo_CLICfarCfg)
                  000153f4    00000104     libcbuff_xwr68xx.aer4f : cbuff.oer4f (.text:CBUFF_deinit)
                  000154f8    00000104     libdpedma_hwa_xwr68xx.aer4f : dpedma.oer4f (.text:DPEDMA_configSyncA_singleFrame)
                  000155fc    00000104     libmmwave_xwr68xx.aer4f : mmwave_link.oer4f (.text:MMWave_startLink)
                  00015700    00000104     mmw_cli.oer4f (.text:MmwDemo_CLIChirpQualityRxSatMonCfg)
                  00015804    00000104     mmw_cli.oer4f (.text:MmwDemo_CLICompRangeBiasAndRxChanPhaseCfg)
                  00015908    00000008     librangeproc_hwa_xwr68xx.aer4f : rangeprochwa.oer4f (.text:rangeProcHWADoneIsrCallback)
                  00015910    00000104     sysbios.aer4ft : BIOS.obj (.text:ti_sysbios_timers_rti_Timer_getFreq__E)
                  00015a14    00000100     libcli_xwr68xx.aer4f : cli_mmwave.oer4f (.text:CLI_MMWaveBPMCfgAdvanced)
                  00015b14    00000100     libdma_xwr68xx.aer4f : dma.oer4f (.text:DMA_clearChannelInterruptFlag)
                  00015c14    00000100     libmmwavelink_xwr68xx.aer4f : rl_driver.oer4f (.text:rlDriverInit)
                  00015d14    000000fd     mss_main.oer4f (.text:MmwDemo_setSubFramePendingState)
                  00015e11    00000001     --HOLE-- [fill = 0]
                  00015e12    00000002     mmw_mss_per4ft.oer4ft (.text:ti_sysbios_BIOS_nullFunc__I)
                  00015e14    000000fc     libcbuff_xwr68xx.aer4f : cbuff.oer4f (.text:CBUFF_deleteSession)
                  00015f10    000000fc     libcrc_xwr68xx.aer4f : crc.oer4f (.text:CRC_computeSignature)
                  0001600c    000000fc     mmw_cli.oer4f (.text:MmwDemo_CLIADCBufCfg)
                  00016108    00000008     libmmwavelink_xwr68xx.aer4f : rl_driver.oer4f (.text:rlDriverConstructOutMsg)
                  00016110    000000fc     sysbios.aer4ft : BIOS.obj (.text:ti_sysbios_knl_Task_exit__E)
                  0001620c    000000f8     mmw_lvds_stream.oer4f (.text:MmwDemo_configLVDSHwData)
                  00016304    000000f8     libmmwavelink_xwr68xx.aer4f : rl_driver.oer4f (.text:rlDriverRdVerifyMsg)
                  000163fc    000000f8     mmw_mss_per4ft.oer4ft (.text:xdc_runtime_System_printfExtend__I)
                  000164f4    000000f4     mmw_cli.oer4f (.text:MmwDemo_CLICalibDataSaveRestore)
                  000165e8    00000008     libmmwavelink_xwr68xx.aer4f : rl_driver.oer4f (.text:rlDriverGetHandle)
                  000165f0    000000f0     sysbios.aer4ft : BIOS.obj (.text:ti_sysbios_family_arm_v7r_vim_Hwi_Module_startup__E)
                  000166e0    000000f0                    : BIOS.obj (.text:ti_sysbios_knl_Task_startCore__E)
                  000167d0    000000f0                    : BIOS.obj (.text:ti_sysbios_utils_Load_taskCreateHook__E)
                  000168c0    000000ec     rtsv7R4_T_le_v3D16_eabi.lib : s_scalbn.obj (.text)
                  000169ac    00000004     libmmwave_xwr68xx.aer4f : mmwave_link.oer4f (.text:MMWave_waitIRQStatus)
                  000169b0    000000ec     sysbios.aer4ft : BIOS.obj (.text:ti_sysbios_heaps_HeapBuf_Module_startup__E)
                  00016a9c    000000ea     libdpedma_hwa_xwr68xx.aer4f : dpedmahwa.oer4f (.text:DPEDMAHWA_configTwoHotSignature)
                  00016b86    00000002     mmw_mss_per4ft.oer4ft (.text:xdc_runtime_Startup_reset__I)
                  00016b88    000000e8     mmw_cli.oer4f (.text:MmwDemo_CLIChirpQualitySigImgMonCfg)
                  00016c70    000000e8     libmmwavelink_xwr68xx.aer4f : rl_sensor.oer4f (.text:rlRfCalibDataStore)
                  00016d58    000000e8                                 : rl_sensor.oer4f (.text:rlRfPhShiftCalibDataStore)
                  00016e40    000000e4     mmw_cli.oer4f (.text:MmwDemo_CLIBpmCfg)
                  00016f24    000000e4     libmmwavelink_xwr68xx.aer4f : rl_sensor.oer4f (.text:rlRfPhShiftCalibDataRestore)
                  00017008    000000e3     objdetrangehwa.oer4f (.text:DPC_ObjectDetection_stop)
                  000170eb    00000001     --HOLE-- [fill = 0]
                  000170ec    000000e0     libcli_xwr68xx.aer4f : cli.oer4f (.text:CLI_open)
                  000171cc    000000e0     libdma_xwr68xx.aer4f : dma.oer4f (.text:DMA_enableInterrupt)
                  000172ac    000000e0     rtsv7R4_T_le_v3D16_eabi.lib : s_floor.obj (.text)
                  0001738c    000000dc     libmmwave_xwr68xx.aer4f : mmwave.oer4f (.text:MMWave_init)
                  00017468    000000dc     mmw_cli.oer4f (.text:MmmwDemo_CLIIdleModeCycle)
                  00017544    000000dc     mmw_cli.oer4f (.text:MmmwDemo_CLIIdleModeDown)
                  00017620    000000dc     libmmwavelink_xwr68xx.aer4f : rl_driver.oer4f (.text:rlDriverMsgCmdReply)
                  000176fc    000000dc     rtsv7R4_T_le_v3D16_eabi.lib : setvbuf.obj (.text)
                  000177d8    000000d4     libmailbox_xwr68xx.aer4f : mailbox.oer4f (.text:Mailbox_read)
                  000178ac    000000d4     librangeproc_hwa_xwr68xx.aer4f : rangeprochwa.oer4f (.text:rangeProcHWA_ConfigEDMA_DataIn)
                  00017980    000000d4     libmmwavelink_xwr68xx.aer4f : rl_sensor.oer4f (.text:rlSetMultiBpmChirpConfig)
                  00017a54    0000000c     libmmwave_xwr68xx.aer4f : mmwave_osal.oer4f (.text:MMWave_osalSemSignal)
                  00017a60    000000d4     sysbios.aer4ft : BIOS.obj (.text:ti_sysbios_utils_Load_logLoads__I)
                  00017b34    000000d0     librangeproc_hwa_xwr68xx.aer4f : rangeprochwa.oer4f (.text:DPU_RangeProcHWA_control)
                  00017c04    000000d0     libsoc_xwr68xx.aer4f : soc_xwr68xx_mss.oer4f (.text:SOC_controlSecureFirewall)
                  00017cd4    000000d0     sysbios.aer4ft : exc_Exception_asm.obj (.text:ti_sysbios_family_arm_exc_Exception_excHandlerAsm__I)
                  00017da4    0000000c     libuart_xwr68xx.aer4f : UART.oer4f (.text:UART_Params_init)
                  00017db0    000000d0     sysbios.aer4ft : BIOS.obj (.text:ti_sysbios_utils_Load_idleFxn__E)
                  00017e80    000000d0                    : BIOS.obj (.text:xdc_runtime_LoggerBuf_Instance_init__E)
                  00017f50    000000cc     libhwa_xwr68xx.aer4f : hwa.oer4f (.text:HWA_enableParamSetInterrupt)
                  0001801c    000000cc     mss_main.oer4f (.text:MmwDemo_configSensor)
                  000180e8    000000cc     libmmwavelink_xwr68xx.aer4f : rl_sensor.oer4f (.text:rlRfCalibDataRestore)
                  000181b4    000000cc                                 : rl_sensor.oer4f (.text:rlSetChirpConfig)
                  00018280    000000cc     rtsv7R4_T_le_v3D16_eabi.lib : fflush.obj (.text)
                  0001834c    000000cc                                 : sscanf.obj (.text)
                  00018418    00000008     sysbios.aer4ft : BIOS.obj (.text:ti_sysbios_family_arm_v7a_Pmu_getEnabled__E)
                  00018420    000000cc                    : BIOS.obj (.text:ti_sysbios_knl_Task_checkStacks__E)
                  000184ec    000000c8     libmmwave_xwr68xx.aer4f : mmwave_fullcfg.oer4f (.text:MMWave_addChirp)
                  000185b4    000000c8                             : mmwave_link.oer4f (.text:MMWave_configBPM)
                  0001867c    000000c8                             : mmwave_fullcfg.oer4f (.text:MMWave_flushCfg)
                  00018744    000000c8                             : mmwave_fullcfg.oer4f (.text:MMWave_getChirpHandle)
                  0001880c    000000c8     libsoc_xwr68xx.aer4f : soc_xwr68xx.oer4f (.text:SOC_ungateClock)
                  000188d4    000000c8     libmmwavelink_xwr68xx.aer4f : rl_sensor.oer4f (.text:rlSetFrameConfig)
                  0001899c    000000c4     libcbuff_xwr68xx.aer4f : cbuff_transfer.oer4f (.text:CBUFF_setupNonInterleaved_CP_ADC_CQ)
                  00018a60    000000c4     libdpm_xwr68xx.aer4f : dpm_core.oer4f (.text:DPM_deinit)
                  00018b24    000000c4                          : dpm_core.oer4f (.text:DPM_ioctl)
                  00018be8    00000008     mmw_mss_per4ft.oer4ft (.text:xdc_runtime_Text_visitRope__I)
                  00018bf0    000000c4     sysbios.aer4ft : BIOS.obj (.text:ti_sysbios_family_arm_v7a_Pmu_configureCounter__E)
                  00018cb4    000000c0     librangeproc_hwa_xwr68xx.aer4f : rangeprochwa.oer4f (.text:DPU_RangeProcHWA_init)
                  00018d74    000000c0     mmw_cli.oer4f (.text:MmwDemo_CLIAnalogMonitorCfg)
                  00018e34    000000c0     mss_main.oer4f (.text:MmwDemo_isAllCfgInPendingState)
                  00018ef4    000000c0     libmmwavelink_xwr68xx.aer4f : rl_driver.oer4f (.text:rlDriverMsgWrite)
                  00018fb4    0000000c     libuart_xwr68xx.aer4f : uartsci_dma.oer4f (.text:UartSci_isDMAEnabled)
                  00018fc0    000000c0     sysbios.aer4ft : BIOS.obj (.text:ti_sysbios_timers_rti_Timer_startup__E)
                  00019080    000000bc     libcli_xwr68xx.aer4f : cli.oer4f (.text:CLI_help)
                  0001913c    000000bc     libgpio_xwr68xx.aer4f : gpio.oer4f (.text:GPIO_write)
                  000191f8    000000bc     libmmwave_xwr68xx.aer4f : mmwave_link.oer4f (.text:MMWave_computeCRC)
                  000192b4    000000bc     mmw_lvds_stream.oer4f (.text:MmwDemo_LVDSStream_EDMAInit)
                  00019370    000000bc     rtsv7R4_T_le_v3D16_eabi.lib : open.obj (.text)
                  0001942c    000000b8     libcbuff_xwr68xx.aer4f : cbuff.oer4f (.text:CBUFF_ISR)
                  000194e4    000000b8                            : cbuff_transfer.oer4f (.text:CBUFF_setupTransfer)
                  0001959c    000000b8     libdma_xwr68xx.aer4f : dma.oer4f (.text:DMA_getChannelInterruptFlag)
                  00019654    000000b8     rtsv7R4_T_le_v3D16_eabi.lib : k_cos.obj (.text)
                  0001970c    000000b6     libsoc_xwr68xx.aer4f : soc_mpu.o (.text)
                  000197c2    0000000e     libosal_xwr68xx.aer4f : SemaphoreP_tirtos.oer4f (.text:SemaphoreP_delete)
                  000197d0    000000b4     sysbios.aer4ft : BIOS.obj (.text:ti_sysbios_gates_GateMutex_enter__E)
                  00019884    0000000c                    : arm_IntrinsicsSupport_asm.obj (.text:_ti_sysbios_family_arm_IntrinsicsSupport_maxbitA)
                  00019890    000000b4                    : BIOS.obj (.text:xdc_runtime_LoggerBuf_setFilterLevel__E)
                  00019944    000000b2     libuart_xwr68xx.aer4f : uartsci_dma.oer4f (.text:UartSci_openDMA)
                  000199f6    00000002     --HOLE-- [fill = 0]
                  000199f8    000000b0     libcbuff_xwr68xx.aer4f : cbuff.oer4f (.text:CBUFF_deactivateSession)
                  00019aa8    000000b0     libmmwave_xwr68xx.aer4f : mmwave_fullcfg.oer4f (.text:MMWave_addProfile)
                  00019b58    000000b0     mss_main.oer4f (.text:MmwDemo_edmaOpen)
                  00019c08    000000b0     mss_main.oer4f (.text:MmwDemo_isAllCfgInNonPendingState)
                  00019cb8    000000b0     libmmwavelink_xwr68xx.aer4f : rl_sensor.oer4f (.text:rlSetProfileConfig)
                  00019d68    00000006     libosal_xwr68xx.aer4f : CycleprofilerP_tirtos.oer4f (.text:CycleprofilerP_getTimeStamp)
                  00019d6e    00000002     --HOLE-- [fill = 0]
                  00019d70    000000b0     sysbios.aer4ft : BIOS.obj (.text:ti_sysbios_utils_Load_updateLoads__E)
                  00019e20    000000b0                    : BIOS.obj (.text:xdc_runtime_Text_putMod__E)
                  00019ed0    000000ae     mmwdemo_adcconfig.oer4f (.text:MmwDemo_ADCBufConfig)
                  00019f7e    000000ae     rtsv7R4_T_le_v3D16_eabi.lib : _io_perm.obj (.text)
                  0001a02c    000000ac     libesm_xwr68xx.aer4f : esm.oer4f (.text:ESM_processInterrupt)
                  0001a0d8    00000006     objdetrangehwa.oer4f (.text:DPC_ObjDetRangeHwa_GetRangeWinGenLen)
                  0001a0de    00000002     --HOLE-- [fill = 0]
                  0001a0e0    000000ac     sysbios.aer4ft : BIOS.obj (.text:ti_sysbios_knl_Task_Module_startup__E)
                  0001a18c    00000004     mss_main.oer4f (.text:MmwDemo_sleep)
                  0001a190    000000ac     sysbios.aer4ft : BIOS.obj (.text:ti_sysbios_utils_Load_startup__E)
                  0001a23c    000000a8     libadcbuf_xwr68xx.aer4f : adcbuf_mmwave.oer4f (.text:ADCBUF_MMWave_getChanBufAddr)
                  0001a2e4    000000a8     libcli_xwr68xx.aer4f : cli_mmwave.oer4f (.text:CLI_MMWaveExtensionHelp)
                  0001a38c    000000a8     libedma_xwr68xx.aer4f : edma_low_level.oer4f (.text:EDMA3Init)
                  0001a434    000000a8     libmmwave_xwr68xx.aer4f : mmwave_link.oer4f (.text:MMWave_configureProfileChirp)
                  0001a4dc    000000a8                             : mmwave_fullcfg.oer4f (.text:MMWave_getBpmChirpHandle)
                  0001a584    000000a8     libpinmux_xwr68xx.aer4f : pinmux.oer4f (.text:Pinmux_Set_OverrideCtrl)
                  0001a62c    000000a8     libsoc_xwr68xx.aer4f : soc.oer4f (.text:SOC_deregisterSysIntListener)
                  0001a6d4    000000a8     libmmwavelink_xwr68xx.aer4f : rl_driver.oer4f (.text:rlDriverWaitForResponse)
                  0001a77c    000000a8                                 : rl_sensor.oer4f (.text:rlSetAdvFrameConfig)
                  0001a824    000000a4     libdma_xwr68xx.aer4f : dma.oer4f (.text:DMA_assignChannel)
                  0001a8c8    000000a4     libesm_xwr68xx.aer4f : esm.oer4f (.text:ESM_init)
                  0001a96c    000000a4     libmmwave_xwr68xx.aer4f : mmwave_fullcfg.oer4f (.text:MMWave_addBpmChirp)
                  0001aa10    000000a4                             : mmwave.oer4f (.text:MMWave_start)
                  0001aab4    000000a4     libqspiflash_xwr68xx.aer4f : qspiflash.oer4f (.text:QSPIFlash_mmapWrite)
                  0001ab58    000000a4     libsoc_xwr68xx.aer4f : soc_xwr68xx_mss.oer4f (.text:SOC_unhaltDSS)
                  0001abfc    000000a4     rtsv7R4_T_le_v3D16_eabi.lib : k_sin.obj (.text)
                  0001aca0    000000a2     sysbios.aer4ft : BIOS.obj (.text:xdc_runtime_Text_putSite__E)
                  0001ad42    00000002     --HOLE-- [fill = 0]
                  0001ad44    000000a0     libqspiflash_xwr68xx.aer4f : qspiflash.oer4f (.text:QSPIFlash_configMmapRead)
                  0001ade4    000000a0                                : qspiflash_device_macronix.oer4f (.text:QSPIFlash_macronix_progQuadRead)
                  0001ae84    000000a0     libsoc_xwr68xx.aer4f : soc.oer4f (.text:SOC_registerSysIntListener)
                  0001af24    000000a0     auto_init.aer4ft : auto_init.oer4ft (.text)
                  0001afc4    0000000c     rtsv7R4_T_le_v3D16_eabi.lib : copy_zero_init.obj (.text:decompress:ZI)
                  0001afd0    000000a0     sysbios.aer4ft : BIOS.obj (.text:ti_sysbios_knl_Task_blockI__E)
                  0001b070    0000009c     libmmwave_xwr68xx.aer4f : mmwave_link.oer4f (.text:MMWave_configLink)
                  0001b10c    0000009c                             : mmwave_fullcfg.oer4f (.text:MMWave_getProfileHandle)
                  0001b1a8    0000009c     mmw_cli.oer4f (.text:MmwDemo_CLIMeasureRangeBiasAndRxChanPhaseCfg)
                  0001b244    0000009c     libqspiflash_xwr68xx.aer4f : qspiflash_device_spansion.oer4f (.text:QSPIFlash_spansion_progQuadRead)
                  0001b2e0    0000009c     libuart_xwr68xx.aer4f : uartsci.oer4f (.text:UartSci_write)
                  0001b37c    0000009c     rtsv7R4_T_le_v3D16_eabi.lib : memcpy_t2.obj (.text)
                  0001b418    00000006     libdpm_xwr68xx.aer4f : dpm_mailbox.oer4f (.text:DPM_mboxSynch)
                  0001b41e    00000002     --HOLE-- [fill = 0]
                  0001b420    0000009c     sysbios.aer4ft : BIOS.obj (.text:ti_sysbios_family_arm_v7r_vim_Hwi_initIntController__I)
                  0001b4bc    00000004     mmw_mss_per4ft.oer4ft (.text:ti_sysbios_BIOS_RtsGateProxy_enter__E)
                  0001b4c0    0000009c     sysbios.aer4ft : BIOS.obj (.text:ti_sysbios_family_arm_v7r_vim_Hwi_mapChannel__I)
                  0001b55c    00000004     mmw_mss_per4ft.oer4ft (.text:ti_sysbios_BIOS_RtsGateProxy_leave__E)
                  0001b560    0000009c     sysbios.aer4ft : BIOS.obj (.text:ti_sysbios_knl_Semaphore_Instance_init__E)
                  0001b5fc    0000009a     libdpm_xwr68xx.aer4f : dpm_msg.oer4f (.text:DPM_msgResponseHandler)
                  0001b696    00000002     --HOLE-- [fill = 0]
                  0001b698    00000098     libedma_xwr68xx.aer4f : edma.oer4f (.text:EDMA_configParamSet)
                  0001b730    00000098     libmmwave_xwr68xx.aer4f : mmwave_fullcfg.oer4f (.text:MMWave_getChirpCfg)
                  0001b7c8    00000098     mmwdemo_rfparser.oer4f (.text:MmwDemo_RFParser_parseConfig)
                  0001b860    00000098     rtsv7R4_T_le_v3D16_eabi.lib : fclose.obj (.text)
                  0001b8f8    00000098                                 : fputc.obj (.text)
                  0001b990    00000098     sysbios.aer4ft : vim_Hwi_asm_switch.obj (.text)
                  0001ba28    00000006     libedma_xwr68xx.aer4f : edma_low_level.oer4f (.text:EDMA3ClrCCErr)
                  0001ba2e    00000002     --HOLE-- [fill = 0]
                  0001ba30    00000098     sysbios.aer4ft : BIOS.obj (.text:ti_sysbios_utils_Load_taskDeleteHook__E)
                  0001bac8    00000096     libedma_xwr68xx.aer4f : edma.oer4f (.text:EDMA_getErrorStatusInfo)
                  0001bb5e    00000096     libhwa_xwr68xx.aer4f : hwa.oer4f (.text:HWA_configRam)
                  0001bbf4    00000096     libuart_xwr68xx.aer4f : uartsci.oer4f (.text:UartSci_readChar)
                  0001bc8a    00000094     libcbuff_xwr68xx.aer4f : cbuff_transfer.oer4f (.text:CBUFF_setupNonInterleaved_ADC)
                  0001bd1e    00000002     --HOLE-- [fill = 0]
                  0001bd20    00000094     mmw_lvds_stream.oer4f (.text:MmwDemo_LVDSStream_EDMAAllocateCBUFFHwChannel)
                  0001bdb4    00000094     mmw_lvds_stream.oer4f (.text:MmwDemo_LVDSStream_EDMAAllocateCBUFFSwChannel)
                  0001be48    00000094     libsoc_xwr68xx.aer4f : soc_xwr68xx.oer4f (.text:SOC_gateClock)
                  0001bedc    00000094     libmmwavelink_xwr68xx.aer4f : rl_driver.oer4f (.text:rlDriverDeInit)
                  0001bf70    00000094                                 : rl_driver.oer4f (.text:rlDriverMsgReadCmdCtx)
                  0001c004    00000094                                 : rl_driver.oer4f (.text:rlDriverProcRdMsg)
                  0001c098    00000094     sysbios.aer4ft : vim_Hwi_asm.obj (.text:ti_sysbios_family_arm_v7r_vim_Hwi_dispatchIRQ__I)
                  0001c12c    00000090     libgpio_xwr68xx.aer4f : gpio.oer4f (.text:GPIO_init)
                  0001c1bc    00000090     libmailbox_xwr68xx.aer4f : mailbox.oer4f (.text:Mailbox_close)
                  0001c24c    00000090     libuart_xwr68xx.aer4f : uartsci_dma.oer4f (.text:UartSci_initiateTxDMA)
                  0001c2dc    00000090                           : uartsci.oer4f (.text:UartSci_read)
                  0001c36c    00000004     mmw_mss_per4ft.oer4ft (.text:ti_sysbios_family_arm_TaskSupport_Module__startupDone__S)
                  0001c370    00000090     sysbios.aer4ft : BIOS.obj (.text:ti_sysbios_family_arm_v7a_Pmu_startCounter__E)
                  0001c400    00000090                    : BIOS.obj (.text:ti_sysbios_knl_Task_unblockI__E)
                  0001c490    00000090                    : BIOS.obj (.text:xdc_runtime_LoggerBuf_getFilterLevel__E)
                  0001c520    0000008c     libcli_xwr68xx.aer4f : cli_mmwave.oer4f (.text:CLI_MMWaveDataOutputMode)
                  0001c5ac    0000008c     libsoc_xwr68xx.aer4f : soc.oer4f (.text:SOC_init)
                  0001c638    0000008c                          : soc_xwr68xx.oer4f (.text:SOC_translateAddress)
                  0001c6c4    0000008c     libuart_xwr68xx.aer4f : uartsci_dma.oer4f (.text:UartSci_initiateRxDMA)
                  0001c750    0000008c     libmmwavelink_xwr68xx.aer4f : rl_device.oer4f (.text:rlDevicePowerOn)
                  0001c7dc    0000008c                                 : rl_driver.oer4f (.text:rlDriverMsgReadSpawnCtx)
                  0001c868    00000006     libedma_xwr68xx.aer4f : edma_low_level.oer4f (.text:EDMA3ErrIntrHighStatusGet)
                  0001c86e    00000002     --HOLE-- [fill = 0]
                  0001c870    0000008c     sysbios.aer4ft : BIOS.obj (.text:ti_sysbios_family_arm_v7a_Pmu_getCount__E)
                  0001c8fc    00000004     mmw_mss_per4ft.oer4ft (.text:ti_sysbios_family_arm_v7r_vim_Hwi_delete)
                  0001c900    0000008c     sysbios.aer4ft : BIOS.obj (.text:ti_sysbios_family_arm_v7r_vim_Hwi_Instance_finalize__E)
                  0001c98c    00000004     mmw_mss_per4ft.oer4ft (.text:ti_sysbios_heaps_HeapMem_Module_GateProxy_enter__E)
                  0001c990    0000008c     sysbios.aer4ft : BIOS.obj (.text:xdc_runtime_Memory_alloc__E)
                  0001ca1c    00000088     libhwa_xwr68xx.aer4f : hwa.oer4f (.text:HWA_disableParamSetInterrupt)
                  0001caa4    00000088     libmmwave_xwr68xx.aer4f : mmwave_fullcfg.oer4f (.text:MMWave_getProfileCfg)
                  0001cb2c    00000088     rtsv7R4_T_le_v3D16_eabi.lib : vsnprintf.obj (.text)
                  0001cbb4    00000086     libcbuff_xwr68xx.aer4f : cbuff_edma.oer4f (.text:CBUFF_closeEDMA)
                  0001cc3a    00000002     --HOLE-- [fill = 0]
                  0001cc3c    00000084     libmmwave_xwr68xx.aer4f : mmwave_dualcore.oer4f (.text:MMWave_deviceCfgAsyncEvent)
                  0001ccc0    00000084                             : mmwave_dualcore.oer4f (.text:MMWave_deviceEventFxn)
                  0001cd44    00000084                             : mmwave_fullcfg.oer4f (.text:MMWave_getNumBpmChirp)
                  0001cdc8    00000084                             : mmwave.oer4f (.text:MMWave_open)
                  0001ce4c    00000082     libhwa_xwr68xx.aer4f : hwa.oer4f (.text:HWA_paramDoneISR)
                  0001cece    00000002     --HOLE-- [fill = 0]
                  0001ced0    00000081     libcbuff_xwr68xx.aer4f : cbuff_edma.oer4f (.text:CBUFF_setupEDMAShadowLink)
                  0001cf51    00000003     --HOLE-- [fill = 0]
                  0001cf54    00000080     libcli_xwr68xx.aer4f : cli_mmwave.oer4f (.text:CLI_MMWaveChannelCfg)
                  0001cfd4    00000080     libdpm_xwr68xx.aer4f : dpm_mailbox.oer4f (.text:DPM_mboxRemoteMailboxCallbackFxn)
                  0001d054    00000080     libmmwave_xwr68xx.aer4f : mmwave_fullcfg.oer4f (.text:MMWave_getBpmChirpCfg)
                  0001d0d4    00000080     mmw_cli.oer4f (.text:MmwDemo_CLIAoAFovCfg)
                  0001d154    00000080     libsoc_xwr68xx.aer4f : soc.oer4f (.text:SOC_getDeviceRFFreqScaleFactor)
                  0001d1d4    00000080     libuart_xwr68xx.aer4f : uartsci.oer4f (.text:UartSci_writePolling)
                  0001d254    00000080     libmmwavelink_xwr68xx.aer4f : rl_driver.oer4f (.text:rlDriverExecuteGetApi)
                  0001d2d4    0000000c                                 : rl_driver.oer4f (.text:rlDriverGetPlatformId)
                  0001d2e0    00000080     sysbios.aer4ft : BIOS.obj (.text:ti_sysbios_timers_rti_Timer_initDevice__I)
                  0001d360    0000007e     libosal_xwr68xx.aer4f : HwiP_tirtos.oer4f (.text:HwiP_create)
                  0001d3de    00000002     --HOLE-- [fill = 0]
                  0001d3e0    0000007d     libcbuff_xwr68xx.aer4f : cbuff_lvds.oer4f (.text:CBUFF_initLVDSLinkListParams)
                  0001d45d    00000003     --HOLE-- [fill = 0]
                  0001d460    0000007c     libdpm_xwr68xx.aer4f : dpm_pipe.oer4f (.text:DPM_pipeSend)
                  0001d4dc    0000007c     libedma_xwr68xx.aer4f : edma.oer4f (.text:EDMA_clearErrors)
                  0001d558    0000007c     libmmwave_xwr68xx.aer4f : mmwave_dualcore.oer4f (.text:MMWave_deviceOpenFxn)
                  0001d5d4    0000007c     libmailbox_xwr68xx.aer4f : mailbox.oer4f (.text:Mailbox_init)
                  0001d650    0000007c     mmw_lvds_stream.oer4f (.text:MmwDemo_LVDSStream_SwTriggerFrameDone)
                  0001d6cc    0000007c     libuart_xwr68xx.aer4f : uartsci.oer4f (.text:UartSci_readPolling)
                  0001d748    0000007c     sysbios.aer4ft : arm_TaskSupport_asm.obj (.text:_ti_sysbios_family_arm_TaskSupport_buildTaskStack)
                  0001d7c4    0000000c                    : BIOS.obj (.text:ti_sysbios_family_arm_v7a_Pmu_configureCounterI__I)
                  0001d7d0    0000007c                    : BIOS.obj (.text:xdc_runtime_Core_deleteObject__I)
                  0001d84c    0000007b     mmw_cli.oer4f (.text:MmwDemo_CLIGetSubframe)
                  0001d8c7    00000001     --HOLE-- [fill = 0]
                  0001d8c8    0000007a     rtsv7R4_T_le_v3D16_eabi.lib : memset_t2.obj (.text)
                  0001d942    00000002     --HOLE-- [fill = 0]
                  0001d944    00000078     libadcbuf_xwr68xx.aer4f : adcbuf_mmwave.oer4f (.text:ADCBUF_MMWave_getCQBufAddr)
                  0001d9bc    00000078     libcbuff_xwr68xx.aer4f : cbuff_transfer.oer4f (.text:CBUFF_configUserBufferEDMA)
                  0001da34    00000078                            : cbuff.oer4f (.text:CBUFF_setVC)
                  0001daac    00000078     libcli_xwr68xx.aer4f : cli_mmwave.oer4f (.text:CLI_MMWaveADCCfg)
                  0001db24    00000078     libmmwave_xwr68xx.aer4f : mmwave_fullcfg.oer4f (.text:MMWave_getNumChirps)
                  0001db9c    00000078     libqspiflash_xwr68xx.aer4f : qspiflash.oer4f (.text:QSPIFlash_mmapRead)
                  0001dc14    00000078                                : qspiflash.oer4f (.text:QSPIFlash_sectorErase)
                  0001dc8c    00000078     libqspi_xwr68xx.aer4f : qspi.oer4f (.text:QSPI_cfgRead)
                  0001dd04    00000077                           : qspi.oer4f (.text:QSPI_memAccessCfg)
                  0001dd7b    00000001     --HOLE-- [fill = 0]
                  0001dd7c    00000074     libmmwave_xwr68xx.aer4f : mmwave.oer4f (.text:MMWave_config)
                  0001ddf0    00000074                             : mmwave_dualcore.oer4f (.text:MMWave_deviceStartFxn)
                  0001de64    00000074     boot.aer4ft : boot.oer4ft (.text)
                  0001ded8    00000074     libmmwavelink_xwr68xx.aer4f : rl_driver.oer4f (.text:rlDriverAsyncEventHandler)
                  0001df4c    00000074     rtsv7R4_T_le_v3D16_eabi.lib : getdevice.obj (.text)
                  0001dfc0    00000074                                 : s_frexp.obj (.text)
                  0001e034    00000072     libmmwavelink_xwr68xx.aer4f : rl_driver.oer4f (.text:rlDriverClientCbCheck)
                  0001e0a6    00000002     --HOLE-- [fill = 0]
                  0001e0a8    00000070     libhsiheader_xwr68xx.aer4f : hsiheader.oer4f (.text:HSIHeader_deleteHeader)
                  0001e118    00000070     libhwa_xwr68xx.aer4f : hwa.oer4f (.text:HWA_getDriverAccess)
                  0001e188    00000070     libmmwave_xwr68xx.aer4f : mmwave_dualcore.oer4f (.text:MMWave_deviceCfgFxn)
                  0001e1f8    00000070     mmw_cli.oer4f (.text:MmwDemo_CLIGuiMonSel)
                  0001e268    00000070     mmwdemo_flash.oer4f (.text:mmwDemo_flashInit)
                  0001e2d8    00000006     libedma_xwr68xx.aer4f : edma_low_level.oer4f (.text:EDMA3GetCCErrStatus)
                  0001e2de    00000002     --HOLE-- [fill = 0]
                  0001e2e0    00000070     sysbios.aer4ft : BIOS.obj (.text:xdc_runtime_Error_print__E)
                  0001e350    0000006c     libdma_xwr68xx.aer4f : dma.oer4f (.text:DMA_disableChannel)
                  0001e3bc    0000006c                          : dma.oer4f (.text:DMA_enableChannel)
                  0001e428    0000006c     libdpm_xwr68xx.aer4f : dpm_core.oer4f (.text:DPM_relayResult)
                  0001e494    0000006c     libmmwave_xwr68xx.aer4f : mmwave_dualcore.oer4f (.text:MMWave_deviceCloseFxn)
                  0001e500    0000006c                             : mmwave_link.oer4f (.text:MMWave_spawn)
                  0001e56c    0000006c                             : mmwave_link.oer4f (.text:MMWave_stopLink)
                  0001e5d8    0000006c     mmw_lvds_stream.oer4f (.text:MmwDemo_LVDSStream_EDMAFreeCBUFFHwChannel)
                  0001e644    0000006c     mmw_lvds_stream.oer4f (.text:MmwDemo_LVDSStream_EDMAFreeCBUFFSwChannel)
                  0001e6b0    0000006c     mmw_lvds_stream.oer4f (.text:MmwDemo_LVDSStream_HwTriggerFrameDone)
                  0001e71c    0000006c     libpinmux_xwr68xx.aer4f : pinmux.oer4f (.text:Pinmux_Set_FuncSel)
                  0001e788    0000006c     libqspiflash_xwr68xx.aer4f : qspiflash.oer4f (.text:QSPIFlashReadSFDP)
                  0001e7f4    0000006c     libqspi_xwr68xx.aer4f : qspi.oer4f (.text:QSPI_cfgWrite)
                  0001e860    0000006c     rtsv7R4_T_le_v3D16_eabi.lib : copy_decompress_lzss.obj (.text:decompress:lzss)
                  0001e8cc    0000006c                                 : trgmsg.obj (.text)
                  0001e938    0000006a     libuart_xwr68xx.aer4f : uartsci.oer4f (.text:UartSci_control)
                  0001e9a2    00000002     --HOLE-- [fill = 0]
                  0001e9a4    00000068     libdpm_xwr68xx.aer4f : dpm_msg.oer4f (.text:DPM_msgDPCCfgHandler)
                  0001ea0c    00000068     libmmwave_xwr68xx.aer4f : mmwave_dualcore.oer4f (.text:MMWave_deviceStopFxn)
                  0001ea74    00000068     libmailbox_xwr68xx.aer4f : mailbox.oer4f (.text:Mailbox_readFlush)
                  0001eadc    00000068     mss_main.oer4f (.text:MmwDemo_convertCfarToLinear)
                  0001eb44    00000068     librangeproc_hwa_xwr68xx.aer4f : rangeprochwa.oer4f (.text:rangeProcHWA_ConfigEDMATranspose)
                  0001ebac    00000068                                    : rangeprochwa.oer4f (.text:rangeProcHWA_ConfigHWACommon)
                  0001ec14    00000068     libmmwavelink_xwr68xx.aer4f : rl_driver.oer4f (.text:rlDriverExecuteSetApi)
                  0001ec7c    00000068                                 : rl_driver.oer4f (.text:rlDriverHostIrqHandler)
                  0001ece4    00000068     rtsv7R4_T_le_v3D16_eabi.lib : hostlseek.obj (.text)
                  0001ed4c    00000068                                 : hostrename.obj (.text)
                  0001edb4    00000066     libmmwavelink_xwr68xx.aer4f : rl_device.oer4f (.text:rlDevicePowerOff)
                  0001ee1a    00000002     --HOLE-- [fill = 0]
                  0001ee1c    00000064     libcli_xwr68xx.aer4f : cli_mmwave.oer4f (.text:CLI_MMWaveLowPowerCfg)
                  0001ee80    00000064     libedma_xwr68xx.aer4f : edma.oer4f (.text:EDMA_getTransferControllerErrorStatusInfo)
                  0001eee4    00000064     libhwa_xwr68xx.aer4f : hwa.oer4f (.text:HWA_getDMAChanIndex)
                  0001ef48    00000064     libosal_xwr68xx.aer4f : SemaphoreP_tirtos.oer4f (.text:SemaphoreP_create)
                  0001efac    00000064     rtsv7R4_T_le_v3D16_eabi.lib : fseek.obj (.text)
                  0001f010    00000064                                 : sprintf.obj (.text)
                  0001f074    00000064     sysbios.aer4ft : exc_Exception_asm.obj (.text:ti_sysbios_family_arm_exc_Exception_initCore0__I)
                  0001f0d8    00000006     libedma_xwr68xx.aer4f : edma_low_level.oer4f (.text:EDMA3GetErrIntrStatus)
                  0001f0de    00000002     --HOLE-- [fill = 0]
                  0001f0e0    00000064     sysbios.aer4ft : BIOS.obj (.text:ti_sysbios_family_arm_v7r_vim_Hwi_phantomIntHandler__I)
                  0001f144    0000000c                    : BIOS.obj (.text:ti_sysbios_family_arm_v7a_Pmu_getCountI__E)
                  0001f150    00000064                    : BIOS.obj (.text:ti_sysbios_knl_Clock_logTick__E)
                  0001f1b4    0000000c     mmw_mss_per4ft.oer4ft (.text:ti_sysbios_knl_Queue_Object__get__S)
                  0001f1c0    00000064     sysbios.aer4ft : BIOS.obj (.text:ti_sysbios_utils_Load_logCPULoad__I)
                  0001f224    0000000a     libadcbuf_xwr68xx.aer4f : ADCBuf.oer4f (.text:ADCBuf_control)
                  0001f22e    00000002     --HOLE-- [fill = 0]
                  0001f230    00000064     sysbios.aer4ft : BIOS.obj (.text:xdc_runtime_Startup_exec__E)
                  0001f294    00000062     mmw_cli.oer4f (.text:MmwDemo_CLICfarFovCfg)
                  0001f2f6    00000002     --HOLE-- [fill = 0]
                  0001f2f8    00000060     libcli_xwr68xx.aer4f : cli_mmwave.oer4f (.text:CLI_MMWaveExtensionHandler)
                  0001f358    00000060     libosal_xwr68xx.aer4f : DebugP_tirtos.oer4f (.text:DebugP_log2)
                  0001f3b8    00000060                           : DebugP_tirtos.oer4f (.text:DebugP_log3)
                  0001f418    00000060     mss_main.oer4f (.text:MmwDemo_mmWaveCtrlTask)
                  0001f478    00000006     libedma_xwr68xx.aer4f : edma_low_level.oer4f (.text:EDMA3QdmaGetErrIntrStatus)
                  0001f47e    00000002     --HOLE-- [fill = 0]
                  0001f480    00000060     sysbios.aer4ft : BIOS.obj (.text:ti_sysbios_heaps_HeapMem_alloc__E)
                  0001f4e0    00000060                    : BIOS.obj (.text:xdc_runtime_Assert_raise__I)
                  0001f540    0000005f                    : BIOS.obj (.text:xdc_runtime_Text_putLab__E)
                  0001f59f    00000001     --HOLE-- [fill = 0]
                  0001f5a0    0000005e     libuart_xwr68xx.aer4f : uartsci.oer4f (.text:UartSci_writeChar)
                  0001f5fe    00000002     --HOLE-- [fill = 0]
                  0001f600    0000005c     libmmwave_xwr68xx.aer4f : mmwave.oer4f (.text:MMWave_close)
                  0001f65c    0000005c                             : mmwave_link.oer4f (.text:MMWave_mboxOpen)
                  0001f6b8    0000005c                             : mmwave.oer4f (.text:MMWave_stop)
                  0001f714    0000005c     mss_main.oer4f (.text:MmwDemo_EDMA_errorCallbackFxn)
                  0001f770    0000005c     mss_main.oer4f (.text:MmwDemo_EDMA_transferControllerErrorCallbackFxn)
                  0001f7cc    0000005c     libqspiflash_xwr68xx.aer4f : qspiflash.oer4f (.text:QSPIFlashGetDeviceID)
                  0001f828    0000005c     libsoc_xwr68xx.aer4f : soc.oer4f (.text:SOC_enableLVDS)
                  0001f884    0000005c     rtsv7R4_T_le_v3D16_eabi.lib : hostopen.obj (.text)
                  0001f8e0    0000005c                                 : hostread.obj (.text)
                  0001f93c    00000004     mmw_mss_per4ft.oer4ft (.text:ti_sysbios_heaps_HeapMem_Module_GateProxy_leave__E)
                  0001f940    0000005c     sysbios.aer4ft : BIOS.obj (.text:ti_sysbios_utils_Load_updateCurrentThreadTime__E)
                  0001f99c    0000005a     libuart_xwr68xx.aer4f : uartsci.oer4f (.text:UartSci_readCancel)
                  0001f9f6    0000005a     libmmwavelink_xwr68xx.aer4f : rl_driver.oer4f (.text:rlDriverCalChkSum)
                  0001fa50    00000058     libdpm_xwr68xx.aer4f : dpm_core.oer4f (.text:DPM_execute)
                  0001faa8    00000058                          : dpm_mailbox.oer4f (.text:DPM_mboxInit)
                  0001fb00    00000058     libosal_xwr68xx.aer4f : DebugP_tirtos.oer4f (.text:DebugP_log0)
                  0001fb58    00000058                           : DebugP_tirtos.oer4f (.text:DebugP_log1)
                  0001fbb0    00000058     libedma_xwr68xx.aer4f : edma_low_level.oer4f (.text:EDMA3EnableChInShadowReg)
                  0001fc08    00000058     libesm_xwr68xx.aer4f : esm.oer4f (.text:ESM_highpriority_FIQ)
                  0001fc60    00000058     libhwa_xwr68xx.aer4f : hwa.oer4f (.text:HWA_getDMAconfig)
                  0001fcb8    00000058     libmmwave_xwr68xx.aer4f : mmwave.oer4f (.text:MMWave_execute)
                  0001fd10    00000058                             : mmwave_link.oer4f (.text:MMWave_initCRC)
                  0001fd68    00000058     mmw_cli.oer4f (.text:MmwDemo_CLISensorStop)
                  0001fdc0    00000058     libqspiflash_xwr68xx.aer4f : qspiflash.oer4f (.text:QSPIFlash_configMmapWrite)
                  0001fe18    00000058     libuart_xwr68xx.aer4f : uartsci_dma.oer4f (.text:UartSci_closeDMA)
                  0001fe70    00000058     mmwdemo_flash.oer4f (.text:mmwDemo_flashRead)
                  0001fec8    00000058     rtsv7R4_T_le_v3D16_eabi.lib : close.obj (.text)
                  0001ff20    00000058                                 : hostwrite.obj (.text)
                  0001ff78    00000056     libmmwavelink_xwr68xx.aer4f : rl_driver.oer4f (.text:rlDriverOsiCbCheck)
                  0001ffce    00000002     --HOLE-- [fill = 0]
                  0001ffd0    00000054     libcrc_xwr68xx.aer4f : crc.oer4f (.text:CRC_getTransactionId)
                  00020024    00000054     libdma_xwr68xx.aer4f : dma.oer4f (.text:DMA_freeChannel)
                  00020078    00000054     libedma_xwr68xx.aer4f : edma.oer4f (.text:EDMA_error_isr)
                  000200cc    00000054     libmmwave_xwr68xx.aer4f : mmwave_link.oer4f (.text:MMWave_initLink)
                  00020120    00000054     mss_main.oer4f (.text:MmwDemo_CfgUpdate)
                  00020174    00000054     mss_main.oer4f (.text:MmwDemo_resetStaticCfgPendingState)
                  000201c8    00000054     libqspiflash_xwr68xx.aer4f : qspiflash.oer4f (.text:QSPIFlash_writeEnable)
                  0002021c    00000054     rtsv7R4_T_le_v3D16_eabi.lib : ltoa.obj (.text)
                  00020270    00000054     mmw_mss_per4ft.oer4ft (.text:ti_sysbios_family_arm_v7r_vim_Hwi_create)
                  000202c4    0000000a     libadcbuf_xwr68xx.aer4f : ADCBuf.oer4f (.text:ADCBuf_getChanBufAddr)
                  000202ce    00000002     --HOLE-- [fill = 0]
                  000202d0    00000054     sysbios.aer4ft : BIOS.obj (.text:ti_sysbios_heaps_HeapMem_getStats__E)
                  00020324    0000000a     libcbuff_xwr68xx.aer4f : cbuff_lvds.oer4f (.text:CBUFF_deinitLVDS)
                  0002032e    00000002     --HOLE-- [fill = 0]
                  00020330    00000054     sysbios.aer4ft : BIOS.obj (.text:xdc_runtime_Core_assignLabel__I)
                  00020384    00000052     libdpedma_hwa_xwr68xx.aer4f : dpedma.oer4f (.text:DPEDMA_setup_shadow_link)
                  000203d6    00000002     --HOLE-- [fill = 0]
                  000203d8    00000050     libcrc_xwr68xx.aer4f : crc.oer4f (.text:CRC_getSignature)
                  00020428    00000050     libdpm_xwr68xx.aer4f : dpm_core.oer4f (.text:DPM_synch)
                  00020478    00000050     libedma_xwr68xx.aer4f : edma_low_level.oer4f (.text:EDMA3MapChToEvtQ)
                  000204c8    00000050     libmmwave_xwr68xx.aer4f : mmwave.oer4f (.text:MMWave_sync)
                  00020518    00000050     mmw_cli.oer4f (.text:MmwDemo_CLIMultiObjBeamForming)
                  00020568    00000050     mmw_cli.oer4f (.text:MmwDemo_CLIQueryDemoStatus)
                  000205b8    00000050     mss_main.oer4f (.text:mmwDemo_mssDPMTask)
                  00020608    00000050     libmmwavelink_xwr68xx.aer4f : rl_driver.oer4f (.text:rlDeviceIdentifyCmdDir)
                  00020658    00000050                                 : rl_driver.oer4f (.text:rlDriverVerifyCRC)
                  000206a8    00000050     rtsv7R4_T_le_v3D16_eabi.lib : atoi.obj (.text)
                  000206f8    00000050                                 : exit.obj (.text)
                  00020748    00000050                                 : u_div32.obj (.text)
                  00020798    00000006     libosal_xwr68xx.aer4f : HwiP_tirtos.oer4f (.text:HwiP_restore)
                  0002079e    00000002     --HOLE-- [fill = 0]
                  000207a0    00000050     sysbios.aer4ft : BIOS.obj (.text:xdc_runtime_System_exit__E)
                  000207f0    0000004c     libcli_xwr68xx.aer4f : cli.oer4f (.text:CLI_write)
                  0002083c    0000004c     libedma_xwr68xx.aer4f : edma.oer4f (.text:EDMA_disableChannel)
                  00020888    0000004c                           : edma.oer4f (.text:EDMA_enableChannel)
                  000208d4    0000004c     libhwa_xwr68xx.aer4f : hwa.oer4f (.text:HWA_enableDoneInterrupt)
                  00020920    0000004c     libmailbox_xwr68xx.aer4f : mailbox.oer4f (.text:Mailbox_boxEmptyISRProcessing)
                  0002096c    0000004c     mmw_lvds_stream.oer4f (.text:MmwDemo_LVDSStream_EDMAAllocateCBUFFChannel)
                  000209b8    0000004c     libqspiflash_xwr68xx.aer4f : qspiflash_device_macronix.oer4f (.text:QSPIFlash_macronix_init)
                  00020a04    0000004c     libuart_xwr68xx.aer4f : uartsci.oer4f (.text:UartSci_writeCancel)
                  00020a50    0000004c     rtsv7R4_T_le_v3D16_eabi.lib : cpy_tbl.obj (.text)
                  00020a9c    00000004     mmw_mss_per4ft.oer4ft (.text:ti_sysbios_knl_Clock_TimerProxy_getMaxTicks__E)
                  00020aa0    0000004c     sysbios.aer4ft : BIOS.obj (.text:ti_sysbios_family_arm_v7r_vim_Hwi_getStackInfo__E)
                  00020aec    0000004c     mmw_mss_per4ft.oer4ft (.text:ti_sysbios_knl_Task_create)
                  00020b38    00000006     libmmwavelink_xwr68xx.aer4f : rl_controller.oer4f (.text:rlGetSubBlockId)
                  00020b3e    00000002     --HOLE-- [fill = 0]
                  00020b40    0000004c     sysbios.aer4ft : BIOS.obj (.text:ti_sysbios_knl_Task_stat__E)
                  00020b8c    00000004     mmw_mss_per4ft.oer4ft (.text:ti_sysbios_knl_Semaphore_delete)
                  00020b90    0000004c     sysbios.aer4ft : BIOS.obj (.text:ti_sysbios_utils_Load_taskSwitchHook__E)
                  00020bdc    0000004a     libdpm_xwr68xx.aer4f : dpm_mailbox.oer4f (.text:DPM_mboxSendResult)
                  00020c26    0000004a     libmailbox_xwr68xx.aer4f : mailbox.oer4f (.text:Mailbox_boxFullISRProcessing)
                  00020c70    0000004a     sysbios.aer4ft : BIOS.obj (.text:xdc_runtime_Core_assignParams__I)
                  00020cba    00000006     libmmwavelink_xwr68xx.aer4f : rl_controller.oer4f (.text:rlGetSubBlockLen)
                  00020cc0    0000004a     sysbios.aer4ft : BIOS.obj (.text:xdc_runtime_Text_xprintf__I)
                  00020d0a    00000048     libcbuff_xwr68xx.aer4f : cbuff_transfer.oer4f (.text:CBUFF_setup_USER)
                  00020d52    00000048     libdpm_xwr68xx.aer4f : dpm_pipe.oer4f (.text:DPM_pipeRecv)
                  00020d9a    00000002     --HOLE-- [fill = 0]
                  00020d9c    00000048     libhwa_xwr68xx.aer4f : hwa.oer4f (.text:HWA_deleteInstance)
                  00020de4    00000048     mmwdemo_flash.oer4f (.text:mmwDemo_flashWrite)
                  00020e2c    00000048     libmmwavelink_xwr68xx.aer4f : rl_device.oer4f (.text:rlDeviceGetVersion)
                  00020e74    00000048                                 : rl_driver.oer4f (.text:rlDriverOsiInit)
                  00020ebc    00000048     mmw_mss_per4ft.oer4ft (.text:xdc_runtime_LoggerBuf_Object__create__S)
                  00020f04    00000046     libmailbox_xwr68xx.aer4f : mailbox.oer4f (.text:CSL_FINSR)
                  00020f4a    00000002     --HOLE-- [fill = 0]
                  00020f4c    00000044     libadcbuf_xwr68xx.aer4f : adcbuf_mmwave.oer4f (.text:ADCBUF_MMWave_close)
                  00020f90    00000044     libcrc_xwr68xx.aer4f : crc.oer4f (.text:CRC_resetSignature)
                  00020fd4    00000044     libdpm_xwr68xx.aer4f : dpm_core.oer4f (.text:DPM_start)
                  00021018    00000044                          : dpm_core.oer4f (.text:DPM_stop)
                  0002105c    00000044     libmailbox_xwr68xx.aer4f : mailbox.oer4f (.text:Mailbox_boxFullISRMssDss)
                  000210a0    00000044     libsoc_xwr68xx.aer4f : soc_xwr68xx_mss.oer4f (.text:SOC_resetDMA)
                  000210e4    00000044     rtsv7R4_T_le_v3D16_eabi.lib : hostclose.obj (.text)
                  00021128    00000044                                 : hostunlink.obj (.text)
                  0002116c    00000004     mmw_mss_per4ft.oer4ft (.text:xdc_runtime_LoggerBuf_Module_GateProxy_enter__E)
                  00021170    00000044     sysbios.aer4ft : BIOS.obj (.text:ti_sysbios_family_arm_v7r_tms570_Core_Module_startup__E)
                  000211b4    0000000a     libdpm_xwr68xx.aer4f : dpm_core.oer4f (.text:DPM_chirpISR)
                  000211be    00000002     --HOLE-- [fill = 0]
                  000211c0    00000044     sysbios.aer4ft : BIOS.obj (.text:ti_sysbios_knl_Task_allBlockedFunction__I)
                  00021204    0000000a     libdpm_xwr68xx.aer4f : dpm_core.oer4f (.text:DPM_frameStartISR)
                  0002120e    00000002     --HOLE-- [fill = 0]
                  00021210    00000044     sysbios.aer4ft : BIOS.obj (.text:xdc_runtime_LoggerBuf_Module_startup__E)
                  00021254    0000000a     libmmwave_xwr68xx.aer4f : mmwave_link.oer4f (.text:MMWave_closeLink)
                  0002125e    00000002     --HOLE-- [fill = 0]
                  00021260    00000044     sysbios.aer4ft : BIOS.obj (.text:xdc_runtime_System_atexit__E)
                  000212a4    00000042     libcbuff_xwr68xx.aer4f : cbuff_lvds.oer4f (.text:CBUFF_closeLVDS)
                  000212e6    00000042     libedma_xwr68xx.aer4f : edma.oer4f (.text:EDMA_transferController_error_isr)
                  00021328    00000042     libhwa_xwr68xx.aer4f : hwa.oer4f (.text:HWA_reset)
                  0002136a    00000042     libmmwave_xwr68xx.aer4f : mmwave_link.oer4f (.text:MMWave_executeLink)
                  000213ac    00000042     libmmwavelink_xwr68xx.aer4f : rl_controller.oer4f (.text:rlGetSubBlock)
                  000213ee    00000002     --HOLE-- [fill = 0]
                  000213f0    00000040     libedma_xwr68xx.aer4f : edma.oer4f (.text:EDMA_linkParamSets)
                  00021430    00000040     libhwa_xwr68xx.aer4f : hwa.oer4f (.text:HWA_getHWAMemInfo)
                  00021470    00000040     mmw_cli.oer4f (.text:MmwDemo_CLIClutterRemoval)
                  000214b0    00000040     mmw_cli.oer4f (.text:MmwDemo_CLIExtendedMaxVelocity)
                  000214f0    00000040     libqspiflash_xwr68xx.aer4f : qspiflash.oer4f (.text:QSPIFlash_progQuadRead)
                  00021530    00000040                                : qspiflash_device_spansion.oer4f (.text:QSPIFlash_spansion_init)
                  00021570    00000040     libsoc_xwr68xx.aer4f : soc_xwr68xx_mss.oer4f (.text:SOC_isSecureDevice)
                  000215b0    00000040     libmmwavelink_xwr68xx.aer4f : rl_driver.oer4f (.text:rlDriverValidateHdr)
                  000215f0    00000040     rtsv7R4_T_le_v3D16_eabi.lib : strtok.obj (.text)
                  00021630    00000040     sysbios.aer4ft : BIOS.obj (.text:ti_sysbios_timers_rti_Timer_stop__E)
                  00021670    0000003e     libadcbuf_xwr68xx.aer4f : adcbuf_mmwave.oer4f (.text:CSL_FINSR)
                  000216ae    0000003e     libcbuff_xwr68xx.aer4f : cbuff.oer4f (.text:CSL_FINSR)
                  000216ec    0000003e                            : cbuff_lvds.oer4f (.text:CSL_FINSR)
                  0002172a    0000003e     libcrc_xwr68xx.aer4f : crc.oer4f (.text:CSL_FINSR)
                  00021768    0000003e     libdma_xwr68xx.aer4f : dma.oer4f (.text:CSL_FINSR)
                  000217a6    0000003e     libgpio_xwr68xx.aer4f : gpio.oer4f (.text:CSL_FINSR)
                  000217e4    0000003e     libhwa_xwr68xx.aer4f : hwa.oer4f (.text:CSL_FINSR)
                  00021822    0000003e     libpinmux_xwr68xx.aer4f : pinmux.oer4f (.text:CSL_FINSR)
                  00021860    0000003e     libqspi_xwr68xx.aer4f : qspi.oer4f (.text:CSL_FINSR)
                  0002189e    0000003e     libsoc_xwr68xx.aer4f : soc.oer4f (.text:CSL_FINSR)
                  000218dc    0000003e                          : soc_xwr68xx.oer4f (.text:CSL_FINSR)
                  0002191a    0000003e                          : soc_xwr68xx_mss.oer4f (.text:CSL_FINSR)
                  00021958    0000003e     libuart_xwr68xx.aer4f : uartsci.oer4f (.text:CSL_FINSR)
                  00021996    0000003e     libdpm_xwr68xx.aer4f : dpm_msg.oer4f (.text:DPM_msgStopHandler)
                  000219d4    0000003e     libhwa_xwr68xx.aer4f : hwa.oer4f (.text:HWA_enable)
                  00021a12    0000003e     libmmwave_xwr68xx.aer4f : mmwave.oer4f (.text:MMWave_decodeError)
                  00021a50    0000003e     libuart_xwr68xx.aer4f : uartsci.oer4f (.text:UartSci_close)
                  00021a8e    0000003e     mmwdemo_monitor.oer4f (.text:mmwDemo_cfgAnalogMonitor)
                  00021acc    0000003c     libcbuff_xwr68xx.aer4f : cbuff_transfer.oer4f (.text:CBUFF_configCQEDMA)
                  00021b08    0000003c     libcli_xwr68xx.aer4f : cli_mmwave.oer4f (.text:CLI_MMWaveFlushCfg)
                  00021b44    0000003c     libedma_xwr68xx.aer4f : edma.oer4f (.text:EDMA_chainChannels)
                  00021b80    0000003c     libmailbox_xwr68xx.aer4f : mailbox.oer4f (.text:Mailbox_writeReset)
                  00021bbc    0000003c     libsoc_xwr68xx.aer4f : soc.oer4f (.text:SOC_unhaltBSS)
                  00021bf8    0000003c     sysbios.aer4ft : vim_Hwi_asm.obj (.text:ti_sysbios_family_arm_v7r_vim_Hwi_init__I)
                  00021c34    0000000a     libosal_xwr68xx.aer4f : MemoryP_tirtos.oer4f (.text:MemoryP_ctrlFree)
                  00021c3e    00000002     --HOLE-- [fill = 0]
                  00021c40    0000003c     sysbios.aer4ft : BIOS.obj (.text:ti_sysbios_hal_Hwi_checkStack)
                  00021c7c    00000004     mmw_mss_per4ft.oer4ft (.text:xdc_runtime_LoggerBuf_Module_GateProxy_leave__E)
                  00021c80    0000003c     sysbios.aer4ft : BIOS.obj (.text:ti_sysbios_heaps_HeapMem_init__I)
                  00021cbc    0000003a     libhwa_xwr68xx.aer4f : hwa.oer4f (.text:HWA_setDMA2ACCManualTrig)
                  00021cf6    00000002     --HOLE-- [fill = 0]
                  00021cf8    0000003a     libosal_xwr68xx.aer4f : HwiP_tirtos.oer4f (.text:HwiP_delete)
                  00021d32    00000038     libcbuff_xwr68xx.aer4f : cbuff_transfer.oer4f (.text:CBUFF_addUserBufferLLEntry)
                  00021d6a    00000038                            : cbuff_transfer.oer4f (.text:CBUFF_setupHeader)
                  00021da2    00000002     --HOLE-- [fill = 0]
                  00021da4    00000038     libcli_xwr68xx.aer4f : cli_mmwave.oer4f (.text:CLI_MMWaveExtensionInit)
                  00021ddc    00000038     objdetrangehwa.oer4f (.text:DPC_ObjectDetection_deinit)
                  00021e14    00000038     libdpm_xwr68xx.aer4f : dpm_core.oer4f (.text:DPM_notifyExecute)
                  00021e4c    00000038     libedma_xwr68xx.aer4f : edma_low_level.oer4f (.text:EDMA3ClrMissEvt)
                  00021e84    00000038     libuart_xwr68xx.aer4f : UART.oer4f (.text:UART_init)
                  00021ebc    00000036     libmmwavelink_xwr68xx.aer4f : rl_controller.oer4f (.text:rlAppendSubBlock)
                  00021ef2    00000036     rtsv7R4_T_le_v3D16_eabi.lib : strncpy.obj (.text)
                  00021f28    00000034     libadcbuf_xwr68xx.aer4f : ADCBuf.oer4f (.text:ADCBuf_open)
                  00021f5c    00000034     libedma_xwr68xx.aer4f : edma.oer4f (.text:EDMA_configTransferControllerError)
                  00021f90    00000034     libhwa_xwr68xx.aer4f : hwa.oer4f (.text:HWA_disableDoneInterrupt)
                  00021fc4    00000034     libmmwave_xwr68xx.aer4f : mmwave_link.oer4f (.text:MMWave_mboxWrite)
                  00021ff8    00000034     libsoc_xwr68xx.aer4f : soc_xwr68xx.oer4f (.text:SOC_enableHWA)
                  0002202c    00000034                          : soc_xwr68xx_mss.oer4f (.text:SOC_hasDSPCore)
                  00022060    00000034                          : soc_xwr68xx.oer4f (.text:SOC_setMMWaveDSSLinkState)
                  00022094    00000034                          : soc_xwr68xx.oer4f (.text:SOC_setMMWaveMSSLinkState)
                  000220c8    00000034                          : soc_xwr68xx.oer4f (.text:SOC_setMSSLinkState)
                  000220fc    00000034     libuart_xwr68xx.aer4f : UART.oer4f (.text:UART_open)
                  00022130    00000034     sysbios.aer4ft : BIOS.obj (.text:ti_sysbios_family_arm_a15_TimestampProvider_get64__E)
                  00022164    00000034     mmw_mss_per4ft.oer4ft (.text:ti_sysbios_knl_Semaphore_create)
                  00022198    00000032     libcrc_xwr68xx.aer4f : crc.oer4f (.text:CRC_getCRCDataSelectBitValue)
                  000221ca    00000002     --HOLE-- [fill = 0]
                  000221cc    00000032                          : crc.oer4f (.text:CRC_getCRCTypeBitValue)
                  000221fe    00000032     libedma_xwr68xx.aer4f : edma.oer4f (.text:EDMA_configQueueThreshold)
                  00022230    00000032     libhwa_xwr68xx.aer4f : hwa.oer4f (.text:HWA_allParamDoneISR)
                  00022262    0000000e     rtsv7R4_T_le_v3D16_eabi.lib : copy_decompress_none.obj (.text:decompress:none)
                  00022270    00000032     sysbios.aer4ft : BIOS.obj (.text:ti_sysbios_hal_Hwi_initStack)
                  000222a2    00000002     --HOLE-- [fill = 0]
                  000222a4    00000030     libadcbuf_xwr68xx.aer4f : ADCBuf.oer4f (.text:ADCBuf_init)
                  000222d4    00000030     libcbuff_xwr68xx.aer4f : cbuff_transfer.oer4f (.text:CBUFF_addCQLLEntry)
                  00022304    00000030     libmmwave_xwr68xx.aer4f : mmwave_listlib.oer4f (.text:MMWave_listRemoveNode)
                  00022334    00000030     libsoc_xwr68xx.aer4f : soc.oer4f (.text:SOC_getDevicePartNumber)
                  00022364    00000030                          : soc.oer4f (.text:SOC_haltBSS)
                  00022394    00000030     libmmwavelink_xwr68xx.aer4f : rl_sensor.oer4f (.text:rlSensorStart)
                  000223c4    00000030     mmw_mss_per4ft.oer4ft (.text:ti_sysbios_BIOS_startFunc__I)
                  000223f4    0000000a     libosal_xwr68xx.aer4f : SemaphoreP_tirtos.oer4f (.text:SemaphoreP_post)
                  000223fe    00000002     --HOLE-- [fill = 0]
                  00022400    00000030     sysbios.aer4ft : BIOS.obj (.text:ti_sysbios_family_arm_TaskSupport_start__E)
                  00022430    00000030     mmw_mss_per4ft.oer4ft (.text:ti_sysbios_gates_GateHwi_Object__create__S)
                  00022460    00000030     mmw_mss_per4ft.oer4ft (.text:ti_sysbios_gates_GateMutex_Object__create__S)
                  00022490    00000030     mmw_mss_per4ft.oer4ft (.text:ti_sysbios_heaps_HeapMem_Object__create__S)
                  000224c0    00000030     sysbios.aer4ft : BIOS.obj (.text:ti_sysbios_heaps_HeapMem_free__E)
                  000224f0    00000030     mmw_mss_per4ft.oer4ft (.text:ti_sysbios_knl_Semaphore_construct)
                  00022520    0000002f     sysbios.aer4ft : BIOS.obj (.text:xdc_runtime_Text_printVisFxn__I)
                  0002254f    00000001     --HOLE-- [fill = 0]
                  00022550    0000002e     libdpm_xwr68xx.aer4f : dpm_msg.oer4f (.text:DPM_msgStartHandler)
                  0002257e    0000002e     objdetrangehwa.oer4f (.text:_DPC_Objdet_Assert)
                  000225ac    00000004     mmw_mss_per4ft.oer4ft (.text:xdc_runtime_System_Module_GateProxy_enter__E)
                  000225b0    0000002e     sysbios.aer4ft : BIOS.obj (.text:ti_sysbios_knl_Semaphore_pendTimeout__I)
                  000225de    0000002e     mmw_mss_per4ft.oer4ft (.text:ti_sysbios_rts_MemAlloc_alloc)
                  0002260c    0000002c     libdpm_xwr68xx.aer4f : dpm_pipe.oer4f (.text:DPM_pipeInit)
                  00022638    0000002c     libedma_xwr68xx.aer4f : edma.oer4f (.text:EDMA_validate_channelIdchannelType)
                  00022664    0000002c     libgpio_xwr68xx.aer4f : gpio.oer4f (.text:GPIO_HighPriorityISR)
                  00022690    0000002c                           : gpio.oer4f (.text:GPIO_LowPriorityISR)
                  000226bc    0000002c     libmmwave_xwr68xx.aer4f : mmwave_osal.oer4f (.text:MMWave_osalMutexCreate)
                  000226e8    0000002c                             : mmwave_osal.oer4f (.text:MMWave_osalSemCreate)
                  00022714    0000002c     libsoc_xwr68xx.aer4f : soc_xwr68xx_mss.oer4f (.text:SOC_waitBSSPowerUp)
                  00022740    0000002c     libmmwavelink_xwr68xx.aer4f : rl_device.oer4f (.text:rlDeviceGetMssVersion)
                  0002276c    0000002c                                 : rl_sensor.oer4f (.text:rlSensorStop)
                  00022798    0000002c     rtsv7R4_T_le_v3D16_eabi.lib : unlink.obj (.text)
                  000227c4    0000002c     mmw_mss_per4ft.oer4ft (.text:ti_sysbios_BIOS_atExitFunc__I)
                  000227f0    0000002c     mmw_mss_per4ft.oer4ft (.text:ti_sysbios_knl_Clock_doTick__I)
                  0002281c    0000002c     mmw_mss_per4ft.oer4ft (.text:ti_sysbios_knl_Queue_construct)
                  00022848    00000006     sysbios.aer4ft : a15_TimestampProvider_asm.obj (.text:ti_sysbios_family_arm_a15_TimestampProvider_get32__E)
                  0002284e    00000002     --HOLE-- [fill = 0]
                  00022850    0000002c                    : BIOS.obj (.text:ti_sysbios_timers_rti_Timer_periodicStub__E)
                  0002287c    0000002a     objdetrangehwa.oer4f (.text:DPC_ObjDetRangeHwa_MemPoolAlloc)
                  000228a6    0000002a     libdpm_xwr68xx.aer4f : dpm_pipe.oer4f (.text:DPM_pipeDeinit)
                  000228d0    0000002a     libedma_xwr68xx.aer4f : edma.oer4f (.text:EDMA_isError)
                  000228fa    0000002a     mmwdemo_adcconfig.oer4f (.text:MmwDemo_ADCBufOpen)
                  00022924    0000002a     libsoc_xwr68xx.aer4f : soc.oer4f (.text:SOC_SystemISR)
                  0002294e    0000002a     libmmwavelink_xwr68xx.aer4f : rl_device.oer4f (.text:rlDeviceGetMmWaveLinkVersion)
                  00022978    0000002a     rtsv7R4_T_le_v3D16_eabi.lib : strspn.obj (.text)
                  000229a2    00000002     --HOLE-- [fill = 0]
                  000229a4    00000028     libcbuff_xwr68xx.aer4f : cbuff.oer4f (.text:CBUFF_ErrorISR)
                  000229cc    00000028                            : cbuff.oer4f (.text:CBUFF_FrameStartISR)
                  000229f4    00000028     objdetrangehwa.oer4f (.text:DPC_ObjDetRangeHwa_reconfigSubFrame)
                  00022a1c    00000028     libdpm_xwr68xx.aer4f : dpm_mailbox.oer4f (.text:DPM_mboxDeinit)
                  00022a44    00000028                          : dpm_msg.oer4f (.text:DPM_msgInitHeader)
                  00022a6c    00000028     librangeproc_hwa_xwr68xx.aer4f : rangeprochwa.oer4f (.text:DPU_RangeProcHWA_deinit)
                  00022a94    00000028     libmailbox_xwr68xx.aer4f : mailbox.oer4f (.text:Mailbox_Config_init)
                  00022abc    00000028     libqspiflash_xwr68xx.aer4f : qspiflash.oer4f (.text:QSPIFlash_getExtFlashAddr)
                  00022ae4    00000028     libuart_xwr68xx.aer4f : uartsci_dma.oer4f (.text:UartSci_RxDMACallbackFxn)
                  00022b0c    00000028                           : uartsci_dma.oer4f (.text:UartSci_TxDMACallbackFxn)
                  00022b34    00000028     mmwdemo_flash.oer4f (.text:mmwDemo_flashEraseOneSector)
                  00022b5c    00000028     libmmwavelink_xwr68xx.aer4f : rl_driver.oer4f (.text:rlDriverConstructInMsg)
                  00022b84    00000028     rtsv7R4_T_le_v3D16_eabi.lib : lseek.obj (.text)
[...]
000253e0  ti_sysbios_knl_Task_Module__loggerFxn2__C                            
000253e4  ti_sysbios_knl_Task_Module__loggerFxn4__C                            
000253e8  ti_sysbios_knl_Task_Module__loggerObj__C                             
000253ec  ti_sysbios_knl_Task_Object__count__C                                 
000253f0  ti_sysbios_knl_Task_Object__heap__C                                  
000253f4  ti_sysbios_knl_Task_allBlockedFunc__C                                
000253f8  ti_sysbios_knl_Task_defaultStackHeap__C                              
000253fc  ti_sysbios_knl_Task_defaultStackSize__C                              
00025400  ti_sysbios_knl_Task_numConstructedTasks__C                           
00025404  ti_sysbios_timers_rti_Timer_E_cannotSupport__C                       
00025408  ti_sysbios_timers_rti_Timer_Module__diagsEnabled__C                  
0002540c  ti_sysbios_timers_rti_Timer_Module__diagsIncluded__C                 
00025410  ti_sysbios_timers_rti_Timer_Module__diagsMask__C                     
00025414  ti_sysbios_timers_rti_Timer_numTimerDevices__C                       
00025418  ti_sysbios_timers_rti_Timer_startupNeeded__C                         
0002541c  ti_sysbios_utils_Load_LS_cpuLoad__C                                  
00025420  ti_sysbios_utils_Load_LS_taskLoad__C                                 
00025424  ti_sysbios_utils_Load_Module_State_taskList__O                       
00025428  ti_sysbios_utils_Load_Module__diagsEnabled__C                        
0002542c  ti_sysbios_utils_Load_Module__diagsIncluded__C                       
00025430  ti_sysbios_utils_Load_Module__diagsMask__C                           
00025434  ti_sysbios_utils_Load_Module__loggerFxn1__C                          
00025438  ti_sysbios_utils_Load_Module__loggerFxn4__C                          
0002543c  ti_sysbios_utils_Load_Module__loggerObj__C                           
00025440  ti_sysbios_utils_Load_postUpdate__C                                  
00025444  ti_sysbios_utils_Load_windowInMs__C                                  
00025448  xdc_runtime_Assert_E_assertFailed__C                                 
0002544c  xdc_runtime_Core_A_initializedParams__C                              
00025450  xdc_runtime_Core_Module__diagsEnabled__C                             
00025454  xdc_runtime_Core_Module__diagsIncluded__C                            
00025458  xdc_runtime_Core_Module__diagsMask__C                                
0002545c  xdc_runtime_Error_E_memory__C                                        
00025460  xdc_runtime_Error_Module__diagsEnabled__C                            
00025464  xdc_runtime_Error_Module__diagsIncluded__C                           
00025468  xdc_runtime_Error_Module__diagsMask__C                               
0002546c  xdc_runtime_Error_Module__loggerFxn8__C                              
00025470  xdc_runtime_Error_Module__loggerObj__C                               
00025474  xdc_runtime_Error_policyFxn__C                                       
00025478  xdc_runtime_Error_policy__C                                          
0002547c  xdc_runtime_Error_raiseHook__C                                       
00025480  xdc_runtime_IFilterLogger_Interface__BASE__C                         
00025484  xdc_runtime_IGateProvider_Interface__BASE__C                         
00025488  xdc_runtime_IHeap_Interface__BASE__C                                 
0002548c  xdc_runtime_ILogger_Interface__BASE__C                               
00025490  xdc_runtime_IModule_Interface__BASE__C                               
00025494  xdc_runtime_Log_L_error__C                                           
00025498  xdc_runtime_LoggerBuf_E_badLevel__C                                  
0002549c  xdc_runtime_LoggerBuf_Module__gateObj__C                             
000254a0  xdc_runtime_LoggerBuf_Object__count__C                               
000254a4  xdc_runtime_LoggerBuf_statusLogger__C                                
000254a8  xdc_runtime_Main_Module__diagsEnabled__C                             
000254ac  xdc_runtime_Main_Module__diagsIncluded__C                            
000254b0  xdc_runtime_Main_Module__diagsMask__C                                
000254b4  xdc_runtime_Main_Module__loggerFxn1__C                               
000254b8  xdc_runtime_Main_Module__loggerFxn2__C                               
000254bc  xdc_runtime_Main_Module__loggerFxn4__C                               
000254c0  xdc_runtime_Main_Module__loggerObj__C                                
000254c4  xdc_runtime_Memory_defaultHeapInstance__C                            
000254c8  xdc_runtime_Startup_execImpl__C                                      
000254cc  xdc_runtime_Startup_maxPasses__C                                     
000254d0  xdc_runtime_Startup_sfxnRts__C                                       
000254d4  xdc_runtime_Startup_sfxnTab__C                                       
000254d8  xdc_runtime_System_Module__gateObj__C                                
000254dc  xdc_runtime_System_abortFxn__C                                       
000254e0  xdc_runtime_System_exitFxn__C                                        
000254e4  xdc_runtime_System_extendFxn__C                                      
000254e8  xdc_runtime_System_maxAtexitHandlers__C                              
000254ec  xdc_runtime_Text_charTab__C                                          
000254f0  xdc_runtime_Text_nameEmpty__C                                        
000254f4  xdc_runtime_Text_nameStatic__C                                       
000254f8  xdc_runtime_Text_nameUnknown__C                                      
000254fc  xdc_runtime_Text_visitRopeFxn__C                                     
00025500  ti_sysbios_family_arm_v7r_tms570_Core_Module__id__C                  
00025502  ti_sysbios_family_arm_v7r_vim_Hwi_Module__id__C                      
00025504  ti_sysbios_family_arm_v7r_vim_Hwi_Module__loggerDefined__C           
00025506  ti_sysbios_gates_GateMutex_Module__id__C                             
00025508  ti_sysbios_hal_Hwi_Module__id__C                                     
0002550a  ti_sysbios_heaps_HeapMem_Module__id__C                               
0002550c  ti_sysbios_knl_Clock_Module__id__C                                   
0002550e  ti_sysbios_knl_Clock_Module__loggerDefined__C                        
00025510  ti_sysbios_knl_Semaphore_Module__id__C                               
00025512  ti_sysbios_knl_Semaphore_Module__loggerDefined__C                    
00025514  ti_sysbios_knl_Task_Module__id__C                                    
00025516  ti_sysbios_knl_Task_Module__loggerDefined__C                         
00025518  ti_sysbios_timers_rti_Timer_Module__id__C                            
0002551a  ti_sysbios_timers_rti_Timer_continueOnSuspend__C                     
0002551c  ti_sysbios_utils_Load_Module__id__C                                  
0002551e  ti_sysbios_utils_Load_Module__loggerDefined__C                       
00025520  ti_sysbios_utils_Load_autoAddTasks__C                                
00025522  ti_sysbios_utils_Load_updateInIdle__C                                
00025524  xdc_runtime_Core_Module__id__C                                       
00025526  xdc_runtime_Error_Module__loggerDefined__C                           
00025528  xdc_runtime_Error_maxDepth__C                                        
0002552a  xdc_runtime_LoggerBuf_Module__id__C                                  
0002552c  xdc_runtime_LoggerBuf_filterByLevel__C                               
0002552e  xdc_runtime_Main_Module__id__C                                       
00025530  xdc_runtime_Main_Module__loggerDefined__C                            
00025532  xdc_runtime_Memory_Module__id__C                                     
00025534  xdc_runtime_Text_charCnt__C                                          
00025536  xdc_runtime_Text_isLoaded__C                                         
00025538  xdc_runtime_Text_registryModsLastId__C                               
0002553a  xdc_runtime_Text_unnamedModsLastId__C                                
00025a6c  __TI_Handler_Table_Base                                              
00025a78  __TI_Handler_Table_Limit                                             
00025aa0  __TI_CINIT_Base                                                      
00025ad0  __TI_CINIT_Limit                                                     
08000000  ti_sysbios_heaps_HeapMem_Instance_State_0_buf__A                     
08008000  xdc_runtime_LoggerBuf_Instance_State_0_entryArr__A                   
08009900  ti_sysbios_family_arm_exc_Exception_Module_State_0_excStack_0__A     
0800a900  edmaDbg                                                              
0800b008  ti_sysbios_knl_Task_Instance_State_0_stack__A                        
0800b328  gCLI                                                                 
0800b4d0  gGPIOMCB                                                             
0800b664  __CIOBUF_                                                            
0800b784  gMMWave_MCB                                                          
0800b884  __TI_tmpnams                                                         
0800b924  MSS_RCM_CLKDIVCTL0_save                                              
0800b928  gHSIHeaderMCB                                                        
0800b9b8  gEsmMCB                                                              
0800ba28  gMmwDemoFlash                                                        
0800ba34  gMMWave_DualcoreMCB                                                  
0800ba3c  parmbuf                                                              
0800ba44  MSS_RCM_CLKSRCSEL0_save                                              
0800ba48  MSS_RCM_CLKSRCSEL1_save                                              
0800ba4c  MSS_TOPRCM_CLKDIV_save                                               
0800ba50  MSS_TOPRCM_CLKSRCSEL_save                                            
0800ba54  gObjDetObj                                                           
0800ba58  ti_sysbios_knl_Task_Instance_State_0_hookEnv__A                      
0800ba60  gRFLdoBypassCfg                                                      
0800ba64  gtsIdx                                                               
0800ba68  gts                                                                  
0800bbf8  gCalibDataStorage                                                    
0800c058  gMmwMssMCB                                                           
0800c888  rl_txMsg                                                             
0800c988  rl_rxMsg                                                             
0800cc70  gCLI_mmwave_freq_scale_factor                                        
0800cc78  gCLIMMWaveOpenCfg                                                    
0800cca0  gCLIMMWaveExtensionTable                                             
0800cd48  gCLIMMWaveControlCfg                                                 
0800ce14  partInfoStringArray                                                  
0800cff8  ti_sysbios_family_arm_v7r_vim_Hwi_Module_State_0_dispatchTable__A    
0800d1f8  _ftable                                                              
0800d2e8  ti_sysbios_utils_Load_Module__state__V                               
0800d380  ti_sysbios_knl_Task_Module_State_0_readyQ__A                         
0800d400  _device                                                              
0800d478  gCBUFFHwAttribute                                                    
0800d4f0  ti_sysbios_knl_Task_Object__table__V                                 
0800d54c  gUartSciHwCfg                                                        
0800d5a4  _stream                                                              
0800d5f4  gMailboxMCB                                                          
0800d644  ti_sysbios_knl_Task_Module__state__V                                 
0800d68c  SOC_TranslateAddr_LUT                                                
0800d6cc  ti_sysbios_gates_GateMutex_Object__table__V                          
0800d70c  ti_sysbios_timers_rti_Timer_Object__table__V                         
0800d748  gCBUFFInterfaceFxn                                                   
0800d780  ti_sysbios_family_arm_v7r_vim_Hwi_Module__state__V                   
0800d7b4  gHWAHwCfg                                                            
0800d7e4  ti_sysbios_family_arm_v7r_vim_Hwi_Object__table__V                   
0800d810  ti_sysbios_knl_Clock_Module__state__V                                
0800d83c  gUartSciFxnTable                                                     
0800d864  UART_config                                                          
0800d888  gDPC_ObjDetRangeHWACfg                                               
0800d8ac  ti_sysbios_BIOS_Module__state__V                                     
0800d8d0  xdc_runtime_LoggerBuf_Object__table__V                               
0800d8f4  gHWADriverPtr                                                        
0800d8f8  gSOCHwAttrib                                                         
0800d918  ti_sysbios_knl_Clock_Object__table__V                                
0800d938  xdc_runtime_Error_IgnoreBlock                                        
0800d958  xdc_runtime_System_Module_State_0_atexitHandlers__A                  
0800d978  ti_sysbios_utils_Load_Module_State_0_taskEnv__A                      
0800d994  ADCBuf_config                                                        
0800d9ac  gInterleavedTransferFxn                                              
0800d9c4  gMailboxMssBssHwCfg                                                  
0800d9dc  gMailboxMssDssHwCfg                                                  
0800d9f4  gMultipleChirpNonInterleavedTransferFxn                              
0800da0c  gNonInterleavedTransferFxn                                           
0800da24  ti_sysbios_heaps_HeapMem_Object__table__V                            
0800da3c  ti_sysbios_timers_rti_Timer_Module_State_0_device__A                 
0800da54  gDPMRemoteTable                                                      
0800da68  ti_sysbios_family_arm_exc_Exception_Module__state__V                 
0800da7c  gHwaEDMAChanMapping                                                  
0800da8c  gQSPIHwCfg                                                           
0800da9c  __TI_ft_end                                                          
0800daa0  __aeabi_stdin                                                        
0800daa4  __aeabi_stdout                                                       
0800daa8  __aeabi_stderr                                                       
0800daac  ti_sysbios_timers_rti_Timer_Module_State_0_intFreqs__A               
0800dabc  ti_sysbios_timers_rti_Timer_Module__state__V                         
0800dacc  __TI_cleanup_ptr                                                     
0800dad0  __TI_dtors_ptr                                                       
0800dad4  __TI_enable_exit_profile_output                                      
0800dad8  gESMHwCfgAttrs                                                       
0800dae4  ti_sysbios_family_arm_v7a_Pmu_Module__state__V                       
0800daf0  ti_sysbios_knl_Task_Module__root__V                                  
0800dafc  _lock                                                                
0800db00  _unlock                                                              
0800db04  MmwDemo_RFParserHwCfg                                                
0800db0c  QSPIFlash_deviceFxnTbl_macronix                                      
0800db14  QSPIFlash_deviceFxnTbl_spansion                                      
0800db1c  gDPMHwAttrib                                                         
0800db24  gGPIOHwAtrrib                                                        
0800db2c  ti_sysbios_family_arm_v7r_vim_Hwi_Module__root__V                    
0800db34  ti_sysbios_gates_GateHwi_Module__root__V                             
0800db3c  ti_sysbios_gates_GateMutex_Module__root__V                           
0800db44  ti_sysbios_hal_Hwi_Object__table__V                                  
0800db4c  ti_sysbios_heaps_HeapMem_Module__root__V                             
0800db54  ti_sysbios_knl_Queue_Module__root__V                                 
0800db5c  ti_sysbios_knl_Semaphore_Module__root__V                             
0800db64  ti_sysbios_timers_rti_Timer_Module_State_0_handles__A                
0800db6c  xdc_runtime_LoggerBuf_Module__root__V                                
0800db74  xdc_runtime_Registry_Module__state__V                                
0800db7c  xdc_runtime_Startup_Module__state__V                                 
0800db84  xdc_runtime_System_Module__state__V                                  
0800db8c  xdc_runtime_LoggerBuf_Module__state__V                               
0800db92  ti_sysbios_family_arm_exc_Exception_Module_State_0_excActive__A      
0800db94  gQSPIFlashHwCfg                                                      
0800db9c  gCRCRegister                                                         
0800dba0  gDPM                                                                 
0800dba4  regionId                                                             
0800dba8  gPinmuxRegs                                                          
0800dbac  gQSPIDriverPtr                                                       
0800dbb4  errno                                                                
0800dbc0  main_func_sp                                                         
0800dbc8  ti_sysbios_family_arm_a15_TimestampProvider_Module__state__V         
0800dbcc  ti_sysbios_family_arm_exc_Exception_Module_State_0_excContext__A     
0800dbd0  ti_sysbios_family_arm_exc_Exception_Module_State_0_excStackBuffers__A
0800dbd4  ti_sysbios_family_arm_exc_Exception_Module_State_0_excStack__A       
0800dbd8  ti_sysbios_gates_GateHwi_Object__table__V                            
0800dbdc  ti_sysbios_heaps_HeapBuf_Module__state__V                            
0800dbe0  ti_sysbios_knl_Task_Module_State_0_idleTask__A                       
0800dbe4  ti_sysbios_utils_Load_Module_State_0_runningTask__A                  
0800dbe8  ti_sysbios_utils_Load_Module_State_0_taskStartTime__A                
0800dbec  xdc_runtime_Memory_Module__state__V                                  
0800dbf0  xdc_runtime_Error_Module__state__V                                   
0800dbf2  xdc_runtime_Main_Module__root__V                                     
0800dbf4  gDPCTCM                                                              
0800ebf8  ti_sysbios_family_arm_v7r_vim_Hwi_Module_State_0_fiqStack__A         
0800f3f8  __stack                                                              
0800fbf8  __STACK_END                                                          
51000000  gMmwL3                                                               
fffffdec  ti_sysbios_family_arm_v7r_vim_Hwi_vim                                
ffffffff  __TI_pprof_out_hndl                                                  
ffffffff  __TI_prof_data_size                                                  
ffffffff  __TI_prof_data_start                                                 
ffffffff  __binit__                                                            
ffffffff  __c_args__                                                           
ffffffff  binit                                                                
UNDEFED   SHT$$INIT_ARRAY$$Base                                                
UNDEFED   SHT$$INIT_ARRAY$$Limit                                               

[1216 symbols]
